[eval_comparison] ckpt=runs/v20_syncM_20260816_000500/ckpt_best.pt splits=['hybrid', 'corridor', 'complex'] agents=[2, 4] device=cuda:0
cell                  max_dist   steps  explored  success   conn   union
Warp 1.15.0 initialized:
   CUDA Toolkit 12.9, Driver 13.2
   Devices:
     "cpu"      : "x86_64"
     "cuda:0"   : "NVIDIA GeForce RTX 5080 Laptop GPU" (15 GiB, sm_120, mempool enabled)
   Kernel cache:
     /root/.cache/warp/1.15.0
Module env.world_warp c2cac31 load on device 'cuda:0' took 2.77 ms  (cached)
[ckpt] arch: n_layers=6 d=128 n_heads=4 n_agents=2 use_gru=False (detected layers=6, d=128)
  [hybrid M=2] 25/100 maps
  [hybrid M=2] 50/100 maps
  [hybrid M=2] 75/100 maps
  [hybrid M=2] 100/100 maps
hybrid_M2                 2116    97.2     0.998     0.99   0.95   0.998   → marlauder_hybrid_M2_v20_final.csv
[ckpt] arch: n_layers=6 d=128 n_heads=4 n_agents=4 use_gru=False (detected layers=6, d=128)
  [hybrid M=4] 25/100 maps
  [hybrid M=4] 50/100 maps
  [hybrid M=4] 75/100 maps
  [hybrid M=4] 100/100 maps
hybrid_M4                 1675    73.8     0.999     1.00   0.72   0.999   → marlauder_hybrid_M4_v20_final.csv
[ckpt] arch: n_layers=6 d=128 n_heads=4 n_agents=2 use_gru=False (detected layers=6, d=128)
  [corridor M=2] 25/100 maps
  [corridor M=2] 50/100 maps
  [corridor M=2] 75/100 maps
  [corridor M=2] 100/100 maps
corridor_M2               3602   191.4     0.919     0.49   0.65   0.963   → marlauder_corridor_M2_v20_final.csv
[ckpt] arch: n_layers=6 d=128 n_heads=4 n_agents=4 use_gru=False (detected layers=6, d=128)
  [corridor M=4] 25/100 maps
  [corridor M=4] 50/100 maps
  [corridor M=4] 75/100 maps
  [corridor M=4] 100/100 maps
corridor_M4               3316   175.1     0.986     0.84   0.65   0.998   → marlauder_corridor_M4_v20_final.csv
[ckpt] arch: n_layers=6 d=128 n_heads=4 n_agents=2 use_gru=False (detected layers=6, d=128)
  [complex M=2] 25/100 maps
  [complex M=2] 50/100 maps
  [complex M=2] 75/100 maps
  [complex M=2] 100/100 maps
complex_M2                7683   382.6     0.679     0.05   0.12   0.843   → marlauder_complex_M2_v20_final.csv
[ckpt] arch: n_layers=6 d=128 n_heads=4 n_agents=4 use_gru=False (detected layers=6, d=128)
  [complex M=4] 25/100 maps
  [complex M=4] 50/100 maps
run_ir2_comparison_marlauder.sh: line 37:   210 Killed                  python scripts/eval_comparison.py --ckpt "${CKPT}" --splits hybrid corridor complex --agents 2 4 --comm-relay --tag "${TAG}"
