[eval_comparison] ckpt=runs/v20_syncM_20260816_000500/ckpt_best.pt splits=['hybrid', 'corridor', 'complex'] agents=[2, 4] device=cuda:0
cell                  max_dist   steps  explored  success   conn   union
[hybrid M=2] PROTOCOL v2 — per-map budget from IR2: mean 3421 px, range [1645, 5859]; step cap 734 = safety net (IR2 native was 196)
Warp 1.15.0 initialized:
   CUDA Toolkit 12.9, Driver 13.2
   Devices:
     "cpu"      : "x86_64"
     "cuda:0"   : "NVIDIA GeForce RTX 5080 Laptop GPU" (15 GiB, sm_120, mempool enabled)
   Kernel cache:
     /root/.cache/warp/1.15.0
Module env.world_warp c2cac31 load on device 'cuda:0' took 0.57 ms  (cached)
[ckpt] arch: n_layers=6 d=128 n_heads=4 n_agents=2 use_gru=False (detected layers=6, d=128)
  [hybrid M=2] 25/100 maps
  [hybrid M=2] 50/100 maps
  [hybrid M=2] 75/100 maps
  [hybrid M=2] 100/100 maps
  start parity: offset from IR2 positions after lattice snap — mean 6.69 px, worst agent 17.49 px
hybrid_M2                 1858    95.2     0.996     0.97   0.95   0.999   → marlauder_hybrid_M2_v20_v2.csv
[hybrid M=4] PROTOCOL v2 — per-map budget from IR2: mean 2371 px, range [1570, 3696]; step cap 462 = safety net (IR2 native was 196)
[ckpt] arch: n_layers=6 d=128 n_heads=4 n_agents=4 use_gru=False (detected layers=6, d=128)
  [hybrid M=4] 25/100 maps
  [hybrid M=4] 50/100 maps
  [hybrid M=4] 75/100 maps
  [hybrid M=4] 100/100 maps
  start parity: offset from IR2 positions after lattice snap — mean 9.10 px, worst agent 25.63 px
hybrid_M4                 1458    74.7     0.999     0.97   0.72   0.999   → marlauder_hybrid_M4_v20_v2.csv
[corridor M=2] PROTOCOL v2 — per-map budget from IR2: mean 7087 px, range [3841, 13277]; step cap 1660 = safety net (IR2 native was 196)
[ckpt] arch: n_layers=6 d=128 n_heads=4 n_agents=2 use_gru=False (detected layers=6, d=128)
  [corridor M=2] 25/100 maps
  [corridor M=2] 50/100 maps
  [corridor M=2] 75/100 maps
  [corridor M=2] 100/100 maps
  start parity: offset from IR2 positions after lattice snap — mean 5.74 px, worst agent 23.09 px
corridor_M2               3746   215.9     0.998     0.97   0.97   0.998   → marlauder_corridor_M2_v20_v2.csv
[corridor M=4] PROTOCOL v2 — per-map budget from IR2: mean 5531 px, range [3499, 13075]; step cap 1636 = safety net (IR2 native was 196)
[ckpt] arch: n_layers=6 d=128 n_heads=4 n_agents=4 use_gru=False (detected layers=6, d=128)
  [corridor M=4] 25/100 maps
  [corridor M=4] 50/100 maps
  [corridor M=4] 75/100 maps
  [corridor M=4] 100/100 maps
  start parity: offset from IR2 positions after lattice snap — mean 8.15 px, worst agent 23.35 px
corridor_M4               3152   181.3     0.999     0.98   0.66   0.999   → marlauder_corridor_M4_v20_v2.csv
[complex M=2] PROTOCOL v2 — per-map budget from IR2: mean 17608 px, range [8469, 27266]; step cap 3410 = safety net (IR2 native was 384)
[ckpt] arch: n_layers=6 d=128 n_heads=4 n_agents=2 use_gru=False (detected layers=6, d=128)
  [complex M=2] 25/100 maps
  [complex M=2] 50/100 maps
  [complex M=2] 75/100 maps
  [complex M=2] 100/100 maps
  start parity: offset from IR2 positions after lattice snap — mean 6.48 px, worst agent 15.52 px
complex_M2               11470   620.4     0.983     0.85   0.81   0.992   → marlauder_complex_M2_v20_v2.csv
[complex M=4] PROTOCOL v2 — per-map budget from IR2: mean 13723 px, range [5516, 25447]; step cap 3182 = safety net (IR2 native was 384)
[ckpt] arch: n_layers=6 d=128 n_heads=4 n_agents=4 use_gru=False (detected layers=6, d=128)
  [complex M=4] 25/100 maps
  [complex M=4] 50/100 maps
  [complex M=4] 75/100 maps
  [complex M=4] 100/100 maps
  start parity: offset from IR2 positions after lattice snap — mean 6.62 px, worst agent 18.11 px
complex_M4                8566   459.4     0.984     0.82   0.43   0.998   → marlauder_complex_M4_v20_v2.csv

[eval_comparison] done. Aggregate against IR2 with:
  python eval/comparison/analyze.py --tag v20_v2
