[eval_comparison] ckpt=runs/v16_difficult_20260803_135950/ckpt_best.pt splits=['hybrid', 'corridor', 'complex'] agents=[2, 4] device=cuda:0
cell                  max_dist   steps  explored  success   conn   union
[hybrid M=2] PROTOCOL v2 — per-map budget from IR2: mean 3421 px, range [1645, 5859]; step cap 734 = safety net (IR2 native was 196)
Warp 1.15.0 initialized:
   CUDA Toolkit 12.9, Driver 13.2
   Devices:
     "cpu"      : "x86_64"
     "cuda:0"   : "NVIDIA GeForce RTX 5080 Laptop GPU" (15 GiB, sm_120, mempool enabled)
   Kernel cache:
     /root/.cache/warp/1.15.0
Module env.world_warp c2cac31 load on device 'cuda:0' took 0.60 ms  (cached)
[ckpt] arch: n_layers=6 d=128 n_heads=4 n_agents=2 use_gru=False (detected layers=6, d=128)
  [hybrid M=2] 25/100 maps
  [hybrid M=2] 50/100 maps
  [hybrid M=2] 75/100 maps
  [hybrid M=2] 100/100 maps
  start parity: offset from IR2 positions after lattice snap — mean 6.69 px, worst agent 17.49 px
hybrid_M2                 1861    95.8     0.995     0.96   0.94   0.999   → marlauder_hybrid_M2_v16_v2.csv
[hybrid M=4] PROTOCOL v2 — per-map budget from IR2: mean 2371 px, range [1570, 3696]; step cap 462 = safety net (IR2 native was 196)
[ckpt] arch: n_layers=6 d=128 n_heads=4 n_agents=4 use_gru=False (detected layers=6, d=128)
  [hybrid M=4] 25/100 maps
  [hybrid M=4] 50/100 maps
  [hybrid M=4] 75/100 maps
  [hybrid M=4] 100/100 maps
  start parity: offset from IR2 positions after lattice snap — mean 9.10 px, worst agent 25.63 px
hybrid_M4                 1525    78.4     0.998     0.94   0.56   0.999   → marlauder_hybrid_M4_v16_v2.csv
[corridor M=2] PROTOCOL v2 — per-map budget from IR2: mean 7087 px, range [3841, 13277]; step cap 1660 = safety net (IR2 native was 196)
[ckpt] arch: n_layers=6 d=128 n_heads=4 n_agents=2 use_gru=False (detected layers=6, d=128)
  [corridor M=2] 25/100 maps
  [corridor M=2] 50/100 maps
  [corridor M=2] 75/100 maps
  [corridor M=2] 100/100 maps
  start parity: offset from IR2 positions after lattice snap — mean 5.74 px, worst agent 23.09 px
corridor_M2               3956   228.0     0.992     0.92   0.94   0.994   → marlauder_corridor_M2_v16_v2.csv
[corridor M=4] PROTOCOL v2 — per-map budget from IR2: mean 5531 px, range [3499, 13075]; step cap 1636 = safety net (IR2 native was 196)
[ckpt] arch: n_layers=6 d=128 n_heads=4 n_agents=4 use_gru=False (detected layers=6, d=128)
  [corridor M=4] 25/100 maps
  [corridor M=4] 50/100 maps
  [corridor M=4] 75/100 maps
  [corridor M=4] 100/100 maps
  start parity: offset from IR2 positions after lattice snap — mean 8.15 px, worst agent 23.35 px
corridor_M4               3269   187.4     0.999     0.99   0.56   1.000   → marlauder_corridor_M4_v16_v2.csv
[complex M=2] PROTOCOL v2 — per-map budget from IR2: mean 17608 px, range [8469, 27266]; step cap 3410 = safety net (IR2 native was 384)
[ckpt] arch: n_layers=6 d=128 n_heads=4 n_agents=2 use_gru=False (detected layers=6, d=128)
  [complex M=2] 25/100 maps
  [complex M=2] 50/100 maps
  [complex M=2] 75/100 maps
  [complex M=2] 100/100 maps
  start parity: offset from IR2 positions after lattice snap — mean 6.48 px, worst agent 15.52 px
complex_M2               12065   652.0     0.984     0.83   0.78   0.995   → marlauder_complex_M2_v16_v2.csv
[complex M=4] PROTOCOL v2 — per-map budget from IR2: mean 13723 px, range [5516, 25447]; step cap 3182 = safety net (IR2 native was 384)
[ckpt] arch: n_layers=6 d=128 n_heads=4 n_agents=4 use_gru=False (detected layers=6, d=128)
  [complex M=4] 25/100 maps
  [complex M=4] 50/100 maps
  [complex M=4] 75/100 maps
  [complex M=4] 100/100 maps
  start parity: offset from IR2 positions after lattice snap — mean 6.62 px, worst agent 18.11 px
complex_M4                8800   474.1     0.980     0.84   0.32   0.994   → marlauder_complex_M4_v16_v2.csv

[eval_comparison] done. Aggregate against IR2 with:
  python eval/comparison/analyze.py --tag v16_v2
