############ PHASE 1: EASY  (from scratch, travel budget 0.06, 2M steps) ############
Warp 1.15.0 initialized:
   CUDA Toolkit 12.9, Driver 13.2
   Devices:
     "cpu"      : "x86_64"
     "cuda:0"   : "NVIDIA GeForce RTX 5080 Laptop GPU" (15 GiB, sm_120, mempool enabled)
   Kernel cache:
     /root/.cache/warp/1.15.0
Module env.world_warp c2cac31 load on device 'cuda:0' took 3.72 ms  (cached)
[evalsuite] multi-split: ['hybrid']
[train] iters=244  steps/iter=8192  total≈1,998,848
[it    1/244] ep_end= 41.1%(ended=  9)  pg=+0.0224  v=1.5459  ent=1.333  kl=+0.0293  clip=40.1%  redun=0.95 stall=9% pair=0.05 sync=+0.0000(4.2/k) ownGap=0.008 sps=149(149avg)
[it    2/244] ep_end= 25.4%(ended= 29)  pg=-0.0032  v=1.4165  ent=1.370  kl=+0.0092  clip=13.8%  redun=0.93 stall=8% pair=0.06 sync=+0.0000(7.8/k) ownGap=0.014 sps=143(146avg)
[it    3/244] ep_end= 36.9%(ended= 17)  pg=-0.0012  v=1.0870  ent=1.360  kl=+0.0036  clip=6.2%  redun=0.95 stall=9% pair=0.06 sync=+0.0000(5.1/k) ownGap=0.007 sps=146(146avg)
[it    4/244] ep_end= 24.9%(ended= 24)  pg=+0.0006  v=1.1495  ent=1.377  kl=+0.0061  clip=9.6%  redun=0.96 stall=8% pair=0.05 sync=+0.0000(5.2/k) ownGap=0.010 sps=145(146avg)
[it    5/244] ep_end= 31.9%(ended= 27)  pg=-0.0015  v=0.7459  ent=1.392  kl=+0.0036  clip=6.1%  redun=0.93 stall=8% pair=0.07 sync=+0.0000(6.6/k) ownGap=0.021 sps=144(146avg)
[it    6/244] ep_end= 27.2%(ended= 16)  pg=+0.0010  v=0.8642  ent=1.396  kl=+0.0038  clip=8.2%  redun=0.94 stall=8% pair=0.06 sync=+0.0000(7.4/k) ownGap=0.013 sps=144(145avg)
[it    7/244] ep_end= 26.7%(ended= 26)  pg=-0.0016  v=0.5737  ent=1.432  kl=+0.0032  clip=6.0%  redun=0.96 stall=8% pair=0.06 sync=+0.0000(7.4/k) ownGap=0.007 sps=144(145avg)
[it    8/244] ep_end= 29.0%(ended= 29)  pg=-0.0006  v=0.7373  ent=1.423  kl=+0.0043  clip=6.7%  redun=0.95 stall=7% pair=0.07 sync=+0.0000(8.5/k) ownGap=0.012 sps=142(145avg)
[it    9/244] ep_end= 35.5%(ended= 22)  pg=-0.0016  v=0.6649  ent=1.401  kl=+0.0040  clip=6.9%  redun=0.97 stall=8% pair=0.05 sync=+0.0000(7.3/k) ownGap=0.011 sps=144(145avg)
[it   10/244] ep_end= 28.4%(ended= 30)  pg=+0.0008  v=0.5375  ent=1.369  kl=+0.0047  clip=12.2%  redun=0.99 stall=9% pair=0.04 sync=+0.0000(5.5/k) ownGap=0.002 sps=143(144avg)
[trace] auto_it0010  steps=343  explored=0.4167  → runs/v14_frontier_easy_20260730_230352/traces/auto_it0010
[inspector] auto trace captured (it=10) → inspector unlocked
[evalsuite it=  10] score=-0.468±0.203  auc=0.297  imbN=0.562  fair=0.750  conc=0.03  idle=0.98  ov=0.95  duty=0.78  succ=0.00  s90=1024  nSync=3.1  syncGap=0.022  ownAUC=0.275  scoreOwn=-0.489
[ckpt] runs/v14_frontier_easy_20260730_230352/ckpt_best.pt
[best] new best eval/score=-0.468 at it=10 → ckpt_best.pt
[it   11/244] ep_end= 32.5%(ended= 22)  pg=-0.0024  v=0.7850  ent=1.298  kl=+0.0041  clip=7.6%  redun=0.97 stall=10% pair=0.05 sync=+0.0000(4.4/k) ownGap=0.010 sps=146(145avg)
[it   12/244] ep_end= 27.4%(ended= 22)  pg=-0.0015  v=0.6730  ent=1.328  kl=+0.0023  clip=7.4%  redun=0.93 stall=8% pair=0.06 sync=+0.0000(5.4/k) ownGap=0.014 sps=145(145avg)
[it   13/244] ep_end= 26.0%(ended= 26)  pg=-0.0011  v=0.5968  ent=1.347  kl=+0.0034  clip=9.3%  redun=0.91 stall=9% pair=0.07 sync=+0.0000(4.9/k) ownGap=0.018 sps=143(145avg)
[it   14/244] ep_end= 25.0%(ended= 21)  pg=-0.0032  v=0.5041  ent=1.344  kl=+0.0054  clip=10.8%  redun=0.95 stall=9% pair=0.05 sync=+0.0000(5.9/k) ownGap=0.009 sps=144(145avg)
[it   15/244] ep_end= 24.9%(ended= 26)  pg=-0.0016  v=0.3965  ent=1.332  kl=+0.0051  clip=8.9%  redun=0.97 stall=9% pair=0.05 sync=+0.0000(5.9/k) ownGap=0.005 sps=144(145avg)
[it   16/244] ep_end= 19.3%(ended= 21)  pg=-0.0006  v=0.4819  ent=1.304  kl=+0.0048  clip=9.0%  redun=0.98 stall=9% pair=0.04 sync=+0.0000(6.3/k) ownGap=0.003 sps=144(145avg)
[it   17/244] ep_end= 24.4%(ended= 24)  pg=-0.0005  v=0.4066  ent=1.318  kl=+0.0077  clip=11.7%  redun=0.98 stall=9% pair=0.04 sync=+0.0000(6.1/k) ownGap=0.002 sps=143(144avg)
[it   18/244] ep_end= 23.3%(ended= 24)  pg=-0.0016  v=0.3696  ent=1.331  kl=+0.0033  clip=9.0%  redun=0.95 stall=7% pair=0.06 sync=+0.0000(6.8/k) ownGap=0.009 sps=142(144avg)
[it   19/244] ep_end= 26.7%(ended= 23)  pg=-0.0008  v=0.2613  ent=1.352  kl=+0.0018  clip=10.4%  redun=0.94 stall=6% pair=0.06 sync=+0.0000(9.0/k) ownGap=0.012 sps=140(144avg)
[it   20/244] ep_end= 25.7%(ended= 23)  pg=-0.0004  v=0.2455  ent=1.362  kl=+0.0044  clip=12.7%  redun=0.96 stall=7% pair=0.05 sync=+0.0000(8.1/k) ownGap=0.008 sps=143(144avg)
[evalsuite it=  20] score=-0.323±0.263  auc=0.351  imbN=0.448  fair=0.814  conc=0.03  idle=0.97  ov=0.83  duty=0.62  succ=0.00  s90=1024  nSync=2.6  syncGap=0.066  ownAUC=0.288  scoreOwn=-0.386
[ckpt] runs/v14_frontier_easy_20260730_230352/ckpt_best.pt
[best] new best eval/score=-0.323 at it=20 → ckpt_best.pt
[it   21/244] ep_end= 26.8%(ended= 22)  pg=-0.0008  v=0.1778  ent=1.354  kl=+0.0057  clip=12.9%  redun=0.98 stall=7% pair=0.04 sync=+0.0000(8.9/k) ownGap=0.003 sps=145(144avg)
[it   22/244] ep_end= 21.8%(ended= 23)  pg=-0.0022  v=0.1947  ent=1.338  kl=+0.0062  clip=13.3%  redun=0.99 stall=6% pair=0.04 sync=+0.0000(12.5/k) ownGap=0.000 sps=141(144avg)
[it   23/244] ep_end= 28.2%(ended= 30)  pg=-0.0014  v=0.1735  ent=1.307  kl=+0.0106  clip=17.1%  redun=0.97 stall=7% pair=0.05 sync=+0.0000(7.7/k) ownGap=0.005 sps=140(144avg)
[it   24/244] ep_end= 28.6%(ended= 25)  pg=-0.0030  v=0.1854  ent=1.324  kl=+0.0077  clip=15.6%  redun=0.95 stall=7% pair=0.05 sync=+0.0000(7.4/k) ownGap=0.008 sps=144(144avg)
[it   25/244] ep_end= 29.0%(ended= 27)  pg=-0.0015  v=0.1652  ent=1.335  kl=+0.0077  clip=19.6%  redun=0.96 stall=5% pair=0.06 sync=+0.0000(10.6/k) ownGap=0.007 sps=141(144avg)
[it   26/244] ep_end= 28.1%(ended= 23)  pg=+0.0011  v=0.1409  ent=1.312  kl=+0.0120  clip=23.4%  redun=0.97 stall=6% pair=0.06 sync=+0.0000(8.3/k) ownGap=0.005 sps=143(144avg)
[it   27/244] ep_end= 33.9%(ended= 28)  pg=-0.0010  v=0.1452  ent=1.270  kl=+0.0204  clip=25.7%  redun=0.96 stall=7% pair=0.06 sync=+0.0000(8.1/k) ownGap=0.008 sps=142(143avg)
[it   28/244] ep_end= 33.6%(ended= 21)  pg=+0.0007  v=0.1291  ent=1.309  kl=+0.0165  clip=26.4%  redun=0.93 stall=5% pair=0.06 sync=+0.0000(10.5/k) ownGap=0.016 sps=139(143avg)
[it   29/244] ep_end= 32.6%(ended= 29)  pg=+0.0022  v=0.1388  ent=1.301  kl=+0.0188  clip=26.5%  redun=0.92 stall=5% pair=0.07 sync=+0.0000(9.8/k) ownGap=0.018 sps=138(143avg)
[it   30/244] ep_end= 36.7%(ended= 26)  pg=-0.0019  v=0.1229  ent=1.340  kl=+0.0131  clip=22.4%  redun=0.90 stall=3% pair=0.09 sync=+0.0000(11.6/k) ownGap=0.023 sps=139(143avg)
[evalsuite it=  30] score=-0.270±0.347  auc=0.417  imbN=0.490  fair=0.788  conc=0.05  idle=0.96  ov=0.81  duty=0.57  succ=0.03  s90=997  nSync=4.0  syncGap=0.032  ownAUC=0.383  scoreOwn=-0.304
[ckpt] runs/v14_frontier_easy_20260730_230352/ckpt_best.pt
[best] new best eval/score=-0.270 at it=30 → ckpt_best.pt
[it   31/244] ep_end= 36.4%(ended= 23)  pg=-0.0032  v=0.1080  ent=1.350  kl=+0.0103  clip=21.5%  redun=0.91 stall=3% pair=0.09 sync=+0.0000(11.8/k) ownGap=0.027 sps=137(143avg)
[it   32/244] ep_end= 32.8%(ended= 28)  pg=+0.0041  v=0.1216  ent=1.345  kl=+0.0684  clip=27.3%  redun=0.92 stall=2% pair=0.13 sync=+0.0000(12.1/k) ownGap=0.024 sps=138(143avg)
[it   33/244] ep_end= 40.3%(ended= 27)  pg=-0.0046  v=0.0996  ent=1.353  kl=+0.0216  clip=17.9%  redun=0.88 stall=2% pair=0.13 sync=+0.0000(10.0/k) ownGap=0.027 sps=138(142avg)
[it   34/244] ep_end= 39.4%(ended= 21)  pg=-0.0031  v=0.0760  ent=1.319  kl=+0.0181  clip=24.5%  redun=0.88 stall=3% pair=0.12 sync=+0.0000(11.0/k) ownGap=0.026 sps=140(142avg)
[it   35/244] ep_end= 38.7%(ended= 21)  pg=-0.0051  v=0.0836  ent=1.308  kl=+0.0213  clip=22.4%  redun=0.89 stall=2% pair=0.13 sync=+0.0000(11.6/k) ownGap=0.033 sps=138(142avg)
[it   36/244] ep_end= 37.7%(ended= 30)  pg=+0.0030  v=0.0972  ent=1.328  kl=+0.0324  clip=24.8%  redun=0.92 stall=2% pair=0.12 sync=+0.0000(13.9/k) ownGap=0.022 sps=134(142avg)
[it   37/244] ep_end= 42.9%(ended= 32)  pg=-0.0047  v=0.1081  ent=1.362  kl=+0.0118  clip=22.2%  redun=0.88 stall=2% pair=0.14 sync=+0.0000(13.7/k) ownGap=0.036 sps=132(142avg)
[it   38/244] ep_end= 49.0%(ended= 24)  pg=-0.0041  v=0.0810  ent=1.355  kl=+0.0120  clip=19.7%  redun=0.82 stall=1% pair=0.16 sync=+0.0000(12.5/k) ownGap=0.043 sps=137(142avg)
[it   39/244] ep_end= 41.0%(ended= 21)  pg=-0.0063  v=0.0757  ent=1.328  kl=+0.0121  clip=19.6%  redun=0.80 stall=1% pair=0.16 sync=+0.0000(13.4/k) ownGap=0.050 sps=138(142avg)
[it   40/244] ep_end= 40.8%(ended= 29)  pg=-0.0010  v=0.0782  ent=1.301  kl=+0.0183  clip=25.2%  redun=0.89 stall=2% pair=0.13 sync=+0.0000(15.6/k) ownGap=0.031 sps=129(141avg)
[evalsuite it=  40] score=-0.286±0.267  auc=0.364  imbN=0.445  fair=0.809  conc=0.03  idle=0.97  ov=0.74  duty=0.41  succ=0.00  s90=1024  nSync=2.9  syncGap=0.067  ownAUC=0.298  scoreOwn=-0.352
[it   41/244] ep_end= 46.8%(ended= 24)  pg=-0.0027  v=0.0745  ent=1.284  kl=+0.0209  clip=23.1%  redun=0.86 stall=1% pair=0.15 sync=+0.0000(13.7/k) ownGap=0.043 sps=132(141avg)
[it   42/244] ep_end= 57.3%(ended= 27)  pg=-0.0042  v=0.0795  ent=1.315  kl=+0.0140  clip=22.9%  redun=0.86 stall=1% pair=0.15 sync=+0.0000(13.8/k) ownGap=0.051 sps=133(141avg)
[it   43/244] ep_end= 62.4%(ended= 23)  pg=-0.0048  v=0.0616  ent=1.326  kl=+0.0177  clip=23.8%  redun=0.83 stall=1% pair=0.19 sync=+0.0000(13.9/k) ownGap=0.050 sps=135(141avg)
[it   44/244] ep_end= 62.4%(ended= 32)  pg=-0.0057  v=0.0709  ent=1.345  kl=+0.0175  clip=22.9%  redun=0.84 stall=1% pair=0.17 sync=+0.0000(13.2/k) ownGap=0.050 sps=135(140avg)
[it   45/244] ep_end= 59.6%(ended= 28)  pg=-0.0046  v=0.0584  ent=1.324  kl=+0.0173  clip=23.6%  redun=0.83 stall=1% pair=0.19 sync=+0.0000(11.6/k) ownGap=0.055 sps=135(140avg)
[it   46/244] ep_end= 60.7%(ended= 16)  pg=-0.0042  v=0.0352  ent=1.240  kl=+0.0219  clip=23.0%  redun=0.84 stall=1% pair=0.18 sync=+0.0000(13.4/k) ownGap=0.056 sps=135(140avg)
[it   47/244] ep_end= 53.6%(ended= 27)  pg=-0.0060  v=0.0411  ent=1.274  kl=+0.0145  clip=21.5%  redun=0.84 stall=1% pair=0.18 sync=+0.0000(13.3/k) ownGap=0.050 sps=133(140avg)
[it   48/244] ep_end= 68.4%(ended= 28)  pg=-0.0012  v=0.0479  ent=1.306  kl=+0.0118  clip=22.5%  redun=0.85 stall=1% pair=0.19 sync=+0.0000(13.7/k) ownGap=0.056 sps=131(140avg)
[it   49/244] ep_end= 66.7%(ended= 24)  pg=-0.0052  v=0.0424  ent=1.259  kl=+0.0149  clip=20.9%  redun=0.77 stall=1% pair=0.24 sync=+0.0000(9.3/k) ownGap=0.071 sps=135(140avg)
[ckpt] runs/v14_frontier_easy_20260730_230352/ckpt_020.pt
[eval] runs/v14_frontier_easy_20260730_230352/eval_ckpt_020_m0.gif  map=340  final_explored=54.1%  frames=369
[trace] ckpt_020_m0  steps=365  explored=0.8272  → runs/v14_frontier_easy_20260730_230352/traces/ckpt_020_m0
[eval] runs/v14_frontier_easy_20260730_230352/eval_ckpt_020_m1.gif  map=254  final_explored=49.0%  frames=383
[trace] ckpt_020_m1  steps=383  explored=0.4897  → runs/v14_frontier_easy_20260730_230352/traces/ckpt_020_m1
[it   50/244] ep_end= 73.8%(ended= 32)  pg=-0.0076  v=0.0299  ent=1.268  kl=+0.0141  clip=20.4%  redun=0.73 stall=1% pair=0.24 sync=+0.0000(10.6/k) ownGap=0.097 sps=131(140avg)
[evalsuite it=  50] score=-0.048±0.217  auc=0.489  imbN=0.249  fair=0.923  conc=0.08  idle=0.94  ov=0.71  duty=0.37  succ=0.00  s90=1024  nSync=5.2  syncGap=0.054  ownAUC=0.440  scoreOwn=-0.097
[ckpt] runs/v14_frontier_easy_20260730_230352/ckpt_best.pt
[best] new best eval/score=-0.048 at it=50 → ckpt_best.pt
[it   51/244] ep_end= 83.3%(ended= 26)  pg=-0.0052  v=0.0298  ent=1.267  kl=+0.0110  clip=19.5%  redun=0.70 stall=0% pair=0.25 sync=+0.0000(9.3/k) ownGap=0.121 sps=129(139avg)
[it   52/244] ep_end= 87.1%(ended= 30)  pg=-0.0047  v=0.0202  ent=1.219  kl=+0.0198  clip=24.8%  redun=0.67 stall=0% pair=0.26 sync=+0.0000(8.7/k) ownGap=0.142 sps=129(139avg)
[it   53/244] ep_end= 85.4%(ended= 32)  pg=-0.0054  v=0.0201  ent=1.244  kl=+0.0169  clip=20.9%  redun=0.74 stall=0% pair=0.25 sync=+0.0000(9.3/k) ownGap=0.106 sps=126(139avg)
[it   54/244] ep_end= 83.7%(ended= 26)  pg=-0.0088  v=0.0132  ent=1.188  kl=+0.0188  clip=20.7%  redun=0.70 stall=0% pair=0.25 sync=+0.0000(10.7/k) ownGap=0.122 sps=126(139avg)
[it   55/244] ep_end= 87.8%(ended= 34)  pg=-0.0043  v=0.0113  ent=1.210  kl=+0.0260  clip=27.6%  redun=0.72 stall=0% pair=0.26 sync=+0.0000(9.8/k) ownGap=0.133 sps=126(138avg)
[it   56/244] ep_end= 90.7%(ended= 29)  pg=-0.0047  v=0.0084  ent=1.213  kl=+0.0273  clip=28.0%  redun=0.69 stall=1% pair=0.25 sync=+0.0000(9.9/k) ownGap=0.125 sps=129(138avg)
[it   57/244] ep_end= 86.4%(ended= 32)  pg=-0.0070  v=0.0087  ent=1.207  kl=+0.0217  clip=26.6%  redun=0.69 stall=1% pair=0.25 sync=+0.0000(10.9/k) ownGap=0.141 sps=128(138avg)
[it   58/244] ep_end= 87.5%(ended= 26)  pg=-0.0061  v=0.0064  ent=1.182  kl=+0.0209  clip=25.8%  redun=0.75 stall=0% pair=0.25 sync=+0.0000(10.9/k) ownGap=0.115 sps=127(138avg)
[it   59/244] ep_end= 89.9%(ended= 32)  pg=-0.0103  v=0.0048  ent=1.124  kl=+0.0185  clip=22.3%  redun=0.66 stall=0% pair=0.25 sync=+0.0000(8.9/k) ownGap=0.151 sps=127(138avg)
[it   60/244] ep_end= 93.6%(ended= 26)  pg=-0.0083  v=0.0034  ent=1.094  kl=+0.0158  clip=18.4%  redun=0.59 stall=0% pair=0.29 sync=+0.0000(7.6/k) ownGap=0.179 sps=129(137avg)
[evalsuite it=  60] score=-0.136±0.189  auc=0.464  imbN=0.404  fair=0.839  conc=0.06  idle=0.96  ov=0.63  duty=0.39  succ=0.00  s90=1024  nSync=4.0  syncGap=0.110  ownAUC=0.363  scoreOwn=-0.236
[it   61/244] ep_end= 95.7%(ended= 35)  pg=-0.0034  v=0.0036  ent=1.069  kl=+0.0236  clip=22.0%  redun=0.65 stall=0% pair=0.27 sync=+0.0000(8.3/k) ownGap=0.155 sps=128(137avg)
