############ PHASE 1: EASY  (from scratch, travel budget 0.06, 2M steps) ############
Warp 1.15.0 initialized:
   CUDA Toolkit 12.9, Driver 13.2
   Devices:
     "cpu"      : "x86_64"
     "cuda:0"   : "NVIDIA GeForce RTX 5080 Laptop GPU" (15 GiB, sm_120, mempool enabled)
   Kernel cache:
     /root/.cache/warp/1.15.0
Module env.world_warp c2cac31 load on device 'cuda:0' took 0.55 ms  (cached)
[evalsuite] multi-split: ['hybrid']
[train] iters=244  steps/iter=8192  total≈1,998,848
[it    1/244] ep_end= 41.5%(ended=  9)  pg=+0.0156  v=1.5622  ent=1.350  kl=+0.0256  clip=38.8%  redun=0.96 stall=9% pair=0.05 sync=+0.0000(5.2/k) ownGap=0.006 sps=152(152avg)
[it    2/244] ep_end= 22.9%(ended= 28)  pg=-0.0019  v=1.4351  ent=1.335  kl=+0.0102  clip=17.1%  redun=0.95 stall=9% pair=0.06 sync=+0.0000(5.7/k) ownGap=0.009 sps=148(150avg)
[it    3/244] ep_end= 25.8%(ended= 16)  pg=-0.0017  v=1.2964  ent=1.244  kl=+0.0040  clip=6.5%  redun=0.96 stall=12% pair=0.05 sync=+0.0000(2.0/k) ownGap=0.007 sps=150(150avg)
[it    4/244] ep_end= 20.6%(ended= 23)  pg=-0.0000  v=1.4389  ent=1.255  kl=+0.0041  clip=5.7%  redun=0.96 stall=12% pair=0.05 sync=+0.0000(1.5/k) ownGap=0.010 sps=149(150avg)
[it    5/244] ep_end= 30.5%(ended= 26)  pg=-0.0002  v=0.8670  ent=1.282  kl=+0.0026  clip=6.7%  redun=0.97 stall=11% pair=0.05 sync=+0.0000(3.5/k) ownGap=0.007 sps=147(149avg)
[it    6/244] ep_end= 26.5%(ended= 20)  pg=-0.0007  v=0.8993  ent=1.267  kl=+0.0034  clip=7.5%  redun=0.97 stall=11% pair=0.05 sync=+0.0000(2.8/k) ownGap=0.007 sps=148(149avg)
[it    7/244] ep_end= 25.0%(ended= 23)  pg=-0.0016  v=0.7151  ent=1.277  kl=+0.0046  clip=6.6%  redun=0.96 stall=10% pair=0.05 sync=+0.0000(2.6/k) ownGap=0.011 sps=148(149avg)
[it    8/244] ep_end= 28.5%(ended= 27)  pg=-0.0010  v=0.8184  ent=1.303  kl=+0.0046  clip=9.3%  redun=0.93 stall=9% pair=0.06 sync=+0.0000(3.2/k) ownGap=0.013 sps=147(149avg)
[it    9/244] ep_end= 33.6%(ended= 23)  pg=-0.0001  v=0.6022  ent=1.287  kl=+0.0048  clip=9.2%  redun=0.97 stall=10% pair=0.05 sync=+0.0000(2.9/k) ownGap=0.006 sps=149(149avg)
[it   10/244] ep_end= 29.4%(ended= 30)  pg=-0.0009  v=0.5343  ent=1.272  kl=+0.0034  clip=7.7%  redun=0.96 stall=11% pair=0.05 sync=+0.0000(3.5/k) ownGap=0.008 sps=147(148avg)
[trace] auto_it0010  steps=1024  explored=0.248  → runs/v13_travel_easy_20260730_003505/traces/auto_it0010
[inspector] auto trace captured (it=10) → inspector unlocked
[evalsuite it=  10] score=-0.424±0.202  auc=0.348  imbN=0.621  fair=0.717  conc=0.04  idle=0.98  ov=0.87  duty=0.69  succ=0.00  s90=1024  nSync=2.8  syncGap=0.045  ownAUC=0.307  scoreOwn=-0.466
[ckpt] runs/v13_travel_easy_20260730_003505/ckpt_best.pt
[best] new best eval/score=-0.424 at it=10 → ckpt_best.pt
[it   11/244] ep_end= 29.7%(ended= 21)  pg=-0.0008  v=0.6314  ent=1.222  kl=+0.0019  clip=7.5%  redun=0.97 stall=12% pair=0.04 sync=+0.0000(2.2/k) ownGap=0.012 sps=148(148avg)
[it   12/244] ep_end= 25.3%(ended= 23)  pg=-0.0007  v=0.6218  ent=1.271  kl=+0.0054  clip=9.7%  redun=0.93 stall=9% pair=0.06 sync=+0.0000(3.5/k) ownGap=0.016 sps=146(148avg)
[it   13/244] ep_end= 26.3%(ended= 22)  pg=+0.0008  v=0.4167  ent=1.332  kl=+0.0071  clip=13.0%  redun=0.92 stall=7% pair=0.07 sync=+0.0000(5.9/k) ownGap=0.017 sps=146(148avg)
[it   14/244] ep_end= 24.8%(ended= 23)  pg=-0.0021  v=0.3887  ent=1.253  kl=+0.0065  clip=10.0%  redun=0.95 stall=10% pair=0.05 sync=+0.0000(4.4/k) ownGap=0.009 sps=145(148avg)
[it   15/244] ep_end= 29.3%(ended= 30)  pg=-0.0020  v=0.3697  ent=1.271  kl=+0.0038  clip=8.9%  redun=0.95 stall=9% pair=0.06 sync=+0.0000(4.9/k) ownGap=0.008 sps=144(148avg)
[it   16/244] ep_end= 27.8%(ended= 16)  pg=-0.0008  v=0.3258  ent=1.273  kl=+0.0046  clip=9.7%  redun=0.95 stall=10% pair=0.06 sync=+0.0000(4.2/k) ownGap=0.011 sps=145(147avg)
[it   17/244] ep_end= 23.2%(ended= 24)  pg=+0.0005  v=0.2993  ent=1.267  kl=+0.0058  clip=9.8%  redun=0.98 stall=9% pair=0.05 sync=+0.0000(6.5/k) ownGap=0.005 sps=144(147avg)
[it   18/244] ep_end= 27.3%(ended= 21)  pg=-0.0004  v=0.3890  ent=1.277  kl=+0.0037  clip=11.3%  redun=0.97 stall=9% pair=0.05 sync=+0.0000(5.9/k) ownGap=0.005 sps=143(147avg)
[it   19/244] ep_end= 24.3%(ended= 25)  pg=-0.0011  v=0.2407  ent=1.304  kl=+0.0055  clip=11.7%  redun=0.95 stall=8% pair=0.05 sync=+0.0000(7.0/k) ownGap=0.014 sps=142(147avg)
[it   20/244] ep_end= 28.5%(ended= 19)  pg=-0.0015  v=0.2542  ent=1.318  kl=+0.0028  clip=8.6%  redun=0.96 stall=8% pair=0.05 sync=+0.0000(8.8/k) ownGap=0.010 sps=144(147avg)
[evalsuite it=  20] score=-0.121±0.274  auc=0.514  imbN=0.463  fair=0.805  conc=0.06  idle=0.96  ov=0.66  duty=0.38  succ=0.00  s90=976  nSync=5.0  syncGap=0.062  ownAUC=0.454  scoreOwn=-0.182
[ckpt] runs/v13_travel_easy_20260730_003505/ckpt_best.pt
[best] new best eval/score=-0.121 at it=20 → ckpt_best.pt
[it   21/244] ep_end= 22.1%(ended= 23)  pg=+0.0019  v=0.2678  ent=1.297  kl=+0.0051  clip=12.0%  redun=0.97 stall=8% pair=0.04 sync=+0.0000(9.0/k) ownGap=0.005 sps=144(146avg)
[it   22/244] ep_end= 25.6%(ended= 23)  pg=-0.0023  v=0.2054  ent=1.273  kl=+0.0028  clip=11.1%  redun=0.99 stall=9% pair=0.04 sync=+0.0000(7.0/k) ownGap=0.002 sps=145(146avg)
[it   23/244] ep_end= 33.2%(ended= 24)  pg=+0.0011  v=0.2094  ent=1.290  kl=+0.0069  clip=13.9%  redun=0.96 stall=9% pair=0.05 sync=+0.0000(7.6/k) ownGap=0.009 sps=143(146avg)
[it   24/244] ep_end= 31.5%(ended= 28)  pg=-0.0019  v=0.1595  ent=1.318  kl=+0.0075  clip=13.1%  redun=0.94 stall=7% pair=0.05 sync=+0.0000(7.7/k) ownGap=0.009 sps=142(146avg)
[it   25/244] ep_end= 35.9%(ended= 25)  pg=-0.0009  v=0.1697  ent=1.321  kl=+0.0075  clip=14.3%  redun=0.94 stall=7% pair=0.07 sync=+0.0000(8.4/k) ownGap=0.011 sps=143(146avg)
[it   26/244] ep_end= 28.8%(ended= 21)  pg=+0.0005  v=0.1468  ent=1.324  kl=+0.0075  clip=17.3%  redun=0.96 stall=7% pair=0.06 sync=+0.0000(8.3/k) ownGap=0.006 sps=144(146avg)
[it   27/244] ep_end= 28.7%(ended= 31)  pg=-0.0015  v=0.1561  ent=1.324  kl=+0.0095  clip=17.9%  redun=0.92 stall=5% pair=0.08 sync=+0.0000(7.7/k) ownGap=0.019 sps=141(146avg)
[it   28/244] ep_end= 37.0%(ended= 25)  pg=-0.0023  v=0.1757  ent=1.364  kl=+0.0065  clip=14.6%  redun=0.92 stall=5% pair=0.07 sync=+0.0000(11.7/k) ownGap=0.022 sps=139(145avg)
[it   29/244] ep_end= 38.4%(ended= 25)  pg=-0.0025  v=0.1360  ent=1.386  kl=+0.0068  clip=15.0%  redun=0.97 stall=5% pair=0.06 sync=+0.0000(13.1/k) ownGap=0.009 sps=139(145avg)
[it   30/244] ep_end= 31.9%(ended= 25)  pg=-0.0039  v=0.1145  ent=1.375  kl=+0.0065  clip=15.1%  redun=0.94 stall=5% pair=0.07 sync=+0.0000(12.6/k) ownGap=0.011 sps=140(145avg)
[evalsuite it=  30] score=+0.174±0.240  auc=0.715  imbN=0.381  fair=0.851  conc=0.07  idle=0.93  ov=0.47  duty=0.20  succ=0.00  s90=763  nSync=4.2  syncGap=0.125  ownAUC=0.594  scoreOwn=+0.054
[ckpt] runs/v13_travel_easy_20260730_003505/ckpt_best.pt
[best] new best eval/score=+0.174 at it=30 → ckpt_best.pt
[it   31/244] ep_end= 32.2%(ended= 23)  pg=-0.0041  v=0.1299  ent=1.419  kl=+0.0107  clip=17.6%  redun=0.87 stall=4% pair=0.09 sync=+0.0000(11.4/k) ownGap=0.029 sps=141(145avg)
[it   32/244] ep_end= 36.4%(ended= 29)  pg=-0.0037  v=0.1466  ent=1.446  kl=+0.0066  clip=13.4%  redun=0.93 stall=4% pair=0.08 sync=+0.0000(11.2/k) ownGap=0.015 sps=140(145avg)
[it   33/244] ep_end= 33.5%(ended= 24)  pg=-0.0041  v=0.1286  ent=1.421  kl=+0.0123  clip=19.5%  redun=0.93 stall=3% pair=0.09 sync=+0.0000(11.8/k) ownGap=0.016 sps=139(145avg)
[it   34/244] ep_end= 39.0%(ended= 29)  pg=-0.0007  v=0.1491  ent=1.459  kl=+0.0163  clip=21.5%  redun=0.87 stall=3% pair=0.11 sync=+0.0000(11.7/k) ownGap=0.041 sps=140(144avg)
[it   35/244] ep_end= 39.8%(ended= 23)  pg=-0.0053  v=0.1042  ent=1.439  kl=+0.0148  clip=19.6%  redun=0.90 stall=3% pair=0.09 sync=+0.0000(12.6/k) ownGap=0.025 sps=140(144avg)
[it   36/244] ep_end= 33.3%(ended= 26)  pg=-0.0051  v=0.1122  ent=1.442  kl=+0.0175  clip=24.8%  redun=0.92 stall=3% pair=0.10 sync=+0.0000(13.7/k) ownGap=0.027 sps=138(144avg)
[it   37/244] ep_end= 45.2%(ended= 28)  pg=-0.0052  v=0.0942  ent=1.454  kl=+0.0131  clip=20.0%  redun=0.88 stall=3% pair=0.10 sync=+0.0000(11.6/k) ownGap=0.033 sps=138(144avg)
[it   38/244] ep_end= 45.2%(ended= 25)  pg=-0.0046  v=0.0765  ent=1.452  kl=+0.0128  clip=22.9%  redun=0.87 stall=3% pair=0.12 sync=+0.0000(10.5/k) ownGap=0.040 sps=136(144avg)
[it   39/244] ep_end= 40.8%(ended= 23)  pg=-0.0075  v=0.0763  ent=1.455  kl=+0.0112  clip=20.9%  redun=0.84 stall=2% pair=0.12 sync=+0.0000(11.8/k) ownGap=0.044 sps=136(143avg)
[it   40/244] ep_end= 40.7%(ended= 27)  pg=-0.0045  v=0.0783  ent=1.490  kl=+0.0147  clip=23.0%  redun=0.83 stall=1% pair=0.14 sync=+0.0000(11.8/k) ownGap=0.045 sps=136(143avg)
[evalsuite it=  40] score=-0.160±0.194  auc=0.475  imbN=0.450  fair=0.817  conc=0.05  idle=0.96  ov=0.68  duty=0.41  succ=0.00  s90=1003  nSync=5.5  syncGap=0.091  ownAUC=0.392  scoreOwn=-0.243
[it   41/244] ep_end= 41.0%(ended= 24)  pg=-0.0024  v=0.0666  ent=1.481  kl=+0.0220  clip=25.7%  redun=0.85 stall=1% pair=0.14 sync=+0.0000(13.9/k) ownGap=0.038 sps=134(143avg)
[it   42/244] ep_end= 38.9%(ended= 29)  pg=-0.0058  v=0.0694  ent=1.515  kl=+0.0154  clip=24.5%  redun=0.87 stall=1% pair=0.13 sync=+0.0000(14.8/k) ownGap=0.037 sps=134(143avg)
[it   43/244] ep_end= 47.4%(ended= 22)  pg=-0.0032  v=0.0445  ent=1.486  kl=+0.0144  clip=23.2%  redun=0.87 stall=1% pair=0.15 sync=+0.0000(14.2/k) ownGap=0.038 sps=136(143avg)
[it   44/244] ep_end= 51.0%(ended= 32)  pg=-0.0056  v=0.0651  ent=1.484  kl=+0.0119  clip=18.1%  redun=0.77 stall=1% pair=0.19 sync=+0.0000(11.4/k) ownGap=0.075 sps=132(142avg)
[it   45/244] ep_end= 50.8%(ended= 21)  pg=-0.0061  v=0.0447  ent=1.473  kl=+0.0134  clip=21.9%  redun=0.78 stall=1% pair=0.18 sync=+0.0000(11.6/k) ownGap=0.070 sps=134(142avg)
[it   46/244] ep_end= 54.1%(ended= 26)  pg=-0.0060  v=0.0443  ent=1.451  kl=+0.0159  clip=22.4%  redun=0.78 stall=1% pair=0.16 sync=+0.0000(11.7/k) ownGap=0.064 sps=135(142avg)
[it   47/244] ep_end= 42.3%(ended= 20)  pg=-0.0051  v=0.0421  ent=1.430  kl=+0.0123  clip=22.9%  redun=0.77 stall=1% pair=0.20 sync=+0.0000(10.4/k) ownGap=0.067 sps=137(142avg)
[it   48/244] ep_end= 43.0%(ended= 25)  pg=-0.0053  v=0.0380  ent=1.443  kl=+0.0189  clip=25.3%  redun=0.74 stall=1% pair=0.19 sync=+0.0000(11.7/k) ownGap=0.084 sps=133(142avg)
[it   49/244] ep_end= 57.2%(ended= 29)  pg=-0.0040  v=0.0263  ent=1.414  kl=+0.0215  clip=27.2%  redun=0.79 stall=1% pair=0.19 sync=+0.0000(11.6/k) ownGap=0.070 sps=129(141avg)
[ckpt] runs/v13_travel_easy_20260730_003505/ckpt_020.pt
[eval] runs/v13_travel_easy_20260730_003505/eval_ckpt_020_m0.gif  map=340  final_explored=100.0%  frames=136
[trace] ckpt_020_m0  steps=134  explored=0.9917  → runs/v13_travel_easy_20260730_003505/traces/ckpt_020_m0
[eval] runs/v13_travel_easy_20260730_003505/eval_ckpt_020_m1.gif  map=254  final_explored=100.0%  frames=319
[trace] ckpt_020_m1  steps=283  explored=0.9986  → runs/v13_travel_easy_20260730_003505/traces/ckpt_020_m1
[it   50/244] ep_end= 58.5%(ended= 20)  pg=-0.0059  v=0.0200  ent=1.400  kl=+0.0167  clip=22.3%  redun=0.71 stall=1% pair=0.23 sync=+0.0000(10.4/k) ownGap=0.107 sps=132(141avg)
[evalsuite it=  50] score=+0.303±0.151  auc=0.863  imbN=0.320  fair=0.882  conc=0.15  idle=0.86  ov=0.74  duty=0.37  succ=0.78  s90=313  nSync=4.6  syncGap=0.022  ownAUC=0.834  scoreOwn=+0.273
[ckpt] runs/v13_travel_easy_20260730_003505/ckpt_best.pt
[best] new best eval/score=+0.303 at it=50 → ckpt_best.pt
[it   51/244] ep_end= 60.3%(ended= 27)  pg=-0.0024  v=0.0210  ent=1.373  kl=+0.0168  clip=26.0%  redun=0.73 stall=1% pair=0.21 sync=+0.0000(9.8/k) ownGap=0.107 sps=129(141avg)
[it   52/244] ep_end= 69.0%(ended= 26)  pg=-0.0064  v=0.0184  ent=1.321  kl=+0.0186  clip=21.4%  redun=0.75 stall=1% pair=0.23 sync=+0.0000(9.4/k) ownGap=0.111 sps=129(141avg)
[it   53/244] ep_end= 71.3%(ended= 22)  pg=-0.0031  v=0.0120  ent=1.321  kl=+0.0239  clip=26.9%  redun=0.69 stall=1% pair=0.23 sync=+0.0000(9.2/k) ownGap=0.133 sps=129(140avg)
[it   54/244] ep_end= 72.7%(ended= 29)  pg=-0.0060  v=0.0127  ent=1.348  kl=+0.0191  clip=25.6%  redun=0.77 stall=1% pair=0.20 sync=+0.0000(8.7/k) ownGap=0.103 sps=128(140avg)
[it   55/244] ep_end= 69.6%(ended= 29)  pg=-0.0029  v=0.0106  ent=1.356  kl=+0.0230  clip=27.9%  redun=0.78 stall=1% pair=0.20 sync=+0.0000(10.6/k) ownGap=0.095 sps=130(140avg)
[it   56/244] ep_end= 67.2%(ended= 31)  pg=-0.0062  v=0.0112  ent=1.335  kl=+0.0240  clip=26.7%  redun=0.84 stall=1% pair=0.15 sync=+0.0000(13.2/k) ownGap=0.060 sps=125(140avg)
[it   57/244] ep_end= 71.4%(ended= 25)  pg=-0.0055  v=0.0062  ent=1.233  kl=+0.0177  clip=24.1%  redun=0.71 stall=1% pair=0.22 sync=+0.0000(10.5/k) ownGap=0.129 sps=127(139avg)
[it   58/244] ep_end= 80.2%(ended= 26)  pg=-0.0069  v=0.0069  ent=1.212  kl=+0.0196  clip=22.5%  redun=0.60 stall=0% pair=0.27 sync=+0.0000(7.4/k) ownGap=0.178 sps=130(139avg)
[it   59/244] ep_end= 87.3%(ended= 23)  pg=-0.0076  v=0.0058  ent=1.195  kl=+0.0203  clip=21.9%  redun=0.69 stall=1% pair=0.23 sync=+0.0000(10.5/k) ownGap=0.151 sps=127(139avg)
[it   60/244] ep_end= 86.0%(ended= 26)  pg=-0.0054  v=0.0051  ent=1.160  kl=+0.0228  clip=22.7%  redun=0.72 stall=0% pair=0.27 sync=+0.0000(8.5/k) ownGap=0.120 sps=128(139avg)
[evalsuite it=  60] score=+0.177±0.213  auc=0.763  imbN=0.377  fair=0.861  conc=0.11  idle=0.91  ov=0.68  duty=0.35  succ=0.22  s90=583  nSync=5.3  syncGap=0.049  ownAUC=0.712  scoreOwn=+0.126
[it   61/244] ep_end= 94.9%(ended= 34)  pg=-0.0029  v=0.0061  ent=1.049  kl=+0.0219  clip=20.3%  redun=0.57 stall=0% pair=0.28 sync=+0.0000(7.0/k) ownGap=0.193 sps=129(139avg)
[it   62/244] ep_end= 98.1%(ended= 37)  pg=-0.0084  v=0.0046  ent=1.083  kl=+0.0194  clip=20.0%  redun=0.65 stall=0% pair=0.26 sync=+0.0000(9.8/k) ownGap=0.161 sps=126(138avg)
[it   63/244] ep_end= 92.9%(ended= 27)  pg=-0.0050  v=0.0025  ent=1.088  kl=+0.0205  clip=21.4%  redun=0.73 stall=0% pair=0.24 sync=+0.0000(10.7/k) ownGap=0.125 sps=127(138avg)
[it   64/244] ep_end= 96.2%(ended= 33)  pg=-0.0052  v=0.0024  ent=1.004  kl=+0.0174  clip=18.9%  redun=0.72 stall=0% pair=0.24 sync=+0.0000(10.4/k) ownGap=0.124 sps=127(138avg)
[it   65/244] ep_end= 96.9%(ended= 40)  pg=-0.0024  v=0.0025  ent=1.005  kl=+0.0193  clip=20.3%  redun=0.74 stall=0% pair=0.24 sync=+0.0000(11.1/k) ownGap=0.123 sps=122(138avg)
[it   66/244] ep_end= 98.7%(ended= 38)  pg=-0.0009  v=0.0024  ent=0.947  kl=+0.0289  clip=20.7%  redun=0.60 stall=0% pair=0.27 sync=+0.0000(9.5/k) ownGap=0.157 sps=124(138avg)
[it   67/244] ep_end= 99.9%(ended= 34)  pg=-0.0019  v=0.0022  ent=0.925  kl=+0.0234  clip=20.0%  redun=0.58 stall=0% pair=0.26 sync=+0.0000(8.5/k) ownGap=0.181 sps=130(137avg)
[it   68/244] ep_end= 99.2%(ended= 32)  pg=-0.0048  v=0.0018  ent=0.961  kl=+0.0232  clip=20.3%  redun=0.72 stall=0% pair=0.25 sync=+0.0000(10.9/k) ownGap=0.124 sps=124(137avg)
[it   69/244] ep_end= 98.3%(ended= 48)  pg=-0.0039  v=0.0020  ent=0.914  kl=+0.0177  clip=16.7%  redun=0.63 stall=0% pair=0.27 sync=+0.0000(8.9/k) ownGap=0.152 sps=125(137avg)
[it   70/244] ep_end= 98.9%(ended= 39)  pg=-0.0028  v=0.0015  ent=0.932  kl=+0.0147  clip=16.3%  redun=0.66 stall=0% pair=0.26 sync=+0.0000(10.3/k) ownGap=0.146 sps=123(137avg)
[evalsuite it=  70] score=+0.467±0.124  auc=0.939  imbN=0.244  fair=0.920  conc=0.19  idle=0.82  ov=0.58  duty=0.26  succ=0.94  s90=139  nSync=3.3  syncGap=0.014  ownAUC=0.911  scoreOwn=+0.439
[ckpt] runs/v13_travel_easy_20260730_003505/ckpt_best.pt
[best] new best eval/score=+0.467 at it=70 → ckpt_best.pt
[it   71/244] ep_end= 99.7%(ended= 43)  pg=+0.0007  v=0.0015  ent=0.921  kl=+0.0261  clip=20.7%  redun=0.60 stall=0% pair=0.27 sync=+0.0000(9.8/k) ownGap=0.163 sps=126(137avg)
[it   72/244] ep_end= 99.3%(ended= 45)  pg=-0.0035  v=0.0014  ent=0.891  kl=+0.0176  clip=17.5%  redun=0.65 stall=0% pair=0.25 sync=+0.0000(12.0/k) ownGap=0.139 sps=125(136avg)
[it   73/244] ep_end= 99.8%(ended= 48)  pg=-0.0002  v=0.0015  ent=0.855  kl=+0.0269  clip=17.2%  redun=0.63 stall=0% pair=0.25 sync=+0.0000(10.7/k) ownGap=0.158 sps=124(136avg)
[it   74/244] ep_end= 99.7%(ended= 50)  pg=-0.0038  v=0.0014  ent=0.860  kl=+0.0229  clip=15.5%  redun=0.61 stall=0% pair=0.26 sync=+0.0000(10.6/k) ownGap=0.156 sps=127(136avg)
[it   75/244] ep_end= 99.6%(ended= 39)  pg=-0.0039  v=0.0011  ent=0.850  kl=+0.0218  clip=15.6%  redun=0.61 stall=0% pair=0.27 sync=+0.0000(11.0/k) ownGap=0.149 sps=122(136avg)
[it   76/244] ep_end= 99.7%(ended= 49)  pg=-0.0041  v=0.0013  ent=0.898  kl=+0.0185  clip=16.7%  redun=0.66 stall=0% pair=0.26 sync=+0.0000(10.6/k) ownGap=0.140 sps=123(136avg)
[it   77/244] ep_end= 99.9%(ended= 46)  pg=-0.0043  v=0.0012  ent=0.911  kl=+0.0198  clip=17.4%  redun=0.61 stall=0% pair=0.26 sync=+0.0000(10.5/k) ownGap=0.168 sps=126(136avg)
[it   78/244] ep_end= 99.1%(ended= 47)  pg=-0.0007  v=0.0010  ent=0.874  kl=+0.0265  clip=16.9%  redun=0.57 stall=0% pair=0.27 sync=+0.0000(9.3/k) ownGap=0.180 sps=126(135avg)
[it   79/244] ep_end= 99.5%(ended= 50)  pg=-0.0079  v=0.0011  ent=0.938  kl=+0.0125  clip=14.6%  redun=0.68 stall=0% pair=0.24 sync=+0.0000(12.2/k) ownGap=0.129 sps=122(135avg)
[it   80/244] ep_end= 98.6%(ended= 36)  pg=-0.0049  v=0.0009  ent=0.890  kl=+0.0220  clip=15.8%  redun=0.63 stall=0% pair=0.24 sync=+0.0000(10.1/k) ownGap=0.144 sps=126(135avg)
[evalsuite it=  80] score=+0.441±0.099  auc=0.933  imbN=0.244  fair=0.926  conc=0.22  idle=0.81  ov=0.66  duty=0.32  succ=1.00  s90=164  nSync=3.8  syncGap=0.000  ownAUC=0.920  scoreOwn=+0.428
[it   81/244] ep_end= 99.8%(ended= 50)  pg=-0.0011  v=0.0011  ent=0.906  kl=+0.0231  clip=17.7%  redun=0.62 stall=0% pair=0.25 sync=+0.0000(10.4/k) ownGap=0.162 sps=124(135avg)
[it   82/244] ep_end= 99.6%(ended= 36)  pg=-0.0015  v=0.0008  ent=0.884  kl=+0.0259  clip=17.5%  redun=0.61 stall=0% pair=0.26 sync=+0.0000(9.0/k) ownGap=0.163 sps=126(135avg)
[it   83/244] ep_end= 99.8%(ended= 54)  pg=-0.0037  v=0.0011  ent=0.917  kl=+0.0211  clip=17.7%  redun=0.63 stall=0% pair=0.26 sync=+0.0000(10.9/k) ownGap=0.150 sps=122(135avg)
[it   84/244] ep_end= 99.6%(ended= 40)  pg=-0.0021  v=0.0009  ent=0.930  kl=+0.0244  clip=18.2%  redun=0.64 stall=0% pair=0.24 sync=+0.0000(10.5/k) ownGap=0.138 sps=123(135avg)
[it   85/244] ep_end= 99.8%(ended= 39)  pg=-0.0049  v=0.0011  ent=0.944  kl=+0.0262  clip=20.1%  redun=0.64 stall=0% pair=0.25 sync=+0.0000(12.1/k) ownGap=0.155 sps=126(134avg)
[it   86/244] ep_end= 99.6%(ended= 47)  pg=-0.0040  v=0.0009  ent=0.965  kl=+0.0286  clip=22.4%  redun=0.63 stall=0% pair=0.25 sync=+0.0000(10.7/k) ownGap=0.151 sps=124(134avg)
[it   87/244] ep_end= 99.4%(ended= 41)  pg=-0.0022  v=0.0006  ent=0.939  kl=+0.0208  clip=19.0%  redun=0.70 stall=0% pair=0.23 sync=+0.0000(11.6/k) ownGap=0.115 sps=125(134avg)
[it   88/244] ep_end= 99.6%(ended= 39)  pg=-0.0030  v=0.0006  ent=0.919  kl=+0.0232  clip=20.0%  redun=0.67 stall=0% pair=0.24 sync=+0.0000(12.0/k) ownGap=0.120 sps=124(134avg)
[it   89/244] ep_end= 98.6%(ended= 39)  pg=-0.0048  v=0.0009  ent=0.949  kl=+0.0242  clip=21.2%  redun=0.65 stall=0% pair=0.26 sync=+0.0000(10.4/k) ownGap=0.140 sps=124(134avg)
[it   90/244] ep_end= 99.7%(ended= 42)  pg=-0.0051  v=0.0007  ent=0.917  kl=+0.0239  clip=19.6%  redun=0.63 stall=0% pair=0.25 sync=+0.0000(10.4/k) ownGap=0.146 sps=125(134avg)
[evalsuite it=  90] score=+0.432±0.115  auc=0.920  imbN=0.267  fair=0.912  conc=0.19  idle=0.83  ov=0.59  duty=0.25  succ=0.91  s90=190  nSync=3.8  syncGap=0.006  ownAUC=0.901  scoreOwn=+0.413
[it   91/244] ep_end= 99.1%(ended= 44)  pg=-0.0043  v=0.0008  ent=0.906  kl=+0.0274  clip=20.3%  redun=0.65 stall=0% pair=0.24 sync=+0.0000(10.9/k) ownGap=0.142 sps=125(134avg)
[it   92/244] ep_end= 99.8%(ended= 56)  pg=-0.0053  v=0.0008  ent=0.908  kl=+0.0246  clip=19.2%  redun=0.64 stall=0% pair=0.24 sync=+0.0000(10.9/k) ownGap=0.136 sps=124(134avg)
[it   93/244] ep_end= 99.7%(ended= 51)  pg=-0.0034  v=0.0009  ent=0.882  kl=+0.0258  clip=18.9%  redun=0.63 stall=0% pair=0.24 sync=+0.0000(12.1/k) ownGap=0.146 sps=124(133avg)
[it   94/244] ep_end= 99.6%(ended= 45)  pg=-0.0054  v=0.0008  ent=0.865  kl=+0.0252  clip=18.1%  redun=0.61 stall=0% pair=0.25 sync=+0.0000(11.0/k) ownGap=0.155 sps=124(133avg)
[it   95/244] ep_end= 99.8%(ended= 47)  pg=-0.0025  v=0.0009  ent=0.866  kl=+0.0311  clip=20.2%  redun=0.65 stall=0% pair=0.27 sync=+0.0000(10.4/k) ownGap=0.150 sps=124(133avg)
[it   96/244] ep_end= 99.8%(ended= 34)  pg=-0.0068  v=0.0007  ent=0.887  kl=+0.0238  clip=17.7%  redun=0.71 stall=0% pair=0.22 sync=+0.0000(12.1/k) ownGap=0.115 sps=125(133avg)
[it   97/244] ep_end= 98.2%(ended= 40)  pg=-0.0028  v=0.0009  ent=0.951  kl=+0.0268  clip=20.4%  redun=0.71 stall=0% pair=0.23 sync=+0.0000(12.8/k) ownGap=0.112 sps=124(133avg)
[it   98/244] ep_end= 99.5%(ended= 41)  pg=-0.0048  v=0.0008  ent=0.924  kl=+0.0257  clip=19.8%  redun=0.65 stall=0% pair=0.24 sync=+0.0000(11.0/k) ownGap=0.140 sps=125(133avg)
[ckpt] runs/v13_travel_easy_20260730_003505/ckpt_040.pt
[eval] runs/v13_travel_easy_20260730_003505/eval_ckpt_040_m0.gif  map=204  final_explored=100.0%  frames=221
[trace] ckpt_040_m0  steps=198  explored=0.9995  → runs/v13_travel_easy_20260730_003505/traces/ckpt_040_m0
[eval] runs/v13_travel_easy_20260730_003505/eval_ckpt_040_m1.gif  map=107  final_explored=94.4%  frames=343
[trace] ckpt_040_m1  steps=550  explored=0.9911  → runs/v13_travel_easy_20260730_003505/traces/ckpt_040_m1
[it   99/244] ep_end= 99.0%(ended= 38)  pg=-0.0035  v=0.0008  ent=0.909  kl=+0.0289  clip=18.9%  redun=0.66 stall=0% pair=0.25 sync=+0.0000(11.2/k) ownGap=0.147 sps=124(133avg)
[it  100/244] ep_end= 99.2%(ended= 41)  pg=-0.0011  v=0.0009  ent=0.943  kl=+0.0299  clip=21.9%  redun=0.71 stall=0% pair=0.23 sync=+0.0000(13.3/k) ownGap=0.125 sps=121(133avg)
[evalsuite it= 100] score=+0.037±0.246  auc=0.654  imbN=0.468  fair=0.806  conc=0.05  idle=0.94  ov=0.59  duty=0.25  succ=0.03  s90=800  nSync=5.2  syncGap=0.095  ownAUC=0.564  scoreOwn=-0.052
[it  101/244] ep_end= 98.4%(ended= 44)  pg=-0.0063  v=0.0014  ent=0.924  kl=+0.0254  clip=19.6%  redun=0.72 stall=0% pair=0.23 sync=+0.0000(11.6/k) ownGap=0.116 sps=122(133avg)
[it  102/244] ep_end= 98.8%(ended= 53)  pg=-0.0010  v=0.0014  ent=0.890  kl=+0.0319  clip=21.3%  redun=0.68 stall=0% pair=0.23 sync=+0.0000(13.3/k) ownGap=0.119 sps=123(133avg)
[it  103/244] ep_end= 98.7%(ended= 34)  pg=-0.0039  v=0.0012  ent=0.937  kl=+0.0264  clip=18.6%  redun=0.71 stall=0% pair=0.23 sync=+0.0000(11.6/k) ownGap=0.114 sps=124(132avg)
[it  104/244] ep_end= 99.6%(ended= 49)  pg=-0.0053  v=0.0013  ent=0.887  kl=+0.0268  clip=18.2%  redun=0.64 stall=0% pair=0.26 sync=+0.0000(10.7/k) ownGap=0.155 sps=122(132avg)
[it  105/244] ep_end= 99.2%(ended= 47)  pg=-0.0033  v=0.0010  ent=0.822  kl=+0.0257  clip=16.5%  redun=0.66 stall=0% pair=0.24 sync=+0.0000(11.5/k) ownGap=0.143 sps=123(132avg)
[it  106/244] ep_end= 99.8%(ended= 39)  pg=-0.0065  v=0.0008  ent=0.845  kl=+0.0207  clip=14.4%  redun=0.66 stall=0% pair=0.25 sync=+0.0000(10.4/k) ownGap=0.137 sps=123(132avg)
[it  107/244] ep_end= 99.7%(ended= 63)  pg=-0.0024  v=0.0009  ent=0.839  kl=+0.0334  clip=18.6%  redun=0.66 stall=0% pair=0.24 sync=+0.0000(12.1/k) ownGap=0.140 sps=120(132avg)
[it  108/244] ep_end= 99.5%(ended= 41)  pg=-0.0059  v=0.0007  ent=0.838  kl=+0.0286  clip=16.7%  redun=0.62 stall=0% pair=0.24 sync=+0.0000(10.7/k) ownGap=0.142 sps=121(132avg)
[it  109/244] ep_end= 99.9%(ended= 46)  pg=-0.0057  v=0.0007  ent=0.837  kl=+0.0291  clip=17.0%  redun=0.63 stall=0% pair=0.25 sync=+0.0000(11.2/k) ownGap=0.146 sps=124(132avg)
[it  110/244] ep_end= 99.6%(ended= 42)  pg=-0.0027  v=0.0007  ent=0.845  kl=+0.0330  clip=18.4%  redun=0.63 stall=0% pair=0.25 sync=+0.0000(11.0/k) ownGap=0.141 sps=125(132avg)
[evalsuite it= 110] score=+0.276±0.237  auc=0.808  imbN=0.314  fair=0.889  conc=0.12  idle=0.89  ov=0.61  duty=0.27  succ=0.12  s90=542  nSync=4.5  syncGap=0.074  ownAUC=0.729  scoreOwn=+0.197
[it  111/244] ep_end= 99.4%(ended= 41)  pg=-0.0058  v=0.0007  ent=0.885  kl=+0.0293  clip=18.2%  redun=0.69 stall=0% pair=0.23 sync=+0.0000(12.2/k) ownGap=0.125 sps=124(132avg)
[it  112/244] ep_end= 99.5%(ended= 42)  pg=-0.0047  v=0.0007  ent=0.865  kl=+0.0283  clip=18.2%  redun=0.66 stall=0% pair=0.23 sync=+0.0000(12.5/k) ownGap=0.127 sps=124(132avg)
[it  113/244] ep_end= 99.8%(ended= 48)  pg=-0.0041  v=0.0007  ent=0.862  kl=+0.0271  clip=18.7%  redun=0.64 stall=0% pair=0.25 sync=+0.0000(11.6/k) ownGap=0.140 sps=125(132avg)
[it  114/244] ep_end= 99.4%(ended= 37)  pg=-0.0033  v=0.0008  ent=0.925  kl=+0.0311  clip=21.3%  redun=0.69 stall=0% pair=0.23 sync=+0.0000(12.7/k) ownGap=0.120 sps=122(131avg)
[it  115/244] ep_end= 99.5%(ended= 47)  pg=-0.0060  v=0.0008  ent=0.881  kl=+0.0215  clip=17.8%  redun=0.61 stall=0% pair=0.26 sync=+0.0000(9.5/k) ownGap=0.153 sps=125(131avg)
[it  116/244] ep_end= 99.4%(ended= 41)  pg=-0.0045  v=0.0008  ent=0.912  kl=+0.0296  clip=21.3%  redun=0.65 stall=0% pair=0.24 sync=+0.0000(11.4/k) ownGap=0.139 sps=124(131avg)
[it  117/244] ep_end= 98.6%(ended= 37)  pg=-0.0057  v=0.0007  ent=0.889  kl=+0.0259  clip=18.3%  redun=0.67 stall=0% pair=0.24 sync=+0.0000(12.1/k) ownGap=0.123 sps=124(131avg)
[it  118/244] ep_end= 99.7%(ended= 44)  pg=+0.0018  v=0.0007  ent=0.869  kl=+0.0436  clip=23.1%  redun=0.61 stall=0% pair=0.25 sync=+0.0000(9.4/k) ownGap=0.156 sps=125(131avg)
[it  119/244] ep_end= 99.7%(ended= 41)  pg=-0.0030  v=0.0007  ent=0.891  kl=+0.0299  clip=19.9%  redun=0.66 stall=0% pair=0.26 sync=+0.0000(10.0/k) ownGap=0.138 sps=123(131avg)
[it  120/244] ep_end= 99.4%(ended= 39)  pg=+0.0005  v=0.0010  ent=0.911  kl=+0.0425  clip=21.3%  redun=0.66 stall=0% pair=0.25 sync=+0.0000(11.4/k) ownGap=0.134 sps=126(131avg)
[evalsuite it= 120] score=+0.338±0.220  auc=0.847  imbN=0.268  fair=0.915  conc=0.17  idle=0.86  ov=0.64  duty=0.33  succ=0.41  s90=441  nSync=4.2  syncGap=0.057  ownAUC=0.784  scoreOwn=+0.275
[it  121/244] ep_end= 98.7%(ended= 32)  pg=-0.0054  v=0.0007  ent=0.919  kl=+0.0327  clip=21.1%  redun=0.69 stall=0% pair=0.23 sync=+0.0000(13.1/k) ownGap=0.122 sps=121(131avg)
[it  122/244] ep_end= 99.3%(ended= 48)  pg=-0.0062  v=0.0009  ent=0.928  kl=+0.0282  clip=21.1%  redun=0.76 stall=0% pair=0.21 sync=+0.0000(13.8/k) ownGap=0.101 sps=120(131avg)
[it  123/244] ep_end= 99.2%(ended= 40)  pg=-0.0039  v=0.0006  ent=0.893  kl=+0.0311  clip=20.2%  redun=0.72 stall=0% pair=0.23 sync=+0.0000(13.1/k) ownGap=0.106 sps=124(131avg)
[it  124/244] ep_end= 99.1%(ended= 51)  pg=-0.0054  v=0.0009  ent=0.911  kl=+0.0288  clip=20.4%  redun=0.76 stall=0% pair=0.21 sync=+0.0000(14.5/k) ownGap=0.091 sps=120(131avg)
[it  125/244] ep_end= 98.1%(ended= 40)  pg=-0.0068  v=0.0006  ent=0.879  kl=+0.0246  clip=18.7%  redun=0.58 stall=0% pair=0.26 sync=+0.0000(10.0/k) ownGap=0.161 sps=126(131avg)
[it  126/244] ep_end= 99.8%(ended= 55)  pg=-0.0067  v=0.0009  ent=0.871  kl=+0.0231  clip=17.5%  redun=0.66 stall=0% pair=0.24 sync=+0.0000(11.8/k) ownGap=0.134 sps=122(131avg)
[it  127/244] ep_end= 99.7%(ended= 41)  pg=-0.0047  v=0.0006  ent=0.909  kl=+0.0291  clip=19.9%  redun=0.69 stall=0% pair=0.24 sync=+0.0000(13.1/k) ownGap=0.130 sps=123(131avg)
[it  128/244] ep_end= 98.9%(ended= 38)  pg=-0.0059  v=0.0007  ent=0.879  kl=+0.0316  clip=18.3%  redun=0.67 stall=0% pair=0.23 sync=+0.0000(11.5/k) ownGap=0.120 sps=124(131avg)
[it  129/244] ep_end= 99.2%(ended= 45)  pg=-0.0000  v=0.0008  ent=0.880  kl=+0.0342  clip=19.2%  redun=0.67 stall=0% pair=0.22 sync=+0.0000(12.2/k) ownGap=0.123 sps=125(131avg)
[it  130/244] ep_end= 99.5%(ended= 39)  pg=-0.0067  v=0.0008  ent=0.911  kl=+0.0259  clip=18.1%  redun=0.69 stall=0% pair=0.23 sync=+0.0000(11.6/k) ownGap=0.124 sps=122(130avg)
[evalsuite it= 130] score=+0.479±0.133  auc=0.944  imbN=0.238  fair=0.926  conc=0.24  idle=0.78  ov=0.60  duty=0.26  succ=0.97  s90=130  nSync=3.0  syncGap=0.000  ownAUC=0.930  scoreOwn=+0.465
[ckpt] runs/v13_travel_easy_20260730_003505/ckpt_best.pt
[best] new best eval/score=+0.479 at it=130 → ckpt_best.pt
[it  131/244] ep_end= 99.3%(ended= 44)  pg=-0.0017  v=0.0012  ent=0.903  kl=+0.0321  clip=21.8%  redun=0.64 stall=0% pair=0.25 sync=+0.0000(11.7/k) ownGap=0.146 sps=125(130avg)
[it  132/244] ep_end= 98.5%(ended= 43)  pg=-0.0079  v=0.0009  ent=0.929  kl=+0.0222  clip=17.4%  redun=0.66 stall=0% pair=0.24 sync=+0.0000(11.6/k) ownGap=0.129 sps=123(130avg)
[it  133/244] ep_end= 99.4%(ended= 43)  pg=-0.0049  v=0.0009  ent=0.932  kl=+0.0266  clip=18.0%  redun=0.66 stall=0% pair=0.25 sync=+0.0000(10.4/k) ownGap=0.138 sps=125(130avg)
[it  134/244] ep_end= 99.8%(ended= 41)  pg=-0.0067  v=0.0008  ent=0.931  kl=+0.0242  clip=17.7%  redun=0.73 stall=0% pair=0.23 sync=+0.0000(12.6/k) ownGap=0.112 sps=124(130avg)
[it  135/244] ep_end= 98.8%(ended= 50)  pg=-0.0068  v=0.0008  ent=0.910  kl=+0.0223  clip=17.2%  redun=0.72 stall=0% pair=0.22 sync=+0.0000(13.4/k) ownGap=0.106 sps=124(130avg)
[it  136/244] ep_end= 99.1%(ended= 40)  pg=-0.0057  v=0.0007  ent=0.899  kl=+0.0231  clip=17.1%  redun=0.76 stall=0% pair=0.21 sync=+0.0000(12.8/k) ownGap=0.087 sps=122(130avg)
[it  137/244] ep_end= 99.4%(ended= 44)  pg=-0.0015  v=0.0007  ent=0.871  kl=+0.0316  clip=18.5%  redun=0.68 stall=0% pair=0.23 sync=+0.0000(11.8/k) ownGap=0.122 sps=122(130avg)
[it  138/244] ep_end= 99.3%(ended= 42)  pg=-0.0024  v=0.0007  ent=0.847  kl=+0.0287  clip=17.3%  redun=0.66 stall=0% pair=0.25 sync=+0.0000(10.6/k) ownGap=0.132 sps=126(130avg)
[it  139/244] ep_end= 99.6%(ended= 34)  pg=-0.0071  v=0.0006  ent=0.858  kl=+0.0224  clip=15.4%  redun=0.66 stall=0% pair=0.25 sync=+0.0000(11.4/k) ownGap=0.132 sps=126(130avg)
[it  140/244] ep_end= 99.3%(ended= 49)  pg=-0.0071  v=0.0008  ent=0.857  kl=+0.0219  clip=17.0%  redun=0.70 stall=0% pair=0.23 sync=+0.0000(12.7/k) ownGap=0.118 sps=123(130avg)
[evalsuite it= 140] score=+0.140±0.269  auc=0.733  imbN=0.381  fair=0.857  conc=0.08  idle=0.93  ov=0.68  duty=0.34  succ=0.19  s90=704  nSync=5.0  syncGap=0.053  ownAUC=0.670  scoreOwn=+0.078
[it  141/244] ep_end= 99.5%(ended= 42)  pg=+0.0209  v=0.0007  ent=0.833  kl=+0.0593  clip=22.3%  redun=0.70 stall=0% pair=0.23 sync=+0.0000(11.4/k) ownGap=0.128 sps=127(130avg)
[it  142/244] ep_end= 99.8%(ended= 49)  pg=-0.0043  v=0.0008  ent=0.826  kl=+0.0163  clip=13.2%  redun=0.62 stall=0% pair=0.26 sync=+0.0000(10.9/k) ownGap=0.151 sps=125(130avg)
[it  143/244] ep_end= 99.9%(ended= 47)  pg=-0.0063  v=0.0009  ent=0.785  kl=+0.0181  clip=12.7%  redun=0.56 stall=0% pair=0.27 sync=+0.0000(10.1/k) ownGap=0.185 sps=124(130avg)
[it  144/244] ep_end= 99.9%(ended= 42)  pg=-0.0066  v=0.0008  ent=0.790  kl=+0.0150  clip=13.2%  redun=0.63 stall=0% pair=0.25 sync=+0.0000(9.9/k) ownGap=0.158 sps=127(130avg)
[it  145/244] ep_end= 99.3%(ended= 44)  pg=-0.0009  v=0.0007  ent=0.800  kl=+0.0224  clip=14.6%  redun=0.62 stall=0% pair=0.26 sync=+0.0000(10.5/k) ownGap=0.153 sps=125(130avg)
[it  146/244] ep_end= 99.7%(ended= 49)  pg=-0.0062  v=0.0009  ent=0.783  kl=+0.0164  clip=12.5%  redun=0.58 stall=0% pair=0.27 sync=+0.0000(9.9/k) ownGap=0.165 sps=127(130avg)
[ckpt] runs/v13_travel_easy_20260730_003505/ckpt_060.pt
[eval] runs/v13_travel_easy_20260730_003505/eval_ckpt_060_m0.gif  map=123  final_explored=97.3%  frames=373
[trace] ckpt_060_m0  steps=690  explored=0.9918  → runs/v13_travel_easy_20260730_003505/traces/ckpt_060_m0
[eval] runs/v13_travel_easy_20260730_003505/eval_ckpt_060_m1.gif  map=16  final_explored=65.4%  frames=402
[trace] ckpt_060_m1  steps=1024  explored=0.7042  → runs/v13_travel_easy_20260730_003505/traces/ckpt_060_m1
[it  147/244] ep_end= 99.7%(ended= 60)  pg=-0.0045  v=0.0011  ent=0.802  kl=+0.0196  clip=13.4%  redun=0.60 stall=0% pair=0.26 sync=+0.0000(9.8/k) ownGap=0.155 sps=127(130avg)
[it  148/244] ep_end= 99.7%(ended= 36)  pg=-0.0070  v=0.0008  ent=0.820  kl=+0.0188  clip=13.5%  redun=0.65 stall=0% pair=0.24 sync=+0.0000(11.0/k) ownGap=0.132 sps=123(130avg)
[it  149/244] ep_end= 99.4%(ended= 54)  pg=+0.0131  v=0.0009  ent=0.821  kl=+0.0525  clip=20.6%  redun=0.67 stall=0% pair=0.24 sync=+0.0000(10.6/k) ownGap=0.133 sps=122(130avg)
[it  150/244] ep_end= 99.7%(ended= 39)  pg=-0.0072  v=0.0009  ent=0.831  kl=+0.0195  clip=12.9%  redun=0.64 stall=0% pair=0.24 sync=+0.0000(11.2/k) ownGap=0.145 sps=125(130avg)
[evalsuite it= 150] score=+0.102±0.260  auc=0.643  imbN=0.341  fair=0.878  conc=0.11  idle=0.92  ov=0.56  duty=0.29  succ=0.25  s90=783  nSync=3.1  syncGap=0.098  ownAUC=0.546  scoreOwn=+0.005
[it  151/244] ep_end= 99.5%(ended= 48)  pg=-0.0052  v=0.0010  ent=0.833  kl=+0.0239  clip=16.1%  redun=0.68 stall=0% pair=0.24 sync=+0.0000(11.7/k) ownGap=0.126 sps=122(130avg)
[it  152/244] ep_end= 99.8%(ended= 50)  pg=-0.0047  v=0.0010  ent=0.805  kl=+0.0250  clip=16.1%  redun=0.64 stall=0% pair=0.25 sync=+0.0000(11.4/k) ownGap=0.141 sps=123(130avg)
[it  153/244] ep_end= 99.8%(ended= 48)  pg=-0.0046  v=0.0009  ent=0.819  kl=+0.0269  clip=16.1%  redun=0.61 stall=0% pair=0.26 sync=+0.0000(10.4/k) ownGap=0.153 sps=125(129avg)
[it  154/244] ep_end= 99.9%(ended= 41)  pg=-0.0030  v=0.0008  ent=0.820  kl=+0.0290  clip=17.2%  redun=0.70 stall=0% pair=0.23 sync=+0.0000(12.8/k) ownGap=0.121 sps=125(129avg)
[it  155/244] ep_end= 99.8%(ended= 48)  pg=-0.0036  v=0.0008  ent=0.814  kl=+0.0304  clip=17.8%  redun=0.63 stall=0% pair=0.25 sync=+0.0000(10.5/k) ownGap=0.144 sps=123(129avg)
[it  156/244] ep_end= 99.6%(ended= 49)  pg=-0.0012  v=0.0008  ent=0.779  kl=+0.0333  clip=17.7%  redun=0.66 stall=0% pair=0.24 sync=+0.0000(12.0/k) ownGap=0.133 sps=123(129avg)
[it  157/244] ep_end= 99.8%(ended= 50)  pg=-0.0005  v=0.0009  ent=0.761  kl=+0.0352  clip=17.2%  redun=0.64 stall=0% pair=0.24 sync=+0.0000(11.1/k) ownGap=0.140 sps=124(129avg)
[it  158/244] ep_end= 99.7%(ended= 49)  pg=-0.0034  v=0.0009  ent=0.773  kl=+0.0345  clip=18.0%  redun=0.62 stall=0% pair=0.25 sync=+0.0000(11.2/k) ownGap=0.156 sps=125(129avg)
[it  159/244] ep_end= 99.8%(ended= 52)  pg=-0.0024  v=0.0009  ent=0.757  kl=+0.0332  clip=16.4%  redun=0.63 stall=0% pair=0.24 sync=+0.0000(11.4/k) ownGap=0.144 sps=124(129avg)
[it  160/244] ep_end= 99.8%(ended= 45)  pg=-0.0057  v=0.0008  ent=0.785  kl=+0.0246  clip=14.7%  redun=0.63 stall=0% pair=0.25 sync=+0.0000(10.7/k) ownGap=0.142 sps=125(129avg)
[evalsuite it= 160] score=+0.423±0.179  auc=0.913  imbN=0.313  fair=0.885  conc=0.27  idle=0.79  ov=0.55  duty=0.25  succ=0.88  s90=226  nSync=2.5  syncGap=0.044  ownAUC=0.859  scoreOwn=+0.370
[it  161/244] ep_end= 99.8%(ended= 57)  pg=-0.0029  v=0.0008  ent=0.775  kl=+0.0317  clip=16.9%  redun=0.64 stall=0% pair=0.24 sync=+0.0000(11.5/k) ownGap=0.141 sps=124(129avg)
[it  162/244] ep_end= 99.8%(ended= 43)  pg=-0.0067  v=0.0008  ent=0.777  kl=+0.0244  clip=14.4%  redun=0.62 stall=0% pair=0.25 sync=+0.0000(10.6/k) ownGap=0.147 sps=124(129avg)
[it  163/244] ep_end= 99.6%(ended= 46)  pg=-0.0047  v=0.0008  ent=0.808  kl=+0.0310  clip=17.9%  redun=0.64 stall=0% pair=0.25 sync=+0.0000(10.7/k) ownGap=0.143 sps=124(129avg)
[it  164/244] ep_end= 99.8%(ended= 57)  pg=+0.0632  v=0.0010  ent=0.788  kl=+0.1660  clip=28.4%  redun=0.68 stall=0% pair=0.24 sync=+0.0000(11.5/k) ownGap=0.130 sps=122(129avg)
[it  165/244] ep_end= 99.2%(ended= 42)  pg=-0.0040  v=0.0012  ent=0.802  kl=+0.0153  clip=11.8%  redun=0.64 stall=1% pair=0.21 sync=+0.0000(13.5/k) ownGap=0.144 sps=123(129avg)
[it  166/244] ep_end= 99.0%(ended= 38)  pg=-0.0051  v=0.0012  ent=0.828  kl=+0.0095  clip=12.0%  redun=0.79 stall=1% pair=0.18 sync=+0.0000(14.3/k) ownGap=0.078 sps=119(129avg)
[it  167/244] ep_end= 96.2%(ended= 38)  pg=-0.0050  v=0.0020  ent=0.841  kl=+0.0144  clip=12.5%  redun=0.74 stall=1% pair=0.18 sync=+0.0000(14.4/k) ownGap=0.088 sps=121(129avg)
[it  168/244] ep_end= 97.1%(ended= 38)  pg=-0.0072  v=0.0029  ent=0.835  kl=+0.0088  clip=10.5%  redun=0.78 stall=1% pair=0.17 sync=+0.0000(15.6/k) ownGap=0.077 sps=122(129avg)
[it  169/244] ep_end= 99.2%(ended= 54)  pg=-0.0075  v=0.0011  ent=0.750  kl=+0.0073  clip=7.9%  redun=0.68 stall=0% pair=0.22 sync=+0.0000(13.1/k) ownGap=0.115 sps=123(129avg)
[it  170/244] ep_end= 99.5%(ended= 47)  pg=+0.0167  v=0.0014  ent=0.750  kl=+0.0454  clip=15.2%  redun=0.70 stall=0% pair=0.21 sync=+0.0000(12.6/k) ownGap=0.109 sps=120(129avg)
[evalsuite it= 170] score=+0.351±0.283  auc=0.871  imbN=0.332  fair=0.885  conc=0.21  idle=0.82  ov=0.60  duty=0.31  succ=0.72  s90=260  nSync=3.7  syncGap=0.020  ownAUC=0.843  scoreOwn=+0.324
[it  171/244] ep_end= 99.4%(ended= 57)  pg=-0.0052  v=0.0013  ent=0.714  kl=+0.0101  clip=8.3%  redun=0.69 stall=0% pair=0.22 sync=+0.0000(14.2/k) ownGap=0.121 sps=120(129avg)
[it  172/244] ep_end= 99.7%(ended= 50)  pg=-0.0044  v=0.0011  ent=0.747  kl=+0.0107  clip=8.9%  redun=0.68 stall=0% pair=0.21 sync=+0.0000(12.9/k) ownGap=0.121 sps=122(129avg)
[it  173/244] ep_end= 99.7%(ended= 53)  pg=-0.0050  v=0.0009  ent=0.732  kl=+0.0105  clip=9.0%  redun=0.70 stall=0% pair=0.22 sync=+0.0000(13.4/k) ownGap=0.112 sps=121(129avg)
[it  174/244] ep_end= 99.6%(ended= 56)  pg=-0.0050  v=0.0008  ent=0.754  kl=+0.0130  clip=10.1%  redun=0.65 stall=0% pair=0.22 sync=+0.0000(12.8/k) ownGap=0.130 sps=121(129avg)
[it  175/244] ep_end= 98.7%(ended= 41)  pg=-0.0042  v=0.0007  ent=0.759  kl=+0.0116  clip=10.1%  redun=0.68 stall=0% pair=0.21 sync=+0.0000(12.8/k) ownGap=0.124 sps=121(129avg)
[it  176/244] ep_end= 99.7%(ended= 55)  pg=-0.0029  v=0.0007  ent=0.743  kl=+0.0118  clip=11.0%  redun=0.67 stall=0% pair=0.22 sync=+0.0000(12.0/k) ownGap=0.125 sps=123(129avg)
[it  177/244] ep_end= 99.7%(ended= 62)  pg=-0.0044  v=0.0007  ent=0.747  kl=+0.0125  clip=10.1%  redun=0.66 stall=0% pair=0.21 sync=+0.0000(13.1/k) ownGap=0.132 sps=122(129avg)
[it  178/244] ep_end= 99.7%(ended= 41)  pg=-0.0055  v=0.0007  ent=0.725  kl=+0.0124  clip=8.8%  redun=0.67 stall=0% pair=0.21 sync=+0.0000(13.5/k) ownGap=0.122 sps=122(128avg)
[it  179/244] ep_end= 99.7%(ended= 47)  pg=-0.0042  v=0.0006  ent=0.766  kl=+0.0131  clip=10.6%  redun=0.69 stall=0% pair=0.22 sync=+0.0000(12.3/k) ownGap=0.121 sps=123(128avg)
[it  180/244] ep_end= 99.7%(ended= 47)  pg=-0.0051  v=0.0006  ent=0.789  kl=+0.0134  clip=9.8%  redun=0.65 stall=0% pair=0.22 sync=+0.0000(12.1/k) ownGap=0.129 sps=122(128avg)
[evalsuite it= 180] score=+0.355±0.155  auc=0.916  imbN=0.309  fair=0.894  conc=0.26  idle=0.80  ov=0.82  duty=0.47  succ=0.84  s90=197  nSync=4.2  syncGap=0.000  ownAUC=0.908  scoreOwn=+0.348
[it  181/244] ep_end= 99.7%(ended= 43)  pg=+0.0002  v=0.0007  ent=0.761  kl=+0.0275  clip=13.9%  redun=0.67 stall=0% pair=0.23 sync=+0.0000(12.8/k) ownGap=0.123 sps=122(128avg)
[it  182/244] ep_end= 99.7%(ended= 55)  pg=-0.0047  v=0.0007  ent=0.771  kl=+0.0119  clip=11.7%  redun=0.68 stall=0% pair=0.22 sync=+0.0000(13.4/k) ownGap=0.124 sps=120(128avg)
[it  183/244] ep_end= 99.6%(ended= 61)  pg=-0.0028  v=0.0008  ent=0.746  kl=+0.0339  clip=13.3%  redun=0.73 stall=0% pair=0.20 sync=+0.0000(14.2/k) ownGap=0.099 sps=122(128avg)
[it  184/244] ep_end= 99.2%(ended= 48)  pg=-0.0026  v=0.0007  ent=0.777  kl=+0.0221  clip=13.8%  redun=0.70 stall=1% pair=0.21 sync=+0.0000(13.4/k) ownGap=0.114 sps=122(128avg)
[it  185/244] ep_end= 99.8%(ended= 49)  pg=-0.0059  v=0.0007  ent=0.800  kl=+0.0163  clip=13.1%  redun=0.69 stall=0% pair=0.23 sync=+0.0000(12.1/k) ownGap=0.123 sps=122(128avg)
[it  186/244] ep_end= 99.7%(ended= 58)  pg=-0.0018  v=0.0009  ent=0.768  kl=+0.0212  clip=13.8%  redun=0.65 stall=0% pair=0.24 sync=+0.0000(11.4/k) ownGap=0.138 sps=123(128avg)
[it  187/244] ep_end= 99.7%(ended= 53)  pg=-0.0031  v=0.0009  ent=0.767  kl=+0.0231  clip=14.1%  redun=0.63 stall=0% pair=0.23 sync=+0.0000(12.8/k) ownGap=0.146 sps=124(128avg)
[it  188/244] ep_end= 99.8%(ended= 46)  pg=-0.0018  v=0.0009  ent=0.765  kl=+0.0266  clip=15.3%  redun=0.66 stall=0% pair=0.23 sync=+0.0000(11.2/k) ownGap=0.133 sps=124(128avg)
[it  189/244] ep_end= 99.6%(ended= 46)  pg=-0.0027  v=0.0010  ent=0.767  kl=+0.0250  clip=14.0%  redun=0.72 stall=0% pair=0.21 sync=+0.0000(14.2/k) ownGap=0.097 sps=121(128avg)
[it  190/244] ep_end= 99.8%(ended= 43)  pg=-0.0034  v=0.0007  ent=0.741  kl=+0.0229  clip=13.5%  redun=0.64 stall=0% pair=0.22 sync=+0.0000(11.6/k) ownGap=0.132 sps=123(128avg)
[evalsuite it= 190] score=+0.447±0.160  auc=0.948  imbN=0.273  fair=0.908  conc=0.32  idle=0.75  ov=0.71  duty=0.32  succ=0.97  s90=107  nSync=2.8  syncGap=0.000  ownAUC=0.938  scoreOwn=+0.437
[it  191/244] ep_end= 99.7%(ended= 45)  pg=-0.0017  v=0.0008  ent=0.731  kl=+0.0272  clip=13.9%  redun=0.63 stall=0% pair=0.26 sync=+0.0000(11.4/k) ownGap=0.139 sps=125(128avg)
[it  192/244] ep_end= 99.8%(ended= 46)  pg=+0.0006  v=0.0007  ent=0.755  kl=+0.0322  clip=15.9%  redun=0.64 stall=0% pair=0.24 sync=+0.0000(12.1/k) ownGap=0.138 sps=125(128avg)
[it  193/244] ep_end= 99.8%(ended= 50)  pg=+0.0042  v=0.0007  ent=0.727  kl=+0.0378  clip=17.0%  redun=0.68 stall=0% pair=0.24 sync=+0.0000(11.6/k) ownGap=0.133 sps=122(128avg)
[it  194/244] ep_end= 99.8%(ended= 48)  pg=+0.0016  v=0.0009  ent=0.759  kl=+0.0321  clip=16.5%  redun=0.70 stall=0% pair=0.23 sync=+0.0000(13.2/k) ownGap=0.118 sps=122(128avg)
[it  195/244] ep_end= 99.7%(ended= 50)  pg=+0.0028  v=0.0008  ent=0.720  kl=+0.0402  clip=16.2%  redun=0.61 stall=0% pair=0.25 sync=+0.0000(9.6/k) ownGap=0.152 sps=124(128avg)
[ckpt] runs/v13_travel_easy_20260730_003505/ckpt_080.pt
[eval] runs/v13_travel_easy_20260730_003505/eval_ckpt_080_m0.gif  map=30  final_explored=100.0%  frames=228
[trace] ckpt_080_m0  steps=156  explored=0.9915  → runs/v13_travel_easy_20260730_003505/traces/ckpt_080_m0
[eval] runs/v13_travel_easy_20260730_003505/eval_ckpt_080_m1.gif  map=6  final_explored=99.7%  frames=123
[trace] ckpt_080_m1  steps=119  explored=0.9934  → runs/v13_travel_easy_20260730_003505/traces/ckpt_080_m1
[it  196/244] ep_end= 99.8%(ended= 46)  pg=-0.0040  v=0.0010  ent=0.728  kl=+0.0189  clip=12.3%  redun=0.58 stall=0% pair=0.26 sync=+0.0000(9.6/k) ownGap=0.169 sps=126(128avg)
[it  197/244] ep_end= 99.8%(ended= 48)  pg=-0.0004  v=0.0008  ent=0.716  kl=+0.0233  clip=14.9%  redun=0.64 stall=0% pair=0.24 sync=+0.0000(12.2/k) ownGap=0.143 sps=124(128avg)
[it  198/244] ep_end= 99.8%(ended= 57)  pg=-0.0010  v=0.0009  ent=0.719  kl=+0.0365  clip=15.9%  redun=0.63 stall=0% pair=0.25 sync=+0.0000(11.4/k) ownGap=0.142 sps=124(128avg)
[it  199/244] ep_end= 99.9%(ended= 51)  pg=-0.0042  v=0.0007  ent=0.742  kl=+0.0314  clip=15.7%  redun=0.68 stall=0% pair=0.23 sync=+0.0000(12.1/k) ownGap=0.126 sps=121(128avg)
[it  200/244] ep_end= 99.7%(ended= 46)  pg=-0.0032  v=0.0011  ent=0.755  kl=+0.0277  clip=15.6%  redun=0.63 stall=0% pair=0.24 sync=+0.0000(11.1/k) ownGap=0.139 sps=124(128avg)
[evalsuite it= 200] score=+0.470±0.130  auc=0.948  imbN=0.240  fair=0.926  conc=0.28  idle=0.77  ov=0.66  duty=0.33  succ=0.88  s90=115  nSync=3.0  syncGap=0.008  ownAUC=0.930  scoreOwn=+0.452
[it  201/244] ep_end= 99.1%(ended= 46)  pg=-0.0042  v=0.0010  ent=0.732  kl=+0.0245  clip=14.0%  redun=0.60 stall=0% pair=0.26 sync=+0.0000(11.1/k) ownGap=0.154 sps=124(128avg)
[it  202/244] ep_end= 99.8%(ended= 53)  pg=-0.0017  v=0.0008  ent=0.756  kl=+0.0295  clip=16.1%  redun=0.61 stall=0% pair=0.25 sync=+0.0000(10.6/k) ownGap=0.144 sps=123(128avg)
[it  203/244] ep_end= 99.6%(ended= 47)  pg=-0.0037  v=0.0009  ent=0.768  kl=+0.0271  clip=14.5%  redun=0.61 stall=0% pair=0.25 sync=+0.0000(12.1/k) ownGap=0.153 sps=123(128avg)
[it  204/244] ep_end= 99.7%(ended= 48)  pg=+0.0005  v=0.0009  ent=0.772  kl=+0.0290  clip=16.0%  redun=0.62 stall=0% pair=0.25 sync=+0.0000(11.5/k) ownGap=0.148 sps=121(128avg)
[it  205/244] ep_end= 99.5%(ended= 55)  pg=-0.0055  v=0.0010  ent=0.767  kl=+0.0261  clip=14.5%  redun=0.63 stall=0% pair=0.24 sync=+0.0000(11.1/k) ownGap=0.144 sps=122(128avg)
[it  206/244] ep_end= 99.8%(ended= 56)  pg=-0.0048  v=0.0010  ent=0.773  kl=+0.0189  clip=13.8%  redun=0.58 stall=0% pair=0.25 sync=+0.0000(10.5/k) ownGap=0.165 sps=126(128avg)
[it  207/244] ep_end= 99.6%(ended= 42)  pg=-0.0032  v=0.0019  ent=0.808  kl=+0.0175  clip=15.3%  redun=0.66 stall=0% pair=0.23 sync=+0.0000(10.9/k) ownGap=0.136 sps=123(128avg)
[it  208/244] ep_end= 99.6%(ended= 57)  pg=+0.0018  v=0.0011  ent=0.784  kl=+0.0351  clip=18.1%  redun=0.67 stall=0% pair=0.23 sync=+0.0000(12.5/k) ownGap=0.125 sps=123(128avg)
[it  209/244] ep_end= 99.8%(ended= 43)  pg=-0.0058  v=0.0009  ent=0.813  kl=+0.0274  clip=16.7%  redun=0.74 stall=0% pair=0.21 sync=+0.0000(13.8/k) ownGap=0.100 sps=121(128avg)
[it  210/244] ep_end= 99.8%(ended= 43)  pg=+0.0040  v=0.0009  ent=0.799  kl=+0.0329  clip=17.9%  redun=0.67 stall=0% pair=0.22 sync=+0.0000(12.8/k) ownGap=0.118 sps=122(128avg)
[evalsuite it= 210] score=+0.461±0.123  auc=0.949  imbN=0.261  fair=0.915  conc=0.35  idle=0.73  ov=0.69  duty=0.37  succ=0.94  s90=107  nSync=2.8  syncGap=0.000  ownAUC=0.939  scoreOwn=+0.451
[it  211/244] ep_end= 99.3%(ended= 52)  pg=-0.0042  v=0.0009  ent=0.798  kl=+0.0243  clip=14.5%  redun=0.65 stall=0% pair=0.22 sync=+0.0000(12.6/k) ownGap=0.128 sps=123(128avg)
[it  212/244] ep_end= 99.5%(ended= 52)  pg=-0.0023  v=0.0009  ent=0.810  kl=+0.0275  clip=16.9%  redun=0.67 stall=0% pair=0.23 sync=+0.0000(12.6/k) ownGap=0.134 sps=122(128avg)
[it  213/244] ep_end= 99.8%(ended= 42)  pg=-0.0045  v=0.0009  ent=0.828  kl=+0.0232  clip=15.6%  redun=0.74 stall=1% pair=0.21 sync=+0.0000(14.3/k) ownGap=0.110 sps=121(128avg)
[it  214/244] ep_end= 99.0%(ended= 43)  pg=-0.0049  v=0.0007  ent=0.794  kl=+0.0278  clip=15.5%  redun=0.62 stall=0% pair=0.24 sync=+0.0000(11.0/k) ownGap=0.143 sps=124(128avg)
[it  215/244] ep_end= 99.8%(ended= 51)  pg=-0.0022  v=0.0009  ent=0.795  kl=+0.0273  clip=15.5%  redun=0.66 stall=0% pair=0.23 sync=+0.0000(12.3/k) ownGap=0.134 sps=124(127avg)
[it  216/244] ep_end= 99.6%(ended= 53)  pg=+0.0006  v=0.0009  ent=0.812  kl=+0.0279  clip=17.3%  redun=0.61 stall=0% pair=0.24 sync=+0.0000(10.6/k) ownGap=0.154 sps=124(127avg)
[it  217/244] ep_end= 99.5%(ended= 36)  pg=-0.0024  v=0.0008  ent=0.837  kl=+0.0255  clip=16.2%  redun=0.69 stall=0% pair=0.22 sync=+0.0000(13.1/k) ownGap=0.115 sps=124(127avg)
[it  218/244] ep_end= 99.4%(ended= 45)  pg=-0.0014  v=0.0010  ent=0.834  kl=+0.0267  clip=18.2%  redun=0.71 stall=0% pair=0.22 sync=+0.0000(13.7/k) ownGap=0.120 sps=122(127avg)
[it  219/244] ep_end= 99.7%(ended= 46)  pg=-0.0031  v=0.0009  ent=0.823  kl=+0.0273  clip=17.1%  redun=0.67 stall=0% pair=0.23 sync=+0.0000(10.7/k) ownGap=0.135 sps=123(127avg)
[it  220/244] ep_end= 99.4%(ended= 65)  pg=-0.0035  v=0.0011  ent=0.824  kl=+0.0314  clip=18.5%  redun=0.69 stall=0% pair=0.22 sync=+0.0000(12.8/k) ownGap=0.113 sps=120(127avg)
[evalsuite it= 220] score=+0.422±0.139  auc=0.929  imbN=0.255  fair=0.919  conc=0.27  idle=0.79  ov=0.73  duty=0.39  succ=0.78  s90=188  nSync=3.7  syncGap=0.002  ownAUC=0.914  scoreOwn=+0.407
[it  221/244] ep_end= 99.6%(ended= 54)  pg=-0.0014  v=0.0010  ent=0.835  kl=+0.0331  clip=19.1%  redun=0.65 stall=0% pair=0.25 sync=+0.0000(11.6/k) ownGap=0.145 sps=122(127avg)
[it  222/244] ep_end= 99.8%(ended= 47)  pg=-0.0044  v=0.0012  ent=0.825  kl=+0.0251  clip=17.6%  redun=0.64 stall=0% pair=0.24 sync=+0.0000(11.6/k) ownGap=0.140 sps=122(127avg)
[it  223/244] ep_end= 99.6%(ended= 52)  pg=-0.0048  v=0.0011  ent=0.842  kl=+0.0263  clip=16.7%  redun=0.63 stall=0% pair=0.23 sync=+0.0000(12.1/k) ownGap=0.129 sps=122(127avg)
[it  224/244] ep_end= 99.5%(ended= 46)  pg=-0.0054  v=0.0011  ent=0.845  kl=+0.0260  clip=17.0%  redun=0.60 stall=0% pair=0.24 sync=+0.0000(12.5/k) ownGap=0.155 sps=124(127avg)
[it  225/244] ep_end= 99.4%(ended= 47)  pg=+0.0098  v=0.0013  ent=0.858  kl=+0.0562  clip=23.1%  redun=0.64 stall=1% pair=0.22 sync=+0.0000(12.3/k) ownGap=0.139 sps=119(127avg)
[it  226/244] ep_end= 99.8%(ended= 43)  pg=-0.0047  v=0.0008  ent=0.845  kl=+0.0230  clip=17.3%  redun=0.64 stall=0% pair=0.22 sync=+0.0000(11.8/k) ownGap=0.143 sps=124(127avg)
[it  227/244] ep_end= 99.0%(ended= 45)  pg=-0.0041  v=0.0008  ent=0.838  kl=+0.0200  clip=15.7%  redun=0.62 stall=0% pair=0.23 sync=+0.0000(12.0/k) ownGap=0.145 sps=123(127avg)
[it  228/244] ep_end= 99.8%(ended= 55)  pg=-0.0060  v=0.0010  ent=0.850  kl=+0.0213  clip=15.3%  redun=0.66 stall=0% pair=0.23 sync=+0.0000(11.6/k) ownGap=0.131 sps=123(127avg)
[it  229/244] ep_end= 99.8%(ended= 52)  pg=-0.0057  v=0.0008  ent=0.817  kl=+0.0210  clip=15.0%  redun=0.65 stall=0% pair=0.24 sync=+0.0000(12.1/k) ownGap=0.138 sps=123(127avg)
[it  230/244] ep_end= 99.7%(ended= 41)  pg=-0.0021  v=0.0006  ent=0.808  kl=+0.0266  clip=16.8%  redun=0.63 stall=0% pair=0.24 sync=+0.0000(10.6/k) ownGap=0.139 sps=124(127avg)
[evalsuite it= 230] score=+0.463±0.157  auc=0.938  imbN=0.274  fair=0.910  conc=0.35  idle=0.73  ov=0.62  duty=0.31  succ=0.91  s90=152  nSync=2.0  syncGap=0.013  ownAUC=0.912  scoreOwn=+0.437
[it  231/244] ep_end= 99.8%(ended= 40)  pg=-0.0067  v=0.0008  ent=0.849  kl=+0.0200  clip=14.1%  redun=0.67 stall=0% pair=0.23 sync=+0.0000(11.8/k) ownGap=0.129 sps=124(127avg)
[it  232/244] ep_end= 99.8%(ended= 48)  pg=-0.0064  v=0.0008  ent=0.855  kl=+0.0206  clip=15.9%  redun=0.60 stall=0% pair=0.25 sync=+0.0000(9.6/k) ownGap=0.153 sps=125(127avg)
[it  233/244] ep_end= 99.6%(ended= 58)  pg=-0.0057  v=0.0011  ent=0.868  kl=+0.0187  clip=16.2%  redun=0.66 stall=0% pair=0.22 sync=+0.0000(12.3/k) ownGap=0.131 sps=122(127avg)
[it  234/244] ep_end= 99.6%(ended= 48)  pg=-0.0059  v=0.0008  ent=0.830  kl=+0.0223  clip=14.3%  redun=0.63 stall=0% pair=0.24 sync=+0.0000(11.0/k) ownGap=0.145 sps=126(127avg)
[it  235/244] ep_end= 99.4%(ended= 55)  pg=-0.0067  v=0.0015  ent=0.850  kl=+0.0211  clip=17.2%  redun=0.61 stall=1% pair=0.24 sync=+0.0000(11.2/k) ownGap=0.163 sps=123(127avg)
[it  236/244] ep_end= 99.8%(ended= 50)  pg=-0.0036  v=0.0010  ent=0.800  kl=+0.0281  clip=16.0%  redun=0.63 stall=0% pair=0.24 sync=+0.0000(11.2/k) ownGap=0.130 sps=123(127avg)
[it  237/244] ep_end= 99.7%(ended= 53)  pg=-0.0007  v=0.0011  ent=0.849  kl=+0.0278  clip=19.1%  redun=0.65 stall=0% pair=0.24 sync=+0.0000(12.2/k) ownGap=0.137 sps=123(127avg)
[it  238/244] ep_end= 99.8%(ended= 53)  pg=+0.0025  v=0.0014  ent=0.822  kl=+0.0302  clip=16.4%  redun=0.59 stall=0% pair=0.25 sync=+0.0000(10.0/k) ownGap=0.162 sps=126(127avg)
[it  239/244] ep_end= 99.4%(ended= 35)  pg=-0.0049  v=0.0008  ent=0.858  kl=+0.0206  clip=14.5%  redun=0.63 stall=0% pair=0.25 sync=+0.0000(11.2/k) ownGap=0.146 sps=125(127avg)
[it  240/244] ep_end= 99.4%(ended= 48)  pg=-0.0026  v=0.0011  ent=0.845  kl=+0.0265  clip=17.4%  redun=0.59 stall=0% pair=0.26 sync=+0.0000(10.9/k) ownGap=0.164 sps=125(127avg)
[evalsuite it= 240] score=+0.410±0.200  auc=0.917  imbN=0.284  fair=0.895  conc=0.26  idle=0.78  ov=0.68  duty=0.31  succ=0.91  s90=194  nSync=2.8  syncGap=0.010  ownAUC=0.891  scoreOwn=+0.384
[it  241/244] ep_end= 99.8%(ended= 49)  pg=-0.0032  v=0.0008  ent=0.812  kl=+0.0228  clip=15.0%  redun=0.59 stall=0% pair=0.26 sync=+0.0000(10.4/k) ownGap=0.152 sps=123(127avg)
[it  242/244] ep_end= 99.7%(ended= 40)  pg=-0.0063  v=0.0008  ent=0.830  kl=+0.0196  clip=14.4%  redun=0.60 stall=0% pair=0.25 sync=+0.0000(10.3/k) ownGap=0.155 sps=125(127avg)
[it  243/244] ep_end= 99.7%(ended= 38)  pg=-0.0078  v=0.0011  ent=0.854  kl=+0.0223  clip=15.9%  redun=0.62 stall=0% pair=0.25 sync=+0.0000(10.3/k) ownGap=0.141 sps=126(127avg)
[it  244/244] ep_end= 99.1%(ended= 40)  pg=-0.0020  v=0.0014  ent=0.832  kl=+0.0308  clip=16.7%  redun=0.60 stall=0% pair=0.25 sync=+0.0000(11.4/k) ownGap=0.158 sps=125(127avg)
[evalsuite it= 244] score=+0.389±0.176  auc=0.924  imbN=0.316  fair=0.893  conc=0.31  idle=0.78  ov=0.73  duty=0.32  succ=0.94  s90=166  nSync=2.8  syncGap=0.016  ownAUC=0.898  scoreOwn=+0.363
[ckpt] runs/v13_travel_easy_20260730_003505/ckpt_100.pt
[eval] runs/v13_travel_easy_20260730_003505/eval_ckpt_100_m0.gif  map=70  final_explored=99.8%  frames=133
[trace] ckpt_100_m0  steps=124  explored=0.9915  → runs/v13_travel_easy_20260730_003505/traces/ckpt_100_m0
[eval] runs/v13_travel_easy_20260730_003505/eval_ckpt_100_m1.gif  map=325  final_explored=99.9%  frames=99
[trace] ckpt_100_m1  steps=97  explored=0.9965  → runs/v13_travel_easy_20260730_003505/traces/ckpt_100_m1
[done] runs/v13_travel_easy_20260730_003505/final.pt
PHASE1_DONE easy_final=runs/v13_travel_easy_20260730_003505/final.pt
############ PHASE 2: DIFFICULT (4M steps, warm-start from phase 1) ############
Warp 1.15.0 initialized:
   CUDA Toolkit 12.9, Driver 13.2
   Devices:
     "cpu"      : "x86_64"
     "cuda:0"   : "NVIDIA GeForce RTX 5080 Laptop GPU" (15 GiB, sm_120, mempool enabled)
   Kernel cache:
     /root/.cache/warp/1.15.0
Module env.world_warp c2cac31 load on device 'cuda:0' took 0.57 ms  (cached)
[init-ckpt] warm-started from runs/v13_travel_easy_20260730_003505/final.pt (iter=244, missing=0 unexpected=0)
[evalsuite] multi-split: ['complex']
[train] iters=488  steps/iter=8192  total≈3,997,696
[it    1/488] ep_end= 99.9%(ended= 15)  pg=+0.0033  v=0.0026  ent=0.790  kl=+0.1553  clip=31.7%  redun=0.68 stall=0% pair=0.15 sync=+0.0000(12.1/k) ownGap=0.090 sps=71(71avg)
[it    2/488] ep_end= 98.1%(ended= 20)  pg=+0.0041  v=0.0029  ent=0.845  kl=+0.0719  clip=23.8%  redun=0.66 stall=0% pair=0.17 sync=+0.0000(12.0/k) ownGap=0.105 sps=94(81avg)
[it    3/488] ep_end= 99.9%(ended= 16)  pg=-0.0109  v=0.0040  ent=0.858  kl=+0.0136  clip=17.5%  redun=0.75 stall=0% pair=0.17 sync=+0.0000(12.8/k) ownGap=0.091 sps=88(83avg)
[it    4/488] ep_end= 99.8%(ended= 10)  pg=-0.0072  v=0.0096  ent=0.927  kl=+0.0128  clip=18.5%  redun=0.73 stall=0% pair=0.19 sync=+0.0000(12.7/k) ownGap=0.118 sps=84(83avg)
[it    5/488] ep_end= 99.7%(ended= 17)  pg=-0.0049  v=0.0118  ent=0.882  kl=+0.0212  clip=20.9%  redun=0.79 stall=0% pair=0.17 sync=+0.0000(14.0/k) ownGap=0.083 sps=83(83avg)
[it    6/488] ep_end= 96.1%(ended= 13)  pg=-0.0076  v=0.0169  ent=0.930  kl=+0.0109  clip=21.1%  redun=0.79 stall=0% pair=0.17 sync=+0.0000(14.2/k) ownGap=0.078 sps=77(82avg)
[it    7/488] ep_end= 97.4%(ended= 17)  pg=-0.0077  v=0.0280  ent=0.926  kl=+0.0075  clip=15.1%  redun=0.73 stall=0% pair=0.16 sync=+0.0000(11.5/k) ownGap=0.110 sps=85(83avg)
[it    8/488] ep_end= 97.7%(ended= 15)  pg=-0.0029  v=0.0138  ent=0.959  kl=+0.0138  clip=19.3%  redun=0.73 stall=0% pair=0.17 sync=+0.0000(12.6/k) ownGap=0.100 sps=85(83avg)
[it    9/488] ep_end= 97.3%(ended=  9)  pg=-0.0114  v=0.0192  ent=0.986  kl=+0.0102  clip=18.9%  redun=0.80 stall=0% pair=0.16 sync=+0.0000(16.0/k) ownGap=0.075 sps=34(71avg)
[it   10/488] ep_end= 95.7%(ended= 11)  pg=-0.0066  v=0.0245  ent=1.025  kl=+0.0155  clip=22.5%  redun=0.85 stall=0% pair=0.14 sync=+0.0000(15.6/k) ownGap=0.055 sps=65(71avg)
[trace] auto_it0010  steps=2048  explored=0.7663  → runs/v13_travel_difficult_20260730_003505/traces/auto_it0010
[inspector] auto trace captured (it=10) → inspector unlocked
[evalsuite it=  10] score=-0.020±0.324  auc=0.537  imbN=0.362  fair=0.865  conc=0.06  idle=0.94  ov=0.57  duty=0.44  succ=0.06  s90=1882  nSync=14.3  syncGap=0.062  ownAUC=0.472  scoreOwn=-0.085
[ckpt] runs/v13_travel_difficult_20260730_003505/ckpt_best.pt
[best] new best eval/score=-0.020 at it=10 → ckpt_best.pt
[it   11/488] ep_end= 97.5%(ended= 21)  pg=-0.0096  v=0.0227  ent=0.967  kl=+0.0127  clip=16.8%  redun=0.80 stall=0% pair=0.12 sync=+0.0000(15.6/k) ownGap=0.076 sps=81(71avg)
[it   12/488] ep_end= 99.5%(ended= 20)  pg=-0.0069  v=0.0283  ent=0.885  kl=+0.0085  clip=16.5%  redun=0.74 stall=0% pair=0.17 sync=+0.0000(12.6/k) ownGap=0.106 sps=86(73avg)
[it   13/488] ep_end= 98.4%(ended= 22)  pg=-0.0076  v=0.0214  ent=0.805  kl=+0.0153  clip=16.1%  redun=0.72 stall=0% pair=0.18 sync=+0.0000(11.7/k) ownGap=0.103 sps=53(71avg)
[it   14/488] ep_end= 96.8%(ended= 15)  pg=-0.0017  v=0.0091  ent=0.810  kl=+0.0316  clip=21.0%  redun=0.77 stall=0% pair=0.16 sync=+0.0000(13.7/k) ownGap=0.091 sps=73(71avg)
[it   15/488] ep_end= 99.5%(ended= 21)  pg=-0.0069  v=0.0135  ent=0.899  kl=+0.0244  clip=20.4%  redun=0.80 stall=0% pair=0.15 sync=+0.0000(14.8/k) ownGap=0.075 sps=85(71avg)
[it   16/488] ep_end= 99.9%(ended= 17)  pg=-0.0077  v=0.0059  ent=0.797  kl=+0.0312  clip=18.8%  redun=0.75 stall=0% pair=0.18 sync=+0.0000(11.7/k) ownGap=0.086 sps=88(72avg)
[it   17/488] ep_end= 98.3%(ended= 12)  pg=-0.0054  v=0.0075  ent=0.817  kl=+0.0243  clip=20.4%  redun=0.73 stall=0% pair=0.18 sync=+0.0000(12.2/k) ownGap=0.094 sps=87(73avg)
[it   18/488] ep_end= 99.6%(ended= 16)  pg=-0.0058  v=0.0097  ent=0.821  kl=+0.0294  clip=20.0%  redun=0.77 stall=0% pair=0.19 sync=+0.0000(10.7/k) ownGap=0.094 sps=86(74avg)
[it   19/488] ep_end= 99.6%(ended= 11)  pg=-0.0067  v=0.0059  ent=0.829  kl=+0.0226  clip=20.6%  redun=0.71 stall=0% pair=0.19 sync=+0.0000(12.2/k) ownGap=0.103 sps=67(73avg)
[it   20/488] ep_end= 99.2%(ended= 15)  pg=+0.0011  v=0.0076  ent=0.890  kl=+0.0243  clip=24.1%  redun=0.79 stall=0% pair=0.17 sync=+0.0000(13.3/k) ownGap=0.080 sps=72(73avg)
[evalsuite it=  20] score=-0.132±0.292  auc=0.394  imbN=0.312  fair=0.891  conc=0.05  idle=0.96  ov=0.53  duty=0.41  succ=0.00  s90=2048  nSync=19.6  syncGap=0.038  ownAUC=0.349  scoreOwn=-0.178
[it   21/488] ep_end= 99.6%(ended= 19)  pg=-0.0081  v=0.0127  ent=0.858  kl=+0.0121  clip=16.8%  redun=0.75 stall=0% pair=0.19 sync=+0.0000(13.1/k) ownGap=0.100 sps=85(74avg)
[it   22/488] ep_end= 99.2%(ended= 23)  pg=-0.0059  v=0.0109  ent=0.794  kl=+0.0233  clip=19.8%  redun=0.73 stall=0% pair=0.18 sync=+0.0000(12.3/k) ownGap=0.094 sps=87(74avg)
[it   23/488] ep_end= 99.8%(ended= 22)  pg=-0.0035  v=0.0042  ent=0.728  kl=+0.0336  clip=20.5%  redun=0.73 stall=0% pair=0.20 sync=+0.0000(11.8/k) ownGap=0.095 sps=90(75avg)
[it   24/488] ep_end= 99.6%(ended= 16)  pg=-0.0037  v=0.0033  ent=0.773  kl=+0.0229  clip=19.2%  redun=0.68 stall=0% pair=0.20 sync=+0.0000(10.7/k) ownGap=0.121 sps=43(73avg)
[it   25/488] ep_end= 99.9%(ended= 18)  pg=-0.0073  v=0.0034  ent=0.862  kl=+0.0178  clip=19.1%  redun=0.72 stall=0% pair=0.19 sync=+0.0000(10.6/k) ownGap=0.106 sps=87(73avg)
[it   26/488] ep_end= 99.5%(ended= 16)  pg=-0.0046  v=0.0071  ent=0.910  kl=+0.0202  clip=22.3%  redun=0.77 stall=0% pair=0.17 sync=+0.0000(12.7/k) ownGap=0.098 sps=74(73avg)
[it   27/488] ep_end= 99.8%(ended= 19)  pg=-0.0074  v=0.0186  ent=0.971  kl=+0.0118  clip=20.3%  redun=0.76 stall=0% pair=0.16 sync=+0.0000(13.7/k) ownGap=0.104 sps=83(73avg)
[it   28/488] ep_end= 97.9%(ended= 17)  pg=-0.0085  v=0.0074  ent=0.941  kl=+0.0171  clip=19.5%  redun=0.72 stall=0% pair=0.17 sync=+0.0000(11.4/k) ownGap=0.122 sps=87(74avg)
[it   29/488] ep_end= 98.8%(ended= 21)  pg=-0.0062  v=0.0058  ent=0.953  kl=+0.0288  clip=24.3%  redun=0.76 stall=0% pair=0.15 sync=+0.0000(13.1/k) ownGap=0.089 sps=86(74avg)
[it   30/488] ep_end= 99.7%(ended= 11)  pg=-0.0076  v=0.0043  ent=0.947  kl=+0.0183  clip=20.3%  redun=0.78 stall=0% pair=0.19 sync=+0.0000(12.7/k) ownGap=0.083 sps=87(75avg)
[evalsuite it=  30] score=-0.063±0.263  auc=0.441  imbN=0.244  fair=0.924  conc=0.06  idle=0.94  ov=0.59  duty=0.41  succ=0.06  s90=1973  nSync=21.8  syncGap=0.011  ownAUC=0.419  scoreOwn=-0.085
[it   31/488] ep_end= 98.8%(ended= 14)  pg=-0.0073  v=0.0055  ent=0.956  kl=+0.0194  clip=21.4%  redun=0.74 stall=0% pair=0.20 sync=+0.0000(11.1/k) ownGap=0.100 sps=89(75avg)
[it   32/488] ep_end= 96.3%(ended=  9)  pg=-0.0083  v=0.0047  ent=0.899  kl=+0.0194  clip=20.3%  redun=0.76 stall=0% pair=0.19 sync=+0.0000(11.7/k) ownGap=0.089 sps=87(75avg)
[it   33/488] ep_end= 97.9%(ended= 13)  pg=-0.0071  v=0.0108  ent=0.979  kl=+0.0175  clip=22.0%  redun=0.81 stall=0% pair=0.16 sync=+0.0000(13.4/k) ownGap=0.078 sps=77(75avg)
[it   34/488] ep_end= 99.5%(ended= 13)  pg=-0.0033  v=0.0075  ent=0.934  kl=+0.0221  clip=23.7%  redun=0.74 stall=0% pair=0.18 sync=+0.0000(12.7/k) ownGap=0.092 sps=86(76avg)
[it   35/488] ep_end= 99.8%(ended= 11)  pg=-0.0076  v=0.0053  ent=0.924  kl=+0.0151  clip=19.6%  redun=0.76 stall=0% pair=0.18 sync=+0.0000(12.3/k) ownGap=0.086 sps=82(76avg)
[it   36/488] ep_end= 99.7%(ended= 18)  pg=-0.0059  v=0.0043  ent=0.932  kl=+0.0339  clip=22.9%  redun=0.75 stall=0% pair=0.18 sync=+0.0000(12.2/k) ownGap=0.091 sps=85(76avg)
[it   37/488] ep_end= 98.8%(ended= 22)  pg=-0.0061  v=0.0046  ent=0.942  kl=+0.0211  clip=21.0%  redun=0.78 stall=0% pair=0.15 sync=+0.0000(13.3/k) ownGap=0.078 sps=83(76avg)
[it   38/488] ep_end= 99.9%(ended= 21)  pg=-0.0033  v=0.0053  ent=0.934  kl=+0.0369  clip=22.3%  redun=0.76 stall=0% pair=0.16 sync=+0.0000(13.3/k) ownGap=0.084 sps=86(76avg)
[it   39/488] ep_end= 97.0%(ended= 18)  pg=-0.0088  v=0.0094  ent=0.940  kl=+0.0404  clip=20.2%  redun=0.73 stall=0% pair=0.15 sync=+0.0000(12.5/k) ownGap=0.096 sps=90(77avg)
[it   40/488] ep_end= 99.8%(ended= 17)  pg=-0.0090  v=0.0151  ent=0.961  kl=+0.0083  clip=17.8%  redun=0.74 stall=0% pair=0.16 sync=+0.0000(12.2/k) ownGap=0.087 sps=87(77avg)
[evalsuite it=  40] score=+0.123±0.281  auc=0.607  imbN=0.298  fair=0.899  conc=0.09  idle=0.91  ov=0.43  duty=0.30  succ=0.22  s90=1664  nSync=15.2  syncGap=0.031  ownAUC=0.564  scoreOwn=+0.080
[ckpt] runs/v13_travel_difficult_20260730_003505/ckpt_best.pt
[best] new best eval/score=+0.123 at it=40 → ckpt_best.pt
[it   41/488] ep_end= 99.3%(ended= 15)  pg=-0.0081  v=0.0119  ent=0.922  kl=+0.0159  clip=20.0%  redun=0.70 stall=0% pair=0.19 sync=+0.0000(11.4/k) ownGap=0.116 sps=87(77avg)
[it   42/488] ep_end= 97.3%(ended= 14)  pg=-0.0063  v=0.0098  ent=0.920  kl=+0.0168  clip=19.7%  redun=0.79 stall=0% pair=0.17 sync=+0.0000(13.9/k) ownGap=0.088 sps=87(77avg)
[it   43/488] ep_end= 99.8%(ended= 14)  pg=-0.0060  v=0.0022  ent=0.896  kl=+0.0290  clip=21.9%  redun=0.74 stall=0% pair=0.20 sync=+0.0000(10.7/k) ownGap=0.109 sps=91(78avg)
[it   44/488] ep_end= 99.4%(ended= 18)  pg=-0.0087  v=0.0033  ent=0.888  kl=+0.0295  clip=21.3%  redun=0.81 stall=0% pair=0.17 sync=+0.0000(12.9/k) ownGap=0.068 sps=91(78avg)
[it   45/488] ep_end= 99.6%(ended= 16)  pg=-0.0020  v=0.0026  ent=0.904  kl=+0.0367  clip=25.6%  redun=0.75 stall=0% pair=0.17 sync=+0.0000(10.9/k) ownGap=0.081 sps=91(78avg)
[it   46/488] ep_end= 99.8%(ended= 15)  pg=-0.0028  v=0.0029  ent=0.893  kl=+0.0258  clip=23.8%  redun=0.72 stall=0% pair=0.20 sync=+0.0000(10.3/k) ownGap=0.111 sps=87(78avg)
[it   47/488] ep_end= 99.6%(ended= 19)  pg=-0.0075  v=0.0026  ent=0.923  kl=+0.0221  clip=21.6%  redun=0.72 stall=0% pair=0.18 sync=+0.0000(11.2/k) ownGap=0.106 sps=86(78avg)
[it   48/488] ep_end= 99.9%(ended= 16)  pg=-0.0084  v=0.0018  ent=0.945  kl=+0.0252  clip=21.9%  redun=0.73 stall=0% pair=0.17 sync=+0.0000(12.5/k) ownGap=0.096 sps=85(79avg)
[it   49/488] ep_end= 99.5%(ended= 13)  pg=-0.0077  v=0.0021  ent=0.935  kl=+0.0242  clip=22.0%  redun=0.77 stall=0% pair=0.19 sync=+0.0000(10.7/k) ownGap=0.081 sps=52(78avg)
[it   50/488] ep_end= 97.2%(ended= 15)  pg=-0.0020  v=0.0023  ent=0.957  kl=+0.0289  clip=23.9%  redun=0.77 stall=0% pair=0.19 sync=+0.0000(11.2/k) ownGap=0.091 sps=69(78avg)
[evalsuite it=  50] score=+0.263±0.218  auc=0.697  imbN=0.261  fair=0.914  conc=0.10  idle=0.88  ov=0.33  duty=0.18  succ=0.44  s90=1411  nSync=13.8  syncGap=0.064  ownAUC=0.628  scoreOwn=+0.193
[ckpt] runs/v13_travel_difficult_20260730_003505/ckpt_best.pt
[best] new best eval/score=+0.263 at it=50 → ckpt_best.pt
[it   51/488] ep_end= 98.3%(ended= 12)  pg=-0.0063  v=0.0017  ent=0.946  kl=+0.0178  clip=21.0%  redun=0.76 stall=0% pair=0.18 sync=+0.0000(10.7/k) ownGap=0.090 sps=86(78avg)
[it   52/488] ep_end= 99.4%(ended= 13)  pg=-0.0058  v=0.0018  ent=0.937  kl=+0.0200  clip=19.9%  redun=0.79 stall=0% pair=0.21 sync=+0.0000(10.1/k) ownGap=0.083 sps=86(78avg)
[it   53/488] ep_end= 99.7%(ended= 23)  pg=-0.0062  v=0.0020  ent=0.893  kl=+0.0294  clip=20.8%  redun=0.68 stall=0% pair=0.21 sync=+0.0000(9.8/k) ownGap=0.124 sps=90(78avg)
[it   54/488] ep_end= 99.3%(ended= 17)  pg=-0.0057  v=0.0011  ent=0.942  kl=+0.0285  clip=25.4%  redun=0.66 stall=0% pair=0.22 sync=+0.0000(8.8/k) ownGap=0.123 sps=92(78avg)
[it   55/488] ep_end= 99.6%(ended=  9)  pg=-0.0067  v=0.0010  ent=0.952  kl=+0.0210  clip=20.9%  redun=0.74 stall=0% pair=0.21 sync=+0.0000(9.6/k) ownGap=0.100 sps=95(79avg)
[it   56/488] ep_end= 99.3%(ended= 13)  pg=-0.0086  v=0.0010  ent=0.938  kl=+0.0245  clip=20.8%  redun=0.76 stall=0% pair=0.21 sync=+0.0000(10.9/k) ownGap=0.092 sps=90(79avg)
[it   57/488] ep_end= 99.5%(ended= 14)  pg=-0.0047  v=0.0011  ent=0.942  kl=+0.0287  clip=23.1%  redun=0.78 stall=0% pair=0.16 sync=+0.0000(12.6/k) ownGap=0.083 sps=87(79avg)
[it   58/488] ep_end= 99.8%(ended= 26)  pg=-0.0075  v=0.0020  ent=0.888  kl=+0.0288  clip=22.9%  redun=0.79 stall=0% pair=0.15 sync=+0.0000(14.3/k) ownGap=0.074 sps=85(79avg)
[it   59/488] ep_end= 99.9%(ended= 21)  pg=-0.0013  v=0.0015  ent=0.852  kl=+0.0288  clip=22.6%  redun=0.71 stall=0% pair=0.17 sync=+0.0000(12.1/k) ownGap=0.100 sps=81(79avg)
[it   60/488] ep_end= 98.7%(ended= 27)  pg=-0.0036  v=0.0015  ent=0.836  kl=+0.0269  clip=20.6%  redun=0.70 stall=0% pair=0.19 sync=+0.0000(10.1/k) ownGap=0.111 sps=87(79avg)
[evalsuite it=  60] score=+0.285±0.190  auc=0.698  imbN=0.268  fair=0.915  conc=0.09  idle=0.89  ov=0.23  duty=0.11  succ=0.31  s90=1332  nSync=9.0  syncGap=0.115  ownAUC=0.587  scoreOwn=+0.173
[ckpt] runs/v13_travel_difficult_20260730_003505/ckpt_best.pt
[best] new best eval/score=+0.285 at it=60 → ckpt_best.pt
[it   61/488] ep_end= 99.3%(ended= 24)  pg=-0.0075  v=0.0008  ent=0.828  kl=+0.0194  clip=17.4%  redun=0.70 stall=0% pair=0.19 sync=+0.0000(10.6/k) ownGap=0.114 sps=88(79avg)
[it   62/488] ep_end= 99.9%(ended= 20)  pg=-0.0104  v=0.0010  ent=0.834  kl=+0.0163  clip=18.5%  redun=0.68 stall=0% pair=0.20 sync=+0.0000(11.2/k) ownGap=0.102 sps=85(79avg)
[it   63/488] ep_end= 99.7%(ended= 14)  pg=-0.0040  v=0.0011  ent=0.792  kl=+0.0276  clip=17.9%  redun=0.70 stall=0% pair=0.20 sync=+0.0000(9.0/k) ownGap=0.110 sps=88(79avg)
[it   64/488] ep_end= 99.7%(ended= 23)  pg=-0.0046  v=0.0016  ent=0.769  kl=+0.0187  clip=16.5%  redun=0.71 stall=0% pair=0.19 sync=+0.0000(10.4/k) ownGap=0.097 sps=86(80avg)
[it   65/488] ep_end= 99.8%(ended= 15)  pg=-0.0079  v=0.0012  ent=0.838  kl=+0.0227  clip=17.6%  redun=0.71 stall=0% pair=0.22 sync=+0.0000(8.9/k) ownGap=0.103 sps=89(80avg)
[it   66/488] ep_end= 99.9%(ended= 13)  pg=-0.0042  v=0.0016  ent=0.874  kl=+0.0147  clip=19.7%  redun=0.78 stall=0% pair=0.22 sync=+0.0000(9.5/k) ownGap=0.078 sps=90(80avg)
[it   67/488] ep_end= 99.8%(ended= 12)  pg=-0.0054  v=0.0054  ent=0.891  kl=+0.0137  clip=18.1%  redun=0.76 stall=0% pair=0.23 sync=+0.0000(9.4/k) ownGap=0.089 sps=89(80avg)
[it   68/488] ep_end= 99.8%(ended= 13)  pg=-0.0058  v=0.0037  ent=0.921  kl=+0.0155  clip=21.2%  redun=0.75 stall=0% pair=0.20 sync=+0.0000(12.0/k) ownGap=0.103 sps=87(80avg)
[it   69/488] ep_end= 98.6%(ended= 15)  pg=-0.0057  v=0.0033  ent=0.931  kl=+0.0188  clip=19.7%  redun=0.80 stall=0% pair=0.20 sync=+0.0000(11.1/k) ownGap=0.073 sps=85(80avg)
[it   70/488] ep_end= 99.0%(ended= 20)  pg=-0.0079  v=0.0022  ent=0.941  kl=+0.0210  clip=19.7%  redun=0.75 stall=0% pair=0.22 sync=+0.0000(10.0/k) ownGap=0.102 sps=88(80avg)
[evalsuite it=  70] score=+0.381±0.153  auc=0.763  imbN=0.211  fair=0.940  conc=0.11  idle=0.85  ov=0.26  duty=0.13  succ=0.56  s90=1119  nSync=8.8  syncGap=0.041  ownAUC=0.706  scoreOwn=+0.323
[ckpt] runs/v13_travel_difficult_20260730_003505/ckpt_best.pt
[best] new best eval/score=+0.381 at it=70 → ckpt_best.pt
[it   71/488] ep_end= 99.8%(ended= 21)  pg=-0.0053  v=0.0017  ent=0.901  kl=+0.0242  clip=20.6%  redun=0.73 stall=0% pair=0.20 sync=+0.0000(11.5/k) ownGap=0.108 sps=91(80avg)
[it   72/488] ep_end= 97.3%(ended= 15)  pg=-0.0074  v=0.0012  ent=0.850  kl=+0.0239  clip=20.0%  redun=0.73 stall=0% pair=0.20 sync=+0.0000(9.4/k) ownGap=0.105 sps=92(80avg)
