############ PHASE 1: EASY  (from scratch, travel budget 0.06, 2M steps) ############
Warp 1.15.0 initialized:
   CUDA Toolkit 12.9, Driver 13.2
   Devices:
     "cpu"      : "x86_64"
     "cuda:0"   : "NVIDIA GeForce RTX 5080 Laptop GPU" (15 GiB, sm_120, mempool enabled)
   Kernel cache:
     /root/.cache/warp/1.15.0
Module env.world_warp c2cac31 load on device 'cuda:0' took 0.55 ms  (cached)
[evalsuite] multi-split: ['hybrid']
[train] iters=244  steps/iter=8192  total≈1,998,848
[it    1/244] ep_end= 41.1%(ended=  9)  pg=+0.0218  v=1.5459  ent=1.333  kl=+0.0282  clip=39.6%  redun=0.95 stall=9% pair=0.05 sync=+0.0000(4.2/k) ownGap=0.008 sps=149(149avg)
[it    2/244] ep_end= 25.0%(ended= 29)  pg=-0.0037  v=1.4463  ent=1.354  kl=+0.0079  clip=14.8%  redun=0.94 stall=9% pair=0.05 sync=+0.0000(7.4/k) ownGap=0.012 sps=143(146avg)
[it    3/244] ep_end= 37.6%(ended= 18)  pg=+0.0018  v=1.0936  ent=1.322  kl=+0.0045  clip=8.9%  redun=0.98 stall=11% pair=0.04 sync=+0.0000(3.3/k) ownGap=0.002 sps=146(146avg)
[it    4/244] ep_end= 24.9%(ended= 21)  pg=-0.0020  v=1.2177  ent=1.357  kl=+0.0047  clip=8.1%  redun=0.95 stall=10% pair=0.06 sync=+0.0000(5.2/k) ownGap=0.011 sps=145(146avg)
[it    5/244] ep_end= 29.6%(ended= 25)  pg=-0.0006  v=0.7628  ent=1.358  kl=+0.0034  clip=9.1%  redun=0.96 stall=9% pair=0.05 sync=+0.0000(5.2/k) ownGap=0.007 sps=143(145avg)
[it    6/244] ep_end= 25.7%(ended= 19)  pg=-0.0022  v=0.7175  ent=1.353  kl=+0.0045  clip=7.6%  redun=0.95 stall=9% pair=0.06 sync=+0.0000(5.4/k) ownGap=0.010 sps=144(145avg)
[it    7/244] ep_end= 23.5%(ended= 26)  pg=-0.0001  v=0.7280  ent=1.332  kl=+0.0034  clip=6.4%  redun=0.97 stall=10% pair=0.04 sync=+0.0000(4.2/k) ownGap=0.005 sps=144(145avg)
[it    8/244] ep_end= 31.2%(ended= 24)  pg=-0.0006  v=0.7388  ent=1.345  kl=+0.0041  clip=6.4%  redun=0.93 stall=9% pair=0.06 sync=+0.0000(4.4/k) ownGap=0.016 sps=143(145avg)
[it    9/244] ep_end= 34.0%(ended= 26)  pg=-0.0027  v=0.3615  ent=1.426  kl=+0.0048  clip=8.0%  redun=0.95 stall=8% pair=0.06 sync=+0.0000(7.3/k) ownGap=0.015 sps=143(145avg)
[it   10/244] ep_end= 33.5%(ended= 28)  pg=-0.0022  v=0.2999  ent=1.454  kl=+0.0018  clip=5.7%  redun=0.96 stall=6% pair=0.07 sync=+0.0000(8.5/k) ownGap=0.010 sps=142(144avg)
[trace] auto_it0010  steps=406  explored=0.5261  → runs/v14_frontier_easy_20260731_004306/traces/auto_it0010
[inspector] auto trace captured (it=10) → inspector unlocked
[evalsuite it=  10] score=-0.337±0.279  auc=0.363  imbN=0.454  fair=0.809  conc=0.04  idle=0.97  ov=0.92  duty=0.86  succ=0.00  s90=1024  nSync=1.5  syncGap=0.029  ownAUC=0.335  scoreOwn=-0.365
[ckpt] runs/v14_frontier_easy_20260731_004306/ckpt_best.pt
[best] new best eval/score=-0.337 at it=10 → ckpt_best.pt
[it   11/244] ep_end= 29.8%(ended= 22)  pg=-0.0023  v=0.2668  ent=1.437  kl=+0.0042  clip=8.6%  redun=0.96 stall=7% pair=0.06 sync=+0.0000(8.8/k) ownGap=0.010 sps=143(144avg)
[it   12/244] ep_end= 27.3%(ended= 27)  pg=-0.0022  v=0.2612  ent=1.425  kl=+0.0033  clip=8.6%  redun=0.96 stall=7% pair=0.06 sync=+0.0000(9.8/k) ownGap=0.013 sps=141(144avg)
[it   13/244] ep_end= 27.3%(ended= 22)  pg=-0.0008  v=0.3040  ent=1.450  kl=+0.0036  clip=9.8%  redun=0.96 stall=5% pair=0.06 sync=+0.0000(11.0/k) ownGap=0.010 sps=141(144avg)
[it   14/244] ep_end= 26.4%(ended= 23)  pg=-0.0043  v=0.2264  ent=1.442  kl=+0.0036  clip=9.1%  redun=0.96 stall=6% pair=0.06 sync=+0.0000(12.2/k) ownGap=0.008 sps=141(143avg)
[it   15/244] ep_end= 24.9%(ended= 23)  pg=-0.0015  v=0.1832  ent=1.423  kl=+0.0053  clip=13.6%  redun=0.94 stall=5% pair=0.08 sync=+0.0000(10.9/k) ownGap=0.011 sps=139(143avg)
[it   16/244] ep_end= 26.8%(ended= 24)  pg=-0.0023  v=0.3189  ent=1.438  kl=+0.0052  clip=11.9%  redun=0.91 stall=5% pair=0.09 sync=+0.0000(10.7/k) ownGap=0.021 sps=138(143avg)
[it   17/244] ep_end= 30.5%(ended= 25)  pg=-0.0012  v=0.1614  ent=1.433  kl=+0.0078  clip=14.1%  redun=0.93 stall=5% pair=0.08 sync=+0.0000(10.9/k) ownGap=0.020 sps=138(143avg)
[it   18/244] ep_end= 23.7%(ended= 25)  pg=-0.0028  v=0.2993  ent=1.440  kl=+0.0086  clip=11.8%  redun=0.91 stall=4% pair=0.10 sync=+0.0000(11.4/k) ownGap=0.020 sps=139(142avg)
[it   19/244] ep_end= 35.1%(ended= 25)  pg=-0.0018  v=0.1240  ent=1.459  kl=+0.0062  clip=16.0%  redun=0.89 stall=3% pair=0.10 sync=+0.0000(12.8/k) ownGap=0.024 sps=137(142avg)
[it   20/244] ep_end= 28.1%(ended= 21)  pg=-0.0019  v=0.1501  ent=1.464  kl=+0.0086  clip=16.8%  redun=0.95 stall=4% pair=0.07 sync=+0.0000(11.8/k) ownGap=0.010 sps=139(142avg)
[evalsuite it=  20] score=-0.226±0.258  auc=0.443  imbN=0.460  fair=0.811  conc=0.07  idle=0.96  ov=0.80  duty=0.51  succ=0.00  s90=998  nSync=5.9  syncGap=0.049  ownAUC=0.396  scoreOwn=-0.272
[ckpt] runs/v14_frontier_easy_20260731_004306/ckpt_best.pt
[best] new best eval/score=-0.226 at it=20 → ckpt_best.pt
[it   21/244] ep_end= 32.9%(ended= 25)  pg=-0.0040  v=0.1534  ent=1.477  kl=+0.0071  clip=17.2%  redun=0.94 stall=4% pair=0.08 sync=+0.0000(14.6/k) ownGap=0.016 sps=140(142avg)
[it   22/244] ep_end= 32.5%(ended= 29)  pg=-0.0029  v=0.1637  ent=1.465  kl=+0.0056  clip=16.3%  redun=0.92 stall=3% pair=0.09 sync=+0.0000(12.6/k) ownGap=0.023 sps=136(141avg)
[it   23/244] ep_end= 41.1%(ended= 30)  pg=-0.0023  v=0.1282  ent=1.474  kl=+0.0071  clip=19.1%  redun=0.95 stall=3% pair=0.08 sync=+0.0000(13.7/k) ownGap=0.017 sps=135(141avg)
[it   24/244] ep_end= 36.2%(ended= 24)  pg=-0.0038  v=0.1094  ent=1.490  kl=+0.0067  clip=16.2%  redun=0.94 stall=3% pair=0.09 sync=+0.0000(14.4/k) ownGap=0.013 sps=137(141avg)
[it   25/244] ep_end= 35.4%(ended= 24)  pg=-0.0044  v=0.1286  ent=1.470  kl=+0.0082  clip=19.9%  redun=0.88 stall=2% pair=0.11 sync=+0.0000(12.7/k) ownGap=0.034 sps=137(141avg)
[it   26/244] ep_end= 43.7%(ended= 31)  pg=-0.0025  v=0.1209  ent=1.449  kl=+0.0091  clip=19.0%  redun=0.85 stall=2% pair=0.12 sync=+0.0000(12.5/k) ownGap=0.043 sps=136(141avg)
[it   27/244] ep_end= 41.5%(ended= 25)  pg=-0.0050  v=0.1256  ent=1.430  kl=+0.0095  clip=19.8%  redun=0.92 stall=2% pair=0.10 sync=+0.0000(15.4/k) ownGap=0.021 sps=137(141avg)
[it   28/244] ep_end= 40.8%(ended= 28)  pg=-0.0024  v=0.1207  ent=1.422  kl=+0.0138  clip=19.7%  redun=0.91 stall=2% pair=0.11 sync=+0.0000(15.9/k) ownGap=0.021 sps=135(140avg)
[it   29/244] ep_end= 46.0%(ended= 27)  pg=-0.0034  v=0.1105  ent=1.385  kl=+0.0152  clip=20.0%  redun=0.88 stall=2% pair=0.12 sync=+0.0000(16.1/k) ownGap=0.033 sps=135(140avg)
[it   30/244] ep_end= 41.8%(ended= 22)  pg=-0.0016  v=0.0868  ent=1.385  kl=+0.0221  clip=22.9%  redun=0.87 stall=2% pair=0.12 sync=+0.0000(16.8/k) ownGap=0.041 sps=136(140avg)
[evalsuite it=  30] score=-0.293±0.250  auc=0.375  imbN=0.450  fair=0.815  conc=0.05  idle=0.97  ov=0.80  duty=0.54  succ=0.00  s90=1024  nSync=5.2  syncGap=0.065  ownAUC=0.316  scoreOwn=-0.352
[it   31/244] ep_end= 41.9%(ended= 29)  pg=-0.0033  v=0.0990  ent=1.366  kl=+0.0148  clip=20.6%  redun=0.85 stall=2% pair=0.13 sync=+0.0000(15.3/k) ownGap=0.049 sps=137(140avg)
[it   32/244] ep_end= 43.5%(ended= 24)  pg=-0.0056  v=0.0796  ent=1.356  kl=+0.0120  clip=18.9%  redun=0.90 stall=2% pair=0.12 sync=+0.0000(16.4/k) ownGap=0.025 sps=136(140avg)
[it   33/244] ep_end= 39.7%(ended= 29)  pg=-0.0025  v=0.0924  ent=1.345  kl=+0.0160  clip=21.6%  redun=0.87 stall=2% pair=0.14 sync=+0.0000(15.3/k) ownGap=0.041 sps=135(140avg)
[it   34/244] ep_end= 44.1%(ended= 27)  pg=-0.0047  v=0.0674  ent=1.299  kl=+0.0150  clip=18.4%  redun=0.89 stall=2% pair=0.12 sync=+0.0000(16.4/k) ownGap=0.037 sps=135(140avg)
[it   35/244] ep_end= 42.6%(ended= 23)  pg=-0.0046  v=0.0595  ent=1.264  kl=+0.0162  clip=20.1%  redun=0.90 stall=2% pair=0.12 sync=+0.0000(15.6/k) ownGap=0.029 sps=133(139avg)
[it   36/244] ep_end= 42.1%(ended= 24)  pg=-0.0037  v=0.0655  ent=1.283  kl=+0.0207  clip=23.1%  redun=0.94 stall=2% pair=0.10 sync=+0.0000(16.2/k) ownGap=0.018 sps=131(139avg)
[it   37/244] ep_end= 41.6%(ended= 25)  pg=-0.0051  v=0.0800  ent=1.285  kl=+0.0133  clip=19.6%  redun=0.89 stall=2% pair=0.11 sync=+0.0000(14.6/k) ownGap=0.031 sps=137(139avg)
[it   38/244] ep_end= 41.5%(ended= 28)  pg=-0.0032  v=0.0755  ent=1.262  kl=+0.0171  clip=20.4%  redun=0.90 stall=2% pair=0.11 sync=+0.0000(17.0/k) ownGap=0.031 sps=134(139avg)
[it   39/244] ep_end= 44.7%(ended= 22)  pg=-0.0037  v=0.0678  ent=1.281  kl=+0.0191  clip=22.1%  redun=0.88 stall=2% pair=0.12 sync=+0.0000(14.3/k) ownGap=0.036 sps=131(139avg)
[it   40/244] ep_end= 40.9%(ended= 26)  pg=-0.0053  v=0.0737  ent=1.271  kl=+0.0162  clip=21.3%  redun=0.84 stall=2% pair=0.14 sync=+0.0000(16.2/k) ownGap=0.046 sps=129(138avg)
[evalsuite it=  40] score=+0.307±0.228  auc=0.854  imbN=0.369  fair=0.857  conc=0.15  idle=0.89  ov=0.55  duty=0.28  succ=0.41  s90=358  nSync=3.9  syncGap=0.082  ownAUC=0.767  scoreOwn=+0.220
[ckpt] runs/v14_frontier_easy_20260731_004306/ckpt_best.pt
[best] new best eval/score=+0.307 at it=40 → ckpt_best.pt
[it   41/244] ep_end= 46.4%(ended= 29)  pg=-0.0014  v=0.0750  ent=1.259  kl=+0.0168  clip=25.0%  redun=0.84 stall=1% pair=0.15 sync=+0.0000(16.1/k) ownGap=0.050 sps=132(138avg)
[it   42/244] ep_end= 51.8%(ended= 26)  pg=-0.0042  v=0.0574  ent=1.241  kl=+0.0192  clip=21.1%  redun=0.85 stall=1% pair=0.14 sync=+0.0000(16.1/k) ownGap=0.039 sps=134(138avg)
[it   43/244] ep_end= 50.7%(ended= 26)  pg=-0.0019  v=0.0528  ent=1.248  kl=+0.0156  clip=22.0%  redun=0.77 stall=1% pair=0.16 sync=+0.0000(12.3/k) ownGap=0.066 sps=132(138avg)
[it   44/244] ep_end= 61.1%(ended= 27)  pg=-0.0036  v=0.0395  ent=1.247  kl=+0.0179  clip=22.1%  redun=0.79 stall=1% pair=0.15 sync=+0.0000(13.3/k) ownGap=0.062 sps=131(138avg)
[it   45/244] ep_end= 51.2%(ended= 30)  pg=-0.0059  v=0.0492  ent=1.206  kl=+0.0153  clip=19.6%  redun=0.72 stall=1% pair=0.15 sync=+0.0000(11.8/k) ownGap=0.081 sps=136(138avg)
[it   46/244] ep_end= 53.1%(ended= 22)  pg=-0.0057  v=0.0408  ent=1.192  kl=+0.0124  clip=18.9%  redun=0.81 stall=1% pair=0.15 sync=+0.0000(14.3/k) ownGap=0.053 sps=136(138avg)
[it   47/244] ep_end= 54.2%(ended= 31)  pg=-0.0056  v=0.0370  ent=1.220  kl=+0.0137  clip=20.2%  redun=0.85 stall=1% pair=0.15 sync=+0.0000(15.1/k) ownGap=0.050 sps=134(138avg)
[it   48/244] ep_end= 45.1%(ended= 25)  pg=-0.0038  v=0.0482  ent=1.156  kl=+0.0145  clip=19.9%  redun=0.77 stall=1% pair=0.18 sync=+0.0000(13.2/k) ownGap=0.065 sps=136(138avg)
[it   49/244] ep_end= 51.7%(ended= 23)  pg=-0.0040  v=0.0377  ent=1.188  kl=+0.0141  clip=22.0%  redun=0.74 stall=1% pair=0.19 sync=+0.0000(11.5/k) ownGap=0.083 sps=136(138avg)
[ckpt] runs/v14_frontier_easy_20260731_004306/ckpt_020.pt
[eval] runs/v14_frontier_easy_20260731_004306/eval_ckpt_020_m0.gif  map=340  final_explored=99.6%  frames=156
[trace] ckpt_020_m0  steps=190  explored=0.9964  → runs/v14_frontier_easy_20260731_004306/traces/ckpt_020_m0
[eval] runs/v14_frontier_easy_20260731_004306/eval_ckpt_020_m1.gif  map=254  final_explored=100.0%  frames=262
[trace] ckpt_020_m1  steps=253  explored=0.9913  → runs/v14_frontier_easy_20260731_004306/traces/ckpt_020_m1
[it   50/244] ep_end= 57.6%(ended= 23)  pg=-0.0015  v=0.0364  ent=1.201  kl=+0.0213  clip=24.9%  redun=0.84 stall=1% pair=0.16 sync=+0.0000(14.3/k) ownGap=0.054 sps=134(138avg)
[evalsuite it=  50] score=+0.392±0.117  auc=0.912  imbN=0.353  fair=0.870  conc=0.16  idle=0.87  ov=0.50  duty=0.23  succ=0.66  s90=260  nSync=3.6  syncGap=0.043  ownAUC=0.851  scoreOwn=+0.332
[ckpt] runs/v14_frontier_easy_20260731_004306/ckpt_best.pt
[best] new best eval/score=+0.392 at it=50 → ckpt_best.pt
[it   51/244] ep_end= 48.2%(ended= 26)  pg=-0.0031  v=0.0329  ent=1.154  kl=+0.0136  clip=20.2%  redun=0.81 stall=1% pair=0.18 sync=+0.0000(15.1/k) ownGap=0.066 sps=134(137avg)
[it   52/244] ep_end= 60.5%(ended= 33)  pg=-0.0051  v=0.0152  ent=1.159  kl=+0.0120  clip=17.4%  redun=0.86 stall=1% pair=0.17 sync=+0.0000(15.9/k) ownGap=0.049 sps=134(137avg)
[it   53/244] ep_end= 72.0%(ended= 27)  pg=-0.0059  v=0.0102  ent=1.150  kl=+0.0115  clip=18.3%  redun=0.81 stall=0% pair=0.19 sync=+0.0000(12.3/k) ownGap=0.083 sps=131(137avg)
[it   54/244] ep_end= 74.9%(ended= 29)  pg=-0.0060  v=0.0104  ent=1.081  kl=+0.0174  clip=17.6%  redun=0.79 stall=0% pair=0.20 sync=+0.0000(13.9/k) ownGap=0.088 sps=128(137avg)
[it   55/244] ep_end= 79.0%(ended= 38)  pg=+0.0005  v=0.0117  ent=1.104  kl=+0.0212  clip=23.4%  redun=0.76 stall=1% pair=0.21 sync=+0.0000(11.5/k) ownGap=0.098 sps=126(137avg)
[it   56/244] ep_end= 89.3%(ended= 23)  pg=-0.0050  v=0.0074  ent=1.034  kl=+0.0199  clip=18.9%  redun=0.76 stall=0% pair=0.21 sync=+0.0000(12.2/k) ownGap=0.104 sps=127(137avg)
[it   57/244] ep_end= 78.8%(ended= 30)  pg=-0.0031  v=0.0074  ent=1.001  kl=+0.0214  clip=19.3%  redun=0.75 stall=0% pair=0.22 sync=+0.0000(10.4/k) ownGap=0.110 sps=125(136avg)
[it   58/244] ep_end= 88.6%(ended= 41)  pg=-0.0060  v=0.0092  ent=0.957  kl=+0.0147  clip=16.2%  redun=0.75 stall=1% pair=0.20 sync=+0.0000(14.3/k) ownGap=0.098 sps=120(136avg)
[it   59/244] ep_end= 86.5%(ended= 29)  pg=-0.0059  v=0.0175  ent=0.996  kl=+0.0105  clip=16.1%  redun=0.75 stall=1% pair=0.18 sync=+0.0000(14.3/k) ownGap=0.103 sps=122(136avg)
[it   60/244] ep_end= 87.5%(ended= 37)  pg=-0.0049  v=0.0266  ent=0.897  kl=+0.0053  clip=12.2%  redun=0.70 stall=1% pair=0.22 sync=+0.0000(10.1/k) ownGap=0.125 sps=124(136avg)
[evalsuite it=  60] score=+0.142±0.266  auc=0.700  imbN=0.364  fair=0.864  conc=0.09  idle=0.93  ov=0.58  duty=0.26  succ=0.12  s90=728  nSync=4.1  syncGap=0.108  ownAUC=0.594  scoreOwn=+0.036
[it   61/244] ep_end= 92.4%(ended= 29)  pg=+0.0118  v=0.0106  ent=0.904  kl=+0.0440  clip=20.6%  redun=0.64 stall=1% pair=0.23 sync=+0.0000(10.9/k) ownGap=0.151 sps=126(136avg)
[it   62/244] ep_end= 94.3%(ended= 44)  pg=-0.0003  v=0.0073  ent=0.890  kl=+0.0221  clip=16.8%  redun=0.69 stall=0% pair=0.22 sync=+0.0000(12.5/k) ownGap=0.142 sps=123(135avg)
[it   63/244] ep_end= 94.8%(ended= 31)  pg=-0.0052  v=0.0045  ent=0.876  kl=+0.0205  clip=15.8%  redun=0.74 stall=0% pair=0.23 sync=+0.0000(11.2/k) ownGap=0.113 sps=121(135avg)
[it   64/244] ep_end= 95.9%(ended= 40)  pg=-0.0047  v=0.0069  ent=0.938  kl=+0.0176  clip=16.9%  redun=0.75 stall=1% pair=0.21 sync=+0.0000(13.5/k) ownGap=0.100 sps=122(135avg)
[it   65/244] ep_end= 90.1%(ended= 39)  pg=-0.0039  v=0.0041  ent=0.920  kl=+0.0175  clip=17.1%  redun=0.73 stall=0% pair=0.20 sync=+0.0000(12.2/k) ownGap=0.114 sps=121(135avg)
[it   66/244] ep_end= 95.3%(ended= 44)  pg=-0.0039  v=0.0052  ent=0.922  kl=+0.0246  clip=18.2%  redun=0.75 stall=0% pair=0.21 sync=+0.0000(13.9/k) ownGap=0.101 sps=120(134avg)
[it   67/244] ep_end= 95.2%(ended= 30)  pg=-0.0035  v=0.0041  ent=0.944  kl=+0.0244  clip=18.4%  redun=0.75 stall=0% pair=0.20 sync=+0.0000(14.0/k) ownGap=0.102 sps=120(134avg)
[it   68/244] ep_end= 94.2%(ended= 41)  pg=-0.0049  v=0.0030  ent=0.951  kl=+0.0203  clip=17.9%  redun=0.77 stall=0% pair=0.22 sync=+0.0000(13.2/k) ownGap=0.087 sps=121(134avg)
[it   69/244] ep_end= 97.9%(ended= 31)  pg=-0.0040  v=0.0027  ent=0.882  kl=+0.0252  clip=16.6%  redun=0.70 stall=0% pair=0.23 sync=+0.0000(13.2/k) ownGap=0.126 sps=124(134avg)
[it   70/244] ep_end= 98.0%(ended= 45)  pg=-0.0016  v=0.0028  ent=0.906  kl=+0.0294  clip=18.8%  redun=0.65 stall=0% pair=0.24 sync=+0.0000(12.2/k) ownGap=0.143 sps=123(134avg)
[evalsuite it=  70] score=+0.391±0.135  auc=0.888  imbN=0.220  fair=0.935  conc=0.18  idle=0.85  ov=0.70  duty=0.36  succ=0.66  s90=338  nSync=5.0  syncGap=0.012  ownAUC=0.865  scoreOwn=+0.369
[it   71/244] ep_end= 98.4%(ended= 44)  pg=-0.0000  v=0.0026  ent=0.944  kl=+0.0294  clip=21.7%  redun=0.69 stall=0% pair=0.23 sync=+0.0000(13.1/k) ownGap=0.123 sps=122(133avg)
[it   72/244] ep_end= 97.7%(ended= 35)  pg=+0.0038  v=0.0021  ent=0.900  kl=+0.0333  clip=19.7%  redun=0.67 stall=0% pair=0.24 sync=+0.0000(11.5/k) ownGap=0.141 sps=124(133avg)
[it   73/244] ep_end= 99.1%(ended= 42)  pg=-0.0044  v=0.0020  ent=0.920  kl=+0.0259  clip=19.1%  redun=0.73 stall=0% pair=0.23 sync=+0.0000(11.7/k) ownGap=0.118 sps=123(133avg)
[it   74/244] ep_end= 98.4%(ended= 41)  pg=-0.0021  v=0.0019  ent=0.945  kl=+0.0253  clip=20.9%  redun=0.75 stall=0% pair=0.23 sync=+0.0000(13.2/k) ownGap=0.106 sps=123(133avg)
[it   75/244] ep_end= 97.2%(ended= 34)  pg=-0.0038  v=0.0023  ent=0.938  kl=+0.0274  clip=21.3%  redun=0.72 stall=0% pair=0.23 sync=+0.0000(12.6/k) ownGap=0.133 sps=123(133avg)
[it   76/244] ep_end= 96.5%(ended= 35)  pg=-0.0025  v=0.0019  ent=0.896  kl=+0.0298  clip=20.0%  redun=0.67 stall=0% pair=0.24 sync=+0.0000(10.5/k) ownGap=0.140 sps=124(133avg)
[it   77/244] ep_end= 97.6%(ended= 38)  pg=+0.0042  v=0.0024  ent=0.872  kl=+0.0414  clip=21.7%  redun=0.61 stall=0% pair=0.27 sync=+0.0000(11.2/k) ownGap=0.171 sps=125(133avg)
[it   78/244] ep_end= 99.1%(ended= 40)  pg=-0.0022  v=0.0019  ent=0.871  kl=+0.0264  clip=19.6%  redun=0.67 stall=0% pair=0.23 sync=+0.0000(11.4/k) ownGap=0.139 sps=123(132avg)
[it   79/244] ep_end= 98.7%(ended= 49)  pg=-0.0042  v=0.0022  ent=0.858  kl=+0.0284  clip=18.4%  redun=0.64 stall=0% pair=0.24 sync=+0.0000(10.5/k) ownGap=0.155 sps=122(132avg)
[it   80/244] ep_end= 99.6%(ended= 43)  pg=-0.0046  v=0.0019  ent=0.818  kl=+0.0277  clip=16.3%  redun=0.53 stall=0% pair=0.27 sync=+0.0000(8.8/k) ownGap=0.189 sps=127(132avg)
[evalsuite it=  80] score=+0.418±0.150  auc=0.940  imbN=0.376  fair=0.859  conc=0.23  idle=0.82  ov=0.52  duty=0.23  succ=0.97  s90=133  nSync=2.7  syncGap=0.007  ownAUC=0.915  scoreOwn=+0.394
[ckpt] runs/v14_frontier_easy_20260731_004306/ckpt_best.pt
[best] new best eval/score=+0.418 at it=80 → ckpt_best.pt
[it   81/244] ep_end= 99.5%(ended= 51)  pg=+0.0021  v=0.0017  ent=0.868  kl=+0.0398  clip=21.8%  redun=0.60 stall=0% pair=0.26 sync=+0.0000(10.9/k) ownGap=0.165 sps=123(132avg)
[it   82/244] ep_end= 99.8%(ended= 42)  pg=+0.0030  v=0.0015  ent=0.821  kl=+0.0375  clip=19.7%  redun=0.49 stall=0% pair=0.29 sync=+0.0000(8.2/k) ownGap=0.217 sps=126(132avg)
[it   83/244] ep_end= 99.8%(ended= 42)  pg=-0.0066  v=0.0015  ent=0.797  kl=+0.0204  clip=14.3%  redun=0.65 stall=0% pair=0.24 sync=+0.0000(12.1/k) ownGap=0.147 sps=123(132avg)
[it   84/244] ep_end= 99.9%(ended= 45)  pg=-0.0042  v=0.0014  ent=0.844  kl=+0.0310  clip=18.5%  redun=0.65 stall=0% pair=0.25 sync=+0.0000(11.2/k) ownGap=0.146 sps=122(132avg)
[it   85/244] ep_end= 99.2%(ended= 54)  pg=-0.0000  v=0.0014  ent=0.860  kl=+0.0405  clip=21.3%  redun=0.67 stall=0% pair=0.24 sync=+0.0000(12.3/k) ownGap=0.132 sps=121(132avg)
[it   86/244] ep_end= 99.5%(ended= 48)  pg=-0.0040  v=0.0014  ent=0.858  kl=+0.0278  clip=18.3%  redun=0.62 stall=0% pair=0.25 sync=+0.0000(11.8/k) ownGap=0.147 sps=124(132avg)
[it   87/244] ep_end= 99.7%(ended= 48)  pg=-0.0015  v=0.0014  ent=0.868  kl=+0.0295  clip=19.1%  redun=0.57 stall=0% pair=0.25 sync=+0.0000(10.5/k) ownGap=0.177 sps=124(131avg)
[it   88/244] ep_end= 99.5%(ended= 49)  pg=-0.0046  v=0.0015  ent=0.915  kl=+0.0355  clip=22.0%  redun=0.62 stall=0% pair=0.24 sync=+0.0000(11.4/k) ownGap=0.158 sps=123(131avg)
[it   89/244] ep_end= 99.8%(ended= 53)  pg=-0.0078  v=0.0015  ent=0.884  kl=+0.0262  clip=19.4%  redun=0.59 stall=0% pair=0.26 sync=+0.0000(10.3/k) ownGap=0.179 sps=125(131avg)
[it   90/244] ep_end= 99.5%(ended= 45)  pg=-0.0074  v=0.0018  ent=0.896  kl=+0.0267  clip=19.7%  redun=0.61 stall=0% pair=0.25 sync=+0.0000(11.0/k) ownGap=0.157 sps=123(131avg)
[evalsuite it=  90] score=+0.429±0.161  auc=0.917  imbN=0.241  fair=0.929  conc=0.24  idle=0.82  ov=0.65  duty=0.37  succ=0.88  s90=160  nSync=3.3  syncGap=0.003  ownAUC=0.903  scoreOwn=+0.414
[ckpt] runs/v14_frontier_easy_20260731_004306/ckpt_best.pt
[best] new best eval/score=+0.429 at it=90 → ckpt_best.pt
[it   91/244] ep_end= 99.8%(ended= 54)  pg=-0.0043  v=0.0015  ent=0.848  kl=+0.0307  clip=19.6%  redun=0.57 stall=0% pair=0.27 sync=+0.0000(10.1/k) ownGap=0.167 sps=125(131avg)
[it   92/244] ep_end= 99.6%(ended= 41)  pg=-0.0051  v=0.0014  ent=0.857  kl=+0.0269  clip=18.5%  redun=0.58 stall=0% pair=0.27 sync=+0.0000(10.4/k) ownGap=0.181 sps=124(131avg)
[it   93/244] ep_end= 99.2%(ended= 43)  pg=+0.0046  v=0.0015  ent=0.824  kl=+0.0383  clip=20.8%  redun=0.54 stall=0% pair=0.28 sync=+0.0000(9.9/k) ownGap=0.191 sps=125(131avg)
[it   94/244] ep_end= 99.8%(ended= 44)  pg=-0.0028  v=0.0013  ent=0.871  kl=+0.0312  clip=20.1%  redun=0.62 stall=0% pair=0.26 sync=+0.0000(10.3/k) ownGap=0.159 sps=126(131avg)
[it   95/244] ep_end= 99.7%(ended= 45)  pg=+0.0001  v=0.0013  ent=0.880  kl=+0.0311  clip=19.8%  redun=0.62 stall=0% pair=0.25 sync=+0.0000(10.6/k) ownGap=0.154 sps=125(131avg)
[it   96/244] ep_end= 99.8%(ended= 41)  pg=-0.0050  v=0.0013  ent=0.893  kl=+0.0204  clip=17.5%  redun=0.64 stall=0% pair=0.25 sync=+0.0000(10.6/k) ownGap=0.152 sps=124(131avg)
[it   97/244] ep_end= 99.5%(ended= 48)  pg=-0.0066  v=0.0015  ent=0.935  kl=+0.0246  clip=20.7%  redun=0.67 stall=0% pair=0.23 sync=+0.0000(12.1/k) ownGap=0.142 sps=122(131avg)
[it   98/244] ep_end= 98.9%(ended= 39)  pg=-0.0076  v=0.0013  ent=0.917  kl=+0.0298  clip=19.7%  redun=0.61 stall=0% pair=0.24 sync=+0.0000(11.0/k) ownGap=0.156 sps=126(131avg)
[ckpt] runs/v14_frontier_easy_20260731_004306/ckpt_040.pt
[eval] runs/v14_frontier_easy_20260731_004306/eval_ckpt_040_m0.gif  map=204  final_explored=100.0%  frames=331
[trace] ckpt_040_m0  steps=331  explored=1.0  → runs/v14_frontier_easy_20260731_004306/traces/ckpt_040_m0
[eval] runs/v14_frontier_easy_20260731_004306/eval_ckpt_040_m1.gif  map=107  final_explored=99.6%  frames=163
[trace] ckpt_040_m1  steps=164  explored=0.9964  → runs/v14_frontier_easy_20260731_004306/traces/ckpt_040_m1
[it   99/244] ep_end= 99.7%(ended= 56)  pg=-0.0049  v=0.0016  ent=0.913  kl=+0.0300  clip=22.0%  redun=0.69 stall=0% pair=0.23 sync=+0.0000(13.9/k) ownGap=0.119 sps=122(131avg)
[it  100/244] ep_end= 99.6%(ended= 33)  pg=-0.0057  v=0.0014  ent=0.914  kl=+0.0263  clip=21.0%  redun=0.68 stall=0% pair=0.23 sync=+0.0000(11.4/k) ownGap=0.129 sps=125(130avg)
[evalsuite it= 100] score=+0.363±0.136  auc=0.895  imbN=0.275  fair=0.910  conc=0.21  idle=0.85  ov=0.73  duty=0.38  succ=0.81  s90=285  nSync=4.4  syncGap=0.014  ownAUC=0.873  scoreOwn=+0.341
[it  101/244] ep_end= 99.3%(ended= 46)  pg=-0.0072  v=0.0015  ent=0.914  kl=+0.0235  clip=19.8%  redun=0.66 stall=0% pair=0.25 sync=+0.0000(11.0/k) ownGap=0.144 sps=124(130avg)
[it  102/244] ep_end= 99.0%(ended= 40)  pg=-0.0041  v=0.0020  ent=0.896  kl=+0.0251  clip=19.0%  redun=0.54 stall=0% pair=0.28 sync=+0.0000(9.2/k) ownGap=0.190 sps=125(130avg)
[it  103/244] ep_end= 99.2%(ended= 49)  pg=-0.0051  v=0.0018  ent=0.900  kl=+0.0280  clip=20.2%  redun=0.53 stall=0% pair=0.27 sync=+0.0000(8.8/k) ownGap=0.197 sps=126(130avg)
[it  104/244] ep_end= 99.7%(ended= 50)  pg=-0.0035  v=0.0019  ent=0.917  kl=+0.0303  clip=20.7%  redun=0.58 stall=0% pair=0.27 sync=+0.0000(9.3/k) ownGap=0.185 sps=124(130avg)
[it  105/244] ep_end= 99.8%(ended= 52)  pg=-0.0021  v=0.0020  ent=0.932  kl=+0.0309  clip=23.6%  redun=0.62 stall=0% pair=0.25 sync=+0.0000(11.8/k) ownGap=0.155 sps=123(130avg)
[it  106/244] ep_end= 98.8%(ended= 51)  pg=-0.0066  v=0.0020  ent=0.949  kl=+0.0279  clip=21.2%  redun=0.61 stall=0% pair=0.27 sync=+0.0000(8.8/k) ownGap=0.177 sps=125(130avg)
[it  107/244] ep_end= 99.6%(ended= 48)  pg=-0.0052  v=0.0019  ent=0.916  kl=+0.0309  clip=21.6%  redun=0.65 stall=0% pair=0.25 sync=+0.0000(11.1/k) ownGap=0.154 sps=124(130avg)
[it  108/244] ep_end= 99.7%(ended= 47)  pg=-0.0063  v=0.0030  ent=0.899  kl=+0.0326  clip=20.6%  redun=0.55 stall=0% pair=0.28 sync=+0.0000(8.8/k) ownGap=0.190 sps=126(130avg)
[it  109/244] ep_end= 99.6%(ended= 57)  pg=-0.0025  v=0.0027  ent=0.900  kl=+0.0348  clip=22.7%  redun=0.58 stall=0% pair=0.25 sync=+0.0000(10.6/k) ownGap=0.183 sps=125(130avg)
[it  110/244] ep_end= 99.0%(ended= 47)  pg=-0.0011  v=0.0020  ent=0.864  kl=+0.0395  clip=20.4%  redun=0.56 stall=0% pair=0.27 sync=+0.0000(9.6/k) ownGap=0.181 sps=125(130avg)
[evalsuite it= 110] score=+0.339±0.130  auc=0.887  imbN=0.321  fair=0.888  conc=0.20  idle=0.85  ov=0.69  duty=0.36  succ=0.72  s90=340  nSync=4.5  syncGap=0.031  ownAUC=0.850  scoreOwn=+0.302
[it  111/244] ep_end= 99.4%(ended= 43)  pg=-0.0044  v=0.0026  ent=0.872  kl=+0.0276  clip=20.7%  redun=0.52 stall=0% pair=0.29 sync=+0.0000(8.5/k) ownGap=0.207 sps=125(130avg)
[it  112/244] ep_end= 99.6%(ended= 56)  pg=-0.0022  v=0.0015  ent=0.856  kl=+0.0333  clip=20.1%  redun=0.52 stall=0% pair=0.28 sync=+0.0000(9.0/k) ownGap=0.207 sps=127(130avg)
[it  113/244] ep_end= 99.6%(ended= 41)  pg=-0.0069  v=0.0015  ent=0.903  kl=+0.0272  clip=19.4%  redun=0.59 stall=0% pair=0.27 sync=+0.0000(9.8/k) ownGap=0.164 sps=126(130avg)
[it  114/244] ep_end= 99.6%(ended= 50)  pg=-0.0090  v=0.0015  ent=0.910  kl=+0.0240  clip=20.6%  redun=0.59 stall=0% pair=0.26 sync=+0.0000(9.6/k) ownGap=0.169 sps=126(130avg)
[it  115/244] ep_end= 99.8%(ended= 51)  pg=-0.0049  v=0.0014  ent=0.892  kl=+0.0304  clip=21.2%  redun=0.55 stall=0% pair=0.28 sync=+0.0000(10.0/k) ownGap=0.195 sps=126(130avg)
[it  116/244] ep_end= 99.9%(ended= 44)  pg=-0.0057  v=0.0016  ent=0.910  kl=+0.0279  clip=20.1%  redun=0.57 stall=0% pair=0.27 sync=+0.0000(9.4/k) ownGap=0.177 sps=126(130avg)
[it  117/244] ep_end= 99.9%(ended= 44)  pg=-0.0084  v=0.0014  ent=0.893  kl=+0.0286  clip=19.5%  redun=0.59 stall=0% pair=0.28 sync=+0.0000(9.4/k) ownGap=0.177 sps=125(130avg)
[it  118/244] ep_end= 99.8%(ended= 41)  pg=-0.0054  v=0.0021  ent=0.968  kl=+0.0322  clip=24.2%  redun=0.62 stall=0% pair=0.26 sync=+0.0000(10.0/k) ownGap=0.161 sps=124(130avg)
[it  119/244] ep_end= 99.3%(ended= 50)  pg=-0.0072  v=0.0019  ent=0.975  kl=+0.0304  clip=23.5%  redun=0.62 stall=0% pair=0.25 sync=+0.0000(12.1/k) ownGap=0.164 sps=124(130avg)
[it  120/244] ep_end= 99.4%(ended= 47)  pg=-0.0051  v=0.0031  ent=0.965  kl=+0.0295  clip=24.7%  redun=0.62 stall=0% pair=0.26 sync=+0.0000(10.0/k) ownGap=0.169 sps=123(129avg)
[evalsuite it= 120] score=+0.139±0.247  auc=0.713  imbN=0.290  fair=0.896  conc=0.21  idle=0.89  ov=0.83  duty=0.54  succ=0.31  s90=634  nSync=6.4  syncGap=0.029  ownAUC=0.687  scoreOwn=+0.113
[it  121/244] ep_end= 99.6%(ended= 38)  pg=+0.0055  v=0.0017  ent=0.950  kl=+0.0456  clip=25.5%  redun=0.55 stall=0% pair=0.27 sync=+0.0000(9.5/k) ownGap=0.198 sps=127(129avg)
[it  122/244] ep_end= 99.2%(ended= 52)  pg=-0.0073  v=0.0018  ent=0.976  kl=+0.0292  clip=23.6%  redun=0.67 stall=0% pair=0.24 sync=+0.0000(10.3/k) ownGap=0.148 sps=123(129avg)
[it  123/244] ep_end= 99.1%(ended= 51)  pg=-0.0061  v=0.0022  ent=0.996  kl=+0.0355  clip=26.2%  redun=0.60 stall=0% pair=0.26 sync=+0.0000(10.0/k) ownGap=0.184 sps=124(129avg)
[it  124/244] ep_end= 99.4%(ended= 42)  pg=-0.0083  v=0.0022  ent=0.984  kl=+0.0273  clip=23.5%  redun=0.62 stall=0% pair=0.25 sync=+0.0000(11.1/k) ownGap=0.165 sps=124(129avg)
[it  125/244] ep_end= 98.6%(ended= 45)  pg=-0.0069  v=0.0018  ent=0.963  kl=+0.0278  clip=20.9%  redun=0.60 stall=0% pair=0.27 sync=+0.0000(9.4/k) ownGap=0.178 sps=124(129avg)
[it  126/244] ep_end= 99.7%(ended= 41)  pg=-0.0073  v=0.0016  ent=0.961  kl=+0.0307  clip=20.8%  redun=0.61 stall=0% pair=0.25 sync=+0.0000(11.6/k) ownGap=0.161 sps=124(129avg)
[it  127/244] ep_end= 99.2%(ended= 41)  pg=-0.0068  v=0.0014  ent=0.943  kl=+0.0301  clip=21.6%  redun=0.55 stall=0% pair=0.28 sync=+0.0000(8.8/k) ownGap=0.188 sps=126(129avg)
[it  128/244] ep_end= 99.1%(ended= 45)  pg=-0.0075  v=0.0019  ent=0.954  kl=+0.0252  clip=21.0%  redun=0.63 stall=0% pair=0.25 sync=+0.0000(9.8/k) ownGap=0.159 sps=124(129avg)
[it  129/244] ep_end= 99.8%(ended= 50)  pg=-0.0082  v=0.0013  ent=0.919  kl=+0.0295  clip=20.9%  redun=0.56 stall=0% pair=0.27 sync=+0.0000(9.8/k) ownGap=0.191 sps=126(129avg)
[it  130/244] ep_end= 99.7%(ended= 43)  pg=-0.0081  v=0.0015  ent=0.921  kl=+0.0339  clip=22.2%  redun=0.59 stall=0% pair=0.25 sync=+0.0000(10.4/k) ownGap=0.168 sps=126(129avg)
[evalsuite it= 130] score=+0.280±0.218  auc=0.841  imbN=0.346  fair=0.876  conc=0.21  idle=0.85  ov=0.70  duty=0.38  succ=0.66  s90=377  nSync=4.2  syncGap=0.020  ownAUC=0.812  scoreOwn=+0.251
[it  131/244] ep_end= 99.6%(ended= 37)  pg=-0.0076  v=0.0016  ent=0.931  kl=+0.0276  clip=21.1%  redun=0.67 stall=0% pair=0.23 sync=+0.0000(10.3/k) ownGap=0.135 sps=123(129avg)
[it  132/244] ep_end= 99.6%(ended= 46)  pg=-0.0056  v=0.0023  ent=0.913  kl=+0.0416  clip=22.9%  redun=0.65 stall=0% pair=0.23 sync=+0.0000(11.4/k) ownGap=0.145 sps=123(129avg)
[it  133/244] ep_end= 99.3%(ended= 39)  pg=-0.0019  v=0.0016  ent=0.890  kl=+0.0393  clip=22.9%  redun=0.58 stall=0% pair=0.26 sync=+0.0000(9.6/k) ownGap=0.181 sps=125(129avg)
[it  134/244] ep_end= 99.1%(ended= 49)  pg=-0.0030  v=0.0021  ent=0.910  kl=+0.0355  clip=23.1%  redun=0.60 stall=0% pair=0.25 sync=+0.0000(10.5/k) ownGap=0.158 sps=123(129avg)
[it  135/244] ep_end= 99.2%(ended= 41)  pg=-0.0096  v=0.0015  ent=0.893  kl=+0.0294  clip=18.9%  redun=0.62 stall=0% pair=0.26 sync=+0.0000(10.0/k) ownGap=0.159 sps=123(129avg)
[it  136/244] ep_end= 99.7%(ended= 39)  pg=-0.0023  v=0.0013  ent=0.876  kl=+0.0405  clip=21.8%  redun=0.62 stall=0% pair=0.25 sync=+0.0000(10.4/k) ownGap=0.150 sps=126(129avg)
[it  137/244] ep_end= 99.4%(ended= 39)  pg=-0.0058  v=0.0015  ent=0.911  kl=+0.0317  clip=22.3%  redun=0.63 stall=0% pair=0.25 sync=+0.0000(9.9/k) ownGap=0.156 sps=127(129avg)
[it  138/244] ep_end= 99.9%(ended= 42)  pg=-0.0100  v=0.0019  ent=0.939  kl=+0.0263  clip=21.1%  redun=0.65 stall=0% pair=0.25 sync=+0.0000(11.5/k) ownGap=0.151 sps=125(129avg)
[it  139/244] ep_end= 99.6%(ended= 49)  pg=-0.0079  v=0.0019  ent=0.926  kl=+0.0295  clip=21.8%  redun=0.65 stall=0% pair=0.25 sync=+0.0000(11.0/k) ownGap=0.151 sps=124(129avg)
[it  140/244] ep_end= 99.4%(ended= 32)  pg=-0.0068  v=0.0018  ent=0.941  kl=+0.0321  clip=21.4%  redun=0.63 stall=0% pair=0.26 sync=+0.0000(9.8/k) ownGap=0.167 sps=125(129avg)
[evalsuite it= 140] score=+0.406±0.121  auc=0.931  imbN=0.318  fair=0.890  conc=0.27  idle=0.81  ov=0.66  duty=0.30  succ=0.91  s90=167  nSync=3.2  syncGap=0.007  ownAUC=0.911  scoreOwn=+0.386
[it  141/244] ep_end= 98.7%(ended= 38)  pg=-0.0085  v=0.0022  ent=0.962  kl=+0.0230  clip=21.2%  redun=0.68 stall=0% pair=0.24 sync=+0.0000(10.9/k) ownGap=0.142 sps=124(129avg)
[it  142/244] ep_end= 99.5%(ended= 45)  pg=-0.0080  v=0.0023  ent=0.905  kl=+0.0225  clip=18.8%  redun=0.60 stall=0% pair=0.26 sync=+0.0000(9.8/k) ownGap=0.170 sps=125(129avg)
[it  143/244] ep_end= 99.5%(ended= 45)  pg=-0.0011  v=0.0023  ent=0.875  kl=+0.0304  clip=20.9%  redun=0.58 stall=0% pair=0.27 sync=+0.0000(10.0/k) ownGap=0.188 sps=122(129avg)
[it  144/244] ep_end= 99.9%(ended= 38)  pg=-0.0042  v=0.0017  ent=0.904  kl=+0.0403  clip=21.6%  redun=0.58 stall=0% pair=0.26 sync=+0.0000(9.8/k) ownGap=0.169 sps=127(129avg)
[it  145/244] ep_end= 99.6%(ended= 49)  pg=-0.0071  v=0.0021  ent=0.938  kl=+0.0292  clip=20.9%  redun=0.57 stall=0% pair=0.28 sync=+0.0000(8.7/k) ownGap=0.198 sps=124(129avg)
[it  146/244] ep_end= 99.5%(ended= 41)  pg=-0.0081  v=0.0018  ent=0.909  kl=+0.0296  clip=20.1%  redun=0.59 stall=0% pair=0.25 sync=+0.0000(10.1/k) ownGap=0.172 sps=124(129avg)
[ckpt] runs/v14_frontier_easy_20260731_004306/ckpt_060.pt
[eval] runs/v14_frontier_easy_20260731_004306/eval_ckpt_060_m0.gif  map=123  final_explored=99.9%  frames=206
[trace] ckpt_060_m0  steps=207  explored=0.9994  → runs/v14_frontier_easy_20260731_004306/traces/ckpt_060_m0
[eval] runs/v14_frontier_easy_20260731_004306/eval_ckpt_060_m1.gif  map=16  final_explored=100.0%  frames=244
[trace] ckpt_060_m1  steps=245  explored=0.9999  → runs/v14_frontier_easy_20260731_004306/traces/ckpt_060_m1
[it  147/244] ep_end= 99.6%(ended= 46)  pg=-0.0067  v=0.0022  ent=0.869  kl=+0.0370  clip=20.5%  redun=0.53 stall=0% pair=0.29 sync=+0.0000(8.2/k) ownGap=0.205 sps=127(129avg)
[it  148/244] ep_end= 99.8%(ended= 53)  pg=-0.0070  v=0.0019  ent=0.856  kl=+0.0290  clip=19.7%  redun=0.57 stall=0% pair=0.27 sync=+0.0000(8.4/k) ownGap=0.186 sps=126(129avg)
[it  149/244] ep_end= 99.7%(ended= 52)  pg=-0.0054  v=0.0018  ent=0.841  kl=+0.0317  clip=18.9%  redun=0.50 stall=0% pair=0.29 sync=+0.0000(8.2/k) ownGap=0.216 sps=127(129avg)
[it  150/244] ep_end= 99.9%(ended= 46)  pg=-0.0058  v=0.0014  ent=0.846  kl=+0.0391  clip=20.2%  redun=0.50 stall=0% pair=0.30 sync=+0.0000(7.2/k) ownGap=0.218 sps=127(129avg)
[evalsuite it= 150] score=+0.437±0.140  auc=0.929  imbN=0.275  fair=0.906  conc=0.28  idle=0.79  ov=0.63  duty=0.31  succ=0.97  s90=169  nSync=3.1  syncGap=0.008  ownAUC=0.907  scoreOwn=+0.415
[ckpt] runs/v14_frontier_easy_20260731_004306/ckpt_best.pt
[best] new best eval/score=+0.437 at it=150 → ckpt_best.pt
[it  151/244] ep_end= 99.9%(ended= 41)  pg=-0.0056  v=0.0013  ent=0.870  kl=+0.0283  clip=18.3%  redun=0.57 stall=0% pair=0.28 sync=+0.0000(8.2/k) ownGap=0.186 sps=126(129avg)
[it  152/244] ep_end= 99.7%(ended= 43)  pg=-0.0073  v=0.0013  ent=0.883  kl=+0.0284  clip=19.1%  redun=0.55 stall=0% pair=0.27 sync=+0.0000(9.8/k) ownGap=0.189 sps=124(128avg)
[it  153/244] ep_end= 99.7%(ended= 40)  pg=-0.0082  v=0.0015  ent=0.928  kl=+0.0264  clip=19.3%  redun=0.53 stall=0% pair=0.29 sync=+0.0000(9.3/k) ownGap=0.202 sps=126(128avg)
[it  154/244] ep_end= 99.6%(ended= 44)  pg=-0.0042  v=0.0016  ent=0.913  kl=+0.0263  clip=20.3%  redun=0.59 stall=0% pair=0.28 sync=+0.0000(8.5/k) ownGap=0.176 sps=124(128avg)
[it  155/244] ep_end= 99.9%(ended= 43)  pg=-0.0058  v=0.0014  ent=0.900  kl=+0.0284  clip=19.9%  redun=0.53 stall=0% pair=0.28 sync=+0.0000(8.7/k) ownGap=0.210 sps=126(128avg)
[it  156/244] ep_end= 99.7%(ended= 51)  pg=-0.0052  v=0.0009  ent=0.860  kl=+0.0322  clip=19.8%  redun=0.50 stall=0% pair=0.29 sync=+0.0000(7.3/k) ownGap=0.213 sps=126(128avg)
[it  157/244] ep_end= 99.8%(ended= 40)  pg=-0.0066  v=0.0013  ent=0.901  kl=+0.0348  clip=21.2%  redun=0.53 stall=0% pair=0.29 sync=+0.0000(8.9/k) ownGap=0.207 sps=126(128avg)
[it  158/244] ep_end= 99.9%(ended= 58)  pg=-0.0044  v=0.0015  ent=0.895  kl=+0.0431  clip=23.0%  redun=0.49 stall=0% pair=0.29 sync=+0.0000(9.0/k) ownGap=0.218 sps=126(128avg)
[it  159/244] ep_end= 99.8%(ended= 47)  pg=+0.0217  v=0.0034  ent=0.873  kl=+0.0617  clip=26.5%  redun=0.48 stall=0% pair=0.29 sync=+0.0000(9.2/k) ownGap=0.237 sps=125(128avg)
[it  160/244] ep_end= 99.8%(ended= 44)  pg=-0.0059  v=0.0020  ent=0.875  kl=+0.0211  clip=16.7%  redun=0.53 stall=0% pair=0.29 sync=+0.0000(8.8/k) ownGap=0.205 sps=124(128avg)
[evalsuite it= 160] score=+0.345±0.184  auc=0.879  imbN=0.323  fair=0.882  conc=0.19  idle=0.86  ov=0.63  duty=0.32  succ=0.69  s90=339  nSync=4.6  syncGap=0.036  ownAUC=0.834  scoreOwn=+0.300
[it  161/244] ep_end= 99.8%(ended= 57)  pg=-0.0077  v=0.0015  ent=0.841  kl=+0.0228  clip=16.5%  redun=0.51 stall=0% pair=0.28 sync=+0.0000(9.2/k) ownGap=0.223 sps=125(128avg)
[it  162/244] ep_end= 99.7%(ended= 44)  pg=-0.0060  v=0.0015  ent=0.866  kl=+0.0303  clip=17.9%  redun=0.49 stall=0% pair=0.29 sync=+0.0000(7.9/k) ownGap=0.220 sps=125(128avg)
[it  163/244] ep_end= 99.9%(ended= 43)  pg=-0.0092  v=0.0015  ent=0.899  kl=+0.0253  clip=17.7%  redun=0.59 stall=0% pair=0.27 sync=+0.0000(11.0/k) ownGap=0.185 sps=124(128avg)
[it  164/244] ep_end= 99.4%(ended= 46)  pg=-0.0056  v=0.0014  ent=0.885  kl=+0.0348  clip=19.5%  redun=0.60 stall=0% pair=0.25 sync=+0.0000(9.6/k) ownGap=0.165 sps=125(128avg)
[it  165/244] ep_end= 99.6%(ended= 66)  pg=-0.0076  v=0.0018  ent=0.856  kl=+0.0252  clip=18.2%  redun=0.59 stall=0% pair=0.26 sync=+0.0000(11.0/k) ownGap=0.165 sps=122(128avg)
[it  166/244] ep_end= 99.8%(ended= 51)  pg=-0.0047  v=0.0031  ent=0.859  kl=+0.0235  clip=18.2%  redun=0.56 stall=0% pair=0.27 sync=+0.0000(9.0/k) ownGap=0.193 sps=124(128avg)
[it  167/244] ep_end= 99.7%(ended= 49)  pg=-0.0060  v=0.0017  ent=0.837  kl=+0.0338  clip=17.5%  redun=0.53 stall=0% pair=0.28 sync=+0.0000(8.5/k) ownGap=0.202 sps=126(128avg)
[it  168/244] ep_end= 99.7%(ended= 66)  pg=-0.0068  v=0.0021  ent=0.811  kl=+0.0247  clip=16.9%  redun=0.55 stall=0% pair=0.27 sync=+0.0000(9.9/k) ownGap=0.176 sps=123(128avg)
[it  169/244] ep_end= 99.7%(ended= 56)  pg=-0.0064  v=0.0026  ent=0.868  kl=+0.0272  clip=18.1%  redun=0.61 stall=0% pair=0.25 sync=+0.0000(11.1/k) ownGap=0.161 sps=123(128avg)
[it  170/244] ep_end= 99.2%(ended= 57)  pg=-0.0063  v=0.0036  ent=0.806  kl=+0.0225  clip=15.3%  redun=0.54 stall=0% pair=0.27 sync=+0.0000(9.9/k) ownGap=0.194 sps=123(128avg)
[evalsuite it= 170] score=+0.402±0.170  auc=0.919  imbN=0.278  fair=0.906  conc=0.21  idle=0.82  ov=0.69  duty=0.37  succ=0.78  s90=226  nSync=4.3  syncGap=0.000  ownAUC=0.907  scoreOwn=+0.389
[it  171/244] ep_end= 99.8%(ended= 57)  pg=-0.0074  v=0.0024  ent=0.823  kl=+0.0263  clip=16.0%  redun=0.60 stall=0% pair=0.25 sync=+0.0000(11.2/k) ownGap=0.162 sps=122(128avg)
[it  172/244] ep_end= 99.1%(ended= 58)  pg=-0.0081  v=0.0021  ent=0.812  kl=+0.0300  clip=17.0%  redun=0.57 stall=0% pair=0.25 sync=+0.0000(10.5/k) ownGap=0.174 sps=124(128avg)
[it  173/244] ep_end= 99.2%(ended= 58)  pg=-0.0051  v=0.0025  ent=0.811  kl=+0.0315  clip=17.8%  redun=0.60 stall=0% pair=0.25 sync=+0.0000(9.9/k) ownGap=0.162 sps=124(128avg)
[it  174/244] ep_end= 99.7%(ended= 46)  pg=-0.0043  v=0.0016  ent=0.824  kl=+0.0369  clip=18.1%  redun=0.56 stall=0% pair=0.27 sync=+0.0000(8.7/k) ownGap=0.182 sps=125(128avg)
[it  175/244] ep_end= 99.7%(ended= 49)  pg=-0.0082  v=0.0020  ent=0.827  kl=+0.0257  clip=15.6%  redun=0.58 stall=0% pair=0.26 sync=+0.0000(9.8/k) ownGap=0.181 sps=124(128avg)
[it  176/244] ep_end= 99.8%(ended= 47)  pg=-0.0025  v=0.0018  ent=0.791  kl=+0.0350  clip=16.6%  redun=0.49 stall=0% pair=0.28 sync=+0.0000(8.7/k) ownGap=0.212 sps=126(128avg)
[it  177/244] ep_end= 99.8%(ended= 52)  pg=-0.0037  v=0.0016  ent=0.792  kl=+0.0343  clip=17.6%  redun=0.56 stall=0% pair=0.26 sync=+0.0000(9.0/k) ownGap=0.181 sps=123(128avg)
[it  178/244] ep_end= 99.8%(ended= 68)  pg=-0.0030  v=0.0013  ent=0.761  kl=+0.0356  clip=17.1%  redun=0.58 stall=0% pair=0.25 sync=+0.0000(10.7/k) ownGap=0.168 sps=121(128avg)
[it  179/244] ep_end= 99.8%(ended= 48)  pg=-0.0064  v=0.0014  ent=0.786  kl=+0.0304  clip=16.3%  redun=0.57 stall=0% pair=0.27 sync=+0.0000(9.4/k) ownGap=0.181 sps=123(128avg)
[it  180/244] ep_end= 99.9%(ended= 50)  pg=-0.0039  v=0.0014  ent=0.794  kl=+0.0338  clip=17.9%  redun=0.62 stall=0% pair=0.25 sync=+0.0000(10.3/k) ownGap=0.165 sps=121(128avg)
[evalsuite it= 180] score=+0.309±0.186  auc=0.851  imbN=0.279  fair=0.908  conc=0.17  idle=0.85  ov=0.76  duty=0.43  succ=0.53  s90=423  nSync=5.5  syncGap=0.013  ownAUC=0.829  scoreOwn=+0.287
[it  181/244] ep_end= 99.6%(ended= 58)  pg=-0.0060  v=0.0016  ent=0.774  kl=+0.0268  clip=16.6%  redun=0.59 stall=0% pair=0.26 sync=+0.0000(9.6/k) ownGap=0.166 sps=122(128avg)
[it  182/244] ep_end= 99.7%(ended= 56)  pg=-0.0057  v=0.0017  ent=0.767  kl=+0.0336  clip=16.4%  redun=0.59 stall=0% pair=0.25 sync=+0.0000(11.0/k) ownGap=0.166 sps=121(128avg)
[it  183/244] ep_end= 99.3%(ended= 61)  pg=+0.0000  v=0.0015  ent=0.793  kl=+0.0549  clip=20.0%  redun=0.56 stall=0% pair=0.27 sync=+0.0000(8.9/k) ownGap=0.180 sps=122(128avg)
[it  184/244] ep_end= 99.8%(ended= 53)  pg=-0.0082  v=0.0016  ent=0.792  kl=+0.0338  clip=17.0%  redun=0.55 stall=0% pair=0.26 sync=+0.0000(10.4/k) ownGap=0.181 sps=122(128avg)
[it  185/244] ep_end= 99.6%(ended= 48)  pg=+0.0021  v=0.0023  ent=0.829  kl=+0.0277  clip=18.9%  redun=0.59 stall=0% pair=0.26 sync=+0.0000(10.3/k) ownGap=0.173 sps=121(128avg)
[it  186/244] ep_end= 99.5%(ended= 32)  pg=-0.0043  v=0.0017  ent=0.853  kl=+0.0242  clip=16.9%  redun=0.62 stall=0% pair=0.26 sync=+0.0000(10.6/k) ownGap=0.151 sps=125(128avg)
[it  187/244] ep_end= 99.7%(ended= 49)  pg=-0.0074  v=0.0027  ent=0.831  kl=+0.0237  clip=16.4%  redun=0.57 stall=0% pair=0.27 sync=+0.0000(10.1/k) ownGap=0.171 sps=123(128avg)
[it  188/244] ep_end= 98.6%(ended= 48)  pg=-0.0061  v=0.0025  ent=0.837  kl=+0.0269  clip=17.4%  redun=0.64 stall=0% pair=0.24 sync=+0.0000(10.7/k) ownGap=0.151 sps=122(128avg)
[it  189/244] ep_end= 99.5%(ended= 62)  pg=-0.0032  v=0.0021  ent=0.829  kl=+0.0391  clip=20.3%  redun=0.58 stall=0% pair=0.26 sync=+0.0000(10.9/k) ownGap=0.171 sps=125(128avg)
[it  190/244] ep_end= 99.9%(ended= 40)  pg=-0.0040  v=0.0017  ent=0.835  kl=+0.0328  clip=18.2%  redun=0.54 stall=0% pair=0.27 sync=+0.0000(8.5/k) ownGap=0.192 sps=129(128avg)
[evalsuite it= 190] score=+0.353±0.157  auc=0.897  imbN=0.327  fair=0.884  conc=0.21  idle=0.83  ov=0.69  duty=0.33  succ=0.78  s90=284  nSync=4.4  syncGap=0.039  ownAUC=0.855  scoreOwn=+0.311
[it  191/244] ep_end= 99.6%(ended= 47)  pg=-0.0073  v=0.0020  ent=0.867  kl=+0.0262  clip=17.4%  redun=0.57 stall=0% pair=0.26 sync=+0.0000(9.6/k) ownGap=0.173 sps=125(127avg)
[it  192/244] ep_end= 99.8%(ended= 48)  pg=-0.0059  v=0.0015  ent=0.818  kl=+0.0355  clip=18.9%  redun=0.55 stall=0% pair=0.28 sync=+0.0000(9.4/k) ownGap=0.186 sps=126(127avg)
[it  193/244] ep_end= 99.8%(ended= 58)  pg=-0.0060  v=0.0023  ent=0.842  kl=+0.0304  clip=19.6%  redun=0.59 stall=0% pair=0.26 sync=+0.0000(10.9/k) ownGap=0.174 sps=126(127avg)
[it  194/244] ep_end= 99.5%(ended= 48)  pg=-0.0060  v=0.0017  ent=0.845  kl=+0.0292  clip=18.1%  redun=0.56 stall=0% pair=0.27 sync=+0.0000(7.6/k) ownGap=0.192 sps=125(127avg)
[it  195/244] ep_end= 99.8%(ended= 49)  pg=+0.0055  v=0.0022  ent=0.830  kl=+0.0522  clip=22.5%  redun=0.56 stall=0% pair=0.26 sync=+0.0000(10.1/k) ownGap=0.173 sps=126(127avg)
[ckpt] runs/v14_frontier_easy_20260731_004306/ckpt_080.pt
[eval] runs/v14_frontier_easy_20260731_004306/eval_ckpt_080_m0.gif  map=30  final_explored=99.2%  frames=163
[trace] ckpt_080_m0  steps=164  explored=0.9917  → runs/v14_frontier_easy_20260731_004306/traces/ckpt_080_m0
[eval] runs/v14_frontier_easy_20260731_004306/eval_ckpt_080_m1.gif  map=6  final_explored=100.0%  frames=120
[trace] ckpt_080_m1  steps=121  explored=1.0  → runs/v14_frontier_easy_20260731_004306/traces/ckpt_080_m1
[it  196/244] ep_end= 99.3%(ended= 45)  pg=-0.0031  v=0.0019  ent=0.848  kl=+0.0342  clip=19.6%  redun=0.57 stall=0% pair=0.27 sync=+0.0000(8.1/k) ownGap=0.181 sps=127(127avg)
[it  197/244] ep_end= 99.8%(ended= 53)  pg=-0.0080  v=0.0027  ent=0.849  kl=+0.0347  clip=19.0%  redun=0.56 stall=0% pair=0.28 sync=+0.0000(9.0/k) ownGap=0.177 sps=122(127avg)
[it  198/244] ep_end= 99.0%(ended= 42)  pg=-0.0055  v=0.0031  ent=0.858  kl=+0.0256  clip=19.0%  redun=0.56 stall=0% pair=0.26 sync=+0.0000(9.4/k) ownGap=0.181 sps=125(127avg)
[it  199/244] ep_end= 99.5%(ended= 47)  pg=-0.0036  v=0.0023  ent=0.840  kl=+0.0351  clip=18.8%  redun=0.60 stall=0% pair=0.26 sync=+0.0000(9.5/k) ownGap=0.164 sps=126(127avg)
[it  200/244] ep_end= 99.6%(ended= 55)  pg=-0.0083  v=0.0025  ent=0.834  kl=+0.0215  clip=16.7%  redun=0.57 stall=0% pair=0.27 sync=+0.0000(8.9/k) ownGap=0.183 sps=126(127avg)
[evalsuite it= 200] score=+0.503±0.124  auc=0.956  imbN=0.228  fair=0.927  conc=0.34  idle=0.74  ov=0.62  duty=0.28  succ=1.00  s90=100  nSync=2.5  syncGap=0.000  ownAUC=0.945  scoreOwn=+0.491
[ckpt] runs/v14_frontier_easy_20260731_004306/ckpt_best.pt
[best] new best eval/score=+0.503 at it=200 → ckpt_best.pt
[it  201/244] ep_end= 99.9%(ended= 57)  pg=-0.0013  v=0.0023  ent=0.794  kl=+0.0369  clip=19.1%  redun=0.53 stall=0% pair=0.28 sync=+0.0000(8.7/k) ownGap=0.200 sps=128(127avg)
[it  202/244] ep_end= 99.6%(ended= 43)  pg=-0.0047  v=0.0026  ent=0.846  kl=+0.0322  clip=19.1%  redun=0.54 stall=0% pair=0.29 sync=+0.0000(8.2/k) ownGap=0.204 sps=128(127avg)
[it  203/244] ep_end= 99.2%(ended= 51)  pg=-0.0001  v=0.0031  ent=0.833  kl=+0.0419  clip=18.5%  redun=0.57 stall=0% pair=0.27 sync=+0.0000(9.5/k) ownGap=0.183 sps=127(127avg)
[it  204/244] ep_end= 99.7%(ended= 57)  pg=+0.0015  v=0.0019  ent=0.795  kl=+0.0557  clip=18.8%  redun=0.58 stall=0% pair=0.27 sync=+0.0000(9.3/k) ownGap=0.167 sps=126(127avg)
[it  205/244] ep_end= 99.8%(ended= 48)  pg=-0.0063  v=0.0014  ent=0.827  kl=+0.0269  clip=16.1%  redun=0.49 stall=0% pair=0.29 sync=+0.0000(7.6/k) ownGap=0.207 sps=130(127avg)
[it  206/244] ep_end= 99.9%(ended= 42)  pg=-0.0064  v=0.0020  ent=0.877  kl=+0.0198  clip=16.5%  redun=0.52 stall=0% pair=0.27 sync=+0.0000(9.3/k) ownGap=0.205 sps=129(127avg)
[it  207/244] ep_end= 99.8%(ended= 55)  pg=-0.0061  v=0.0015  ent=0.843  kl=+0.0369  clip=18.2%  redun=0.61 stall=0% pair=0.26 sync=+0.0000(10.4/k) ownGap=0.155 sps=126(127avg)
[it  208/244] ep_end= 99.9%(ended= 48)  pg=-0.0034  v=0.0030  ent=0.863  kl=+0.0195  clip=17.4%  redun=0.56 stall=0% pair=0.27 sync=+0.0000(8.9/k) ownGap=0.197 sps=126(127avg)
[it  209/244] ep_end= 99.8%(ended= 43)  pg=-0.0041  v=0.0016  ent=0.828  kl=+0.0367  clip=18.2%  redun=0.53 stall=0% pair=0.28 sync=+0.0000(8.7/k) ownGap=0.208 sps=127(127avg)
[it  210/244] ep_end= 99.8%(ended= 47)  pg=-0.0071  v=0.0013  ent=0.830  kl=+0.0273  clip=17.7%  redun=0.54 stall=0% pair=0.27 sync=+0.0000(8.8/k) ownGap=0.185 sps=127(127avg)
[evalsuite it= 210] score=+0.471±0.156  auc=0.951  imbN=0.291  fair=0.897  conc=0.28  idle=0.78  ov=0.56  duty=0.25  succ=0.94  s90=135  nSync=2.5  syncGap=0.004  ownAUC=0.930  scoreOwn=+0.451
[it  211/244] ep_end= 99.4%(ended= 65)  pg=-0.0075  v=0.0014  ent=0.834  kl=+0.0292  clip=17.6%  redun=0.57 stall=0% pair=0.25 sync=+0.0000(11.4/k) ownGap=0.177 sps=123(127avg)
[it  212/244] ep_end= 99.8%(ended= 42)  pg=-0.0056  v=0.0013  ent=0.835  kl=+0.0262  clip=17.0%  redun=0.53 stall=0% pair=0.28 sync=+0.0000(8.4/k) ownGap=0.192 sps=127(127avg)
[it  213/244] ep_end= 99.8%(ended= 49)  pg=-0.0064  v=0.0016  ent=0.858  kl=+0.0273  clip=17.3%  redun=0.55 stall=0% pair=0.26 sync=+0.0000(10.0/k) ownGap=0.192 sps=126(127avg)
[it  214/244] ep_end= 99.8%(ended= 60)  pg=+0.0119  v=0.0015  ent=0.822  kl=+0.0957  clip=21.3%  redun=0.55 stall=0% pair=0.26 sync=+0.0000(10.7/k) ownGap=0.185 sps=125(127avg)
[it  215/244] ep_end= 99.8%(ended= 60)  pg=-0.0063  v=0.0017  ent=0.838  kl=+0.0299  clip=17.3%  redun=0.52 stall=0% pair=0.27 sync=+0.0000(10.4/k) ownGap=0.205 sps=124(127avg)
[it  216/244] ep_end= 99.5%(ended= 49)  pg=-0.0083  v=0.0014  ent=0.865  kl=+0.0215  clip=15.6%  redun=0.57 stall=0% pair=0.27 sync=+0.0000(9.4/k) ownGap=0.174 sps=127(127avg)
[it  217/244] ep_end= 99.6%(ended= 50)  pg=-0.0078  v=0.0013  ent=0.846  kl=+0.0248  clip=16.9%  redun=0.54 stall=0% pair=0.27 sync=+0.0000(9.4/k) ownGap=0.185 sps=126(127avg)
[it  218/244] ep_end= 99.6%(ended= 53)  pg=+0.0004  v=0.0016  ent=0.874  kl=+0.0598  clip=20.2%  redun=0.57 stall=0% pair=0.28 sync=+0.0000(10.0/k) ownGap=0.193 sps=124(127avg)
[it  219/244] ep_end= 99.8%(ended= 48)  pg=-0.0066  v=0.0019  ent=0.849  kl=+0.0169  clip=15.3%  redun=0.47 stall=0% pair=0.30 sync=+0.0000(7.8/k) ownGap=0.227 sps=129(127avg)
[it  220/244] ep_end= 99.8%(ended= 49)  pg=-0.0038  v=0.0019  ent=0.844  kl=+0.0286  clip=19.7%  redun=0.52 stall=0% pair=0.28 sync=+0.0000(8.4/k) ownGap=0.207 sps=128(127avg)
[evalsuite it= 220] score=+0.452±0.125  auc=0.954  imbN=0.332  fair=0.886  conc=0.35  idle=0.77  ov=0.58  duty=0.25  succ=0.97  s90=103  nSync=2.3  syncGap=0.005  ownAUC=0.935  scoreOwn=+0.433
[it  221/244] ep_end= 99.9%(ended= 43)  pg=-0.0082  v=0.0016  ent=0.821  kl=+0.0256  clip=16.4%  redun=0.52 stall=0% pair=0.29 sync=+0.0000(8.4/k) ownGap=0.200 sps=128(127avg)
[it  222/244] ep_end= 99.8%(ended= 57)  pg=-0.0055  v=0.0021  ent=0.823  kl=+0.0353  clip=18.4%  redun=0.55 stall=0% pair=0.27 sync=+0.0000(9.6/k) ownGap=0.185 sps=124(127avg)
[it  223/244] ep_end= 99.8%(ended= 60)  pg=-0.0054  v=0.0021  ent=0.828  kl=+0.0274  clip=19.4%  redun=0.59 stall=0% pair=0.25 sync=+0.0000(10.6/k) ownGap=0.176 sps=122(127avg)
[it  224/244] ep_end= 99.7%(ended= 38)  pg=-0.0090  v=0.0017  ent=0.801  kl=+0.0241  clip=15.1%  redun=0.51 stall=0% pair=0.28 sync=+0.0000(7.6/k) ownGap=0.196 sps=125(127avg)
[it  225/244] ep_end= 99.8%(ended= 42)  pg=-0.0043  v=0.0020  ent=0.832  kl=+0.0275  clip=17.9%  redun=0.53 stall=0% pair=0.29 sync=+0.0000(7.6/k) ownGap=0.203 sps=127(127avg)
[it  226/244] ep_end= 99.6%(ended= 69)  pg=+0.0303  v=0.0021  ent=0.810  kl=+0.1179  clip=27.0%  redun=0.60 stall=0% pair=0.25 sync=+0.0000(9.8/k) ownGap=0.163 sps=123(127avg)
[it  227/244] ep_end= 99.8%(ended= 47)  pg=-0.0025  v=0.0014  ent=0.791  kl=+0.0242  clip=14.4%  redun=0.52 stall=0% pair=0.28 sync=+0.0000(8.1/k) ownGap=0.197 sps=129(127avg)
[it  228/244] ep_end= 99.9%(ended= 56)  pg=-0.0059  v=0.0017  ent=0.804  kl=+0.0289  clip=14.1%  redun=0.57 stall=0% pair=0.28 sync=+0.0000(8.9/k) ownGap=0.184 sps=127(127avg)
[it  229/244] ep_end= 99.8%(ended= 53)  pg=-0.0018  v=0.0021  ent=0.832  kl=+0.0306  clip=16.7%  redun=0.58 stall=0% pair=0.26 sync=+0.0000(9.8/k) ownGap=0.177 sps=125(127avg)
[it  230/244] ep_end= 99.7%(ended= 60)  pg=+0.0023  v=0.0018  ent=0.813  kl=+0.0380  clip=16.3%  redun=0.61 stall=0% pair=0.25 sync=+0.0000(10.5/k) ownGap=0.157 sps=124(127avg)
[evalsuite it= 230] score=+0.396±0.169  auc=0.875  imbN=0.237  fair=0.927  conc=0.29  idle=0.81  ov=0.63  duty=0.38  succ=0.75  s90=371  nSync=3.3  syncGap=0.029  ownAUC=0.838  scoreOwn=+0.359
[it  231/244] ep_end= 99.8%(ended= 52)  pg=-0.0065  v=0.0014  ent=0.774  kl=+0.0172  clip=12.0%  redun=0.57 stall=0% pair=0.27 sync=+0.0000(9.0/k) ownGap=0.174 sps=126(127avg)
[it  232/244] ep_end= 99.8%(ended= 51)  pg=-0.0070  v=0.0013  ent=0.753  kl=+0.0167  clip=11.1%  redun=0.50 stall=0% pair=0.28 sync=+0.0000(8.4/k) ownGap=0.206 sps=128(127avg)
[it  233/244] ep_end= 99.8%(ended= 68)  pg=-0.0074  v=0.0016  ent=0.756  kl=+0.0168  clip=12.0%  redun=0.54 stall=0% pair=0.27 sync=+0.0000(9.9/k) ownGap=0.202 sps=126(127avg)
[it  234/244] ep_end= 99.9%(ended= 42)  pg=-0.0106  v=0.0014  ent=0.788  kl=+0.0188  clip=11.8%  redun=0.56 stall=0% pair=0.28 sync=+0.0000(8.7/k) ownGap=0.183 sps=128(127avg)
[it  235/244] ep_end= 98.9%(ended= 43)  pg=-0.0078  v=0.0024  ent=0.807  kl=+0.0178  clip=13.5%  redun=0.53 stall=0% pair=0.27 sync=+0.0000(9.6/k) ownGap=0.186 sps=127(127avg)
[it  236/244] ep_end= 99.6%(ended= 46)  pg=-0.0030  v=0.0019  ent=0.759  kl=+0.0265  clip=13.0%  redun=0.49 stall=0% pair=0.29 sync=+0.0000(7.6/k) ownGap=0.207 sps=126(127avg)
[it  237/244] ep_end= 99.8%(ended= 48)  pg=-0.0059  v=0.0019  ent=0.771  kl=+0.0234  clip=12.3%  redun=0.55 stall=0% pair=0.27 sync=+0.0000(9.2/k) ownGap=0.179 sps=127(127avg)
[it  238/244] ep_end= 99.4%(ended= 50)  pg=-0.0084  v=0.0016  ent=0.764  kl=+0.0163  clip=10.5%  redun=0.52 stall=0% pair=0.28 sync=+0.0000(8.9/k) ownGap=0.195 sps=125(127avg)
[it  239/244] ep_end= 99.8%(ended= 56)  pg=-0.0062  v=0.0012  ent=0.740  kl=+0.0169  clip=10.9%  redun=0.45 stall=0% pair=0.29 sync=+0.0000(8.4/k) ownGap=0.225 sps=128(127avg)
[it  240/244] ep_end= 99.9%(ended= 54)  pg=-0.0020  v=0.0015  ent=0.795  kl=+0.0272  clip=15.6%  redun=0.51 stall=0% pair=0.29 sync=+0.0000(9.2/k) ownGap=0.208 sps=128(127avg)
[evalsuite it= 240] score=+0.364±0.152  auc=0.896  imbN=0.284  fair=0.910  conc=0.31  idle=0.82  ov=0.74  duty=0.44  succ=0.84  s90=225  nSync=3.8  syncGap=0.000  ownAUC=0.886  scoreOwn=+0.355
[it  241/244] ep_end= 99.9%(ended= 57)  pg=-0.0056  v=0.0014  ent=0.799  kl=+0.0222  clip=14.0%  redun=0.54 stall=0% pair=0.28 sync=+0.0000(9.3/k) ownGap=0.197 sps=126(127avg)
[it  242/244] ep_end= 99.8%(ended= 57)  pg=-0.0104  v=0.0013  ent=0.792  kl=+0.0234  clip=14.1%  redun=0.52 stall=0% pair=0.28 sync=+0.0000(9.2/k) ownGap=0.195 sps=126(127avg)
[it  243/244] ep_end= 99.7%(ended= 41)  pg=-0.0040  v=0.0011  ent=0.819  kl=+0.0309  clip=16.0%  redun=0.54 stall=0% pair=0.28 sync=+0.0000(8.2/k) ownGap=0.191 sps=128(127avg)
[it  244/244] ep_end= 99.7%(ended= 49)  pg=-0.0053  v=0.0013  ent=0.826  kl=+0.0323  clip=15.8%  redun=0.57 stall=0% pair=0.28 sync=+0.0000(8.3/k) ownGap=0.181 sps=127(127avg)
[evalsuite it= 244] score=+0.438±0.151  auc=0.925  imbN=0.279  fair=0.907  conc=0.33  idle=0.77  ov=0.62  duty=0.31  succ=0.94  s90=172  nSync=2.3  syncGap=0.012  ownAUC=0.901  scoreOwn=+0.414
[ckpt] runs/v14_frontier_easy_20260731_004306/ckpt_100.pt
[eval] runs/v14_frontier_easy_20260731_004306/eval_ckpt_100_m0.gif  map=70  final_explored=99.2%  frames=144
[trace] ckpt_100_m0  steps=145  explored=0.9922  → runs/v14_frontier_easy_20260731_004306/traces/ckpt_100_m0
[eval] runs/v14_frontier_easy_20260731_004306/eval_ckpt_100_m1.gif  map=325  final_explored=100.0%  frames=92
[trace] ckpt_100_m1  steps=93  explored=0.9995  → runs/v14_frontier_easy_20260731_004306/traces/ckpt_100_m1
[done] runs/v14_frontier_easy_20260731_004306/final.pt
PHASE1_DONE easy_final=runs/v14_frontier_easy_20260731_004306/final.pt
############ PHASE 2: DIFFICULT (4M steps, warm-start from phase 1) ############
Warp 1.15.0 initialized:
   CUDA Toolkit 12.9, Driver 13.2
   Devices:
     "cpu"      : "x86_64"
     "cuda:0"   : "NVIDIA GeForce RTX 5080 Laptop GPU" (15 GiB, sm_120, mempool enabled)
   Kernel cache:
     /root/.cache/warp/1.15.0
Module env.world_warp c2cac31 load on device 'cuda:0' took 0.56 ms  (cached)
[init-ckpt] warm-started from runs/v14_frontier_easy_20260731_004306/final.pt (iter=244, missing=0 unexpected=0)
[evalsuite] multi-split: ['complex']
[train] iters=488  steps/iter=8192  total≈3,997,696
[it    1/488] ep_end= 99.9%(ended= 12)  pg=+0.0039  v=0.0018  ent=1.017  kl=+0.0773  clip=41.3%  redun=0.67 stall=0% pair=0.15 sync=+0.0000(11.0/k) ownGap=0.093 sps=106(106avg)
[it    2/488] ep_end= 96.5%(ended= 23)  pg=-0.0102  v=0.0025  ent=0.870  kl=+0.0359  clip=24.2%  redun=0.64 stall=0% pair=0.19 sync=+0.0000(8.8/k) ownGap=0.116 sps=98(102avg)
[it    3/488] ep_end= 99.8%(ended= 13)  pg=-0.0049  v=0.0038  ent=0.886  kl=+0.0259  clip=22.7%  redun=0.66 stall=0% pair=0.21 sync=+0.0000(10.0/k) ownGap=0.131 sps=95(99avg)
[it    4/488] ep_end= 99.7%(ended= 13)  pg=-0.0106  v=0.0059  ent=0.876  kl=+0.0176  clip=21.0%  redun=0.70 stall=0% pair=0.22 sync=+0.0000(11.0/k) ownGap=0.122 sps=91(97avg)
[it    5/488] ep_end= 99.8%(ended= 17)  pg=-0.0130  v=0.0040  ent=0.880  kl=+0.0229  clip=21.9%  redun=0.73 stall=0% pair=0.22 sync=+0.0000(9.4/k) ownGap=0.110 sps=87(95avg)
[it    6/488] ep_end= 96.2%(ended= 16)  pg=-0.0079  v=0.0056  ent=0.891  kl=+0.0160  clip=20.9%  redun=0.71 stall=0% pair=0.21 sync=+0.0000(9.2/k) ownGap=0.128 sps=89(94avg)
[it    7/488] ep_end= 96.1%(ended= 24)  pg=-0.0061  v=0.0133  ent=0.821  kl=+0.0163  clip=18.0%  redun=0.65 stall=0% pair=0.19 sync=+0.0000(9.6/k) ownGap=0.131 sps=82(92avg)
[it    8/488] ep_end= 99.9%(ended= 17)  pg=-0.0068  v=0.0223  ent=0.770  kl=+0.0114  clip=15.9%  redun=0.58 stall=0% pair=0.22 sync=+0.0000(9.0/k) ownGap=0.167 sps=33(75avg)
[it    9/488] ep_end= 99.9%(ended= 17)  pg=-0.0040  v=0.0799  ent=0.784  kl=+0.0105  clip=16.4%  redun=0.68 stall=0% pair=0.18 sync=+0.0000(11.1/k) ownGap=0.133 sps=33(66avg)
[it   10/488] ep_end= 99.7%(ended= 17)  pg=-0.0100  v=0.1382  ent=0.866  kl=+0.0066  clip=16.7%  redun=0.74 stall=0% pair=0.19 sync=+0.0000(10.6/k) ownGap=0.106 sps=33(60avg)
[trace] auto_it0010  steps=610  explored=0.9996  → runs/v14_frontier_difficult_20260731_004306/traces/auto_it0010
[inspector] auto trace captured (it=10) → inspector unlocked
[evalsuite it=  10] score=+0.450±0.095  auc=0.850  imbN=0.211  fair=0.946  conc=0.17  idle=0.82  ov=0.36  duty=0.23  succ=0.81  s90=784  nSync=9.8  syncGap=0.001  ownAUC=0.808  scoreOwn=+0.408
[ckpt] runs/v14_frontier_difficult_20260731_004306/ckpt_best.pt
[best] new best eval/score=+0.450 at it=10 → ckpt_best.pt
[it   11/488] ep_end= 99.0%(ended= 25)  pg=-0.0077  v=0.1058  ent=0.794  kl=+0.0118  clip=17.7%  redun=0.68 stall=0% pair=0.22 sync=+0.0000(9.0/k) ownGap=0.112 sps=33(56avg)
[it   12/488] ep_end= 99.4%(ended= 16)  pg=-0.0022  v=0.0608  ent=0.740  kl=+0.0237  clip=17.8%  redun=0.65 stall=0% pair=0.23 sync=+0.0000(8.2/k) ownGap=0.131 sps=88(57avg)
[it   13/488] ep_end= 99.9%(ended= 18)  pg=-0.0057  v=0.0636  ent=0.768  kl=+0.0116  clip=15.1%  redun=0.66 stall=0% pair=0.19 sync=+0.0000(10.6/k) ownGap=0.132 sps=56(57avg)
[it   14/488] ep_end= 99.8%(ended= 24)  pg=+0.0262  v=0.0126  ent=0.830  kl=+0.2014  clip=29.5%  redun=0.69 stall=0% pair=0.20 sync=+0.0000(10.3/k) ownGap=0.122 sps=88(59avg)
[it   15/488] ep_end= 99.5%(ended= 22)  pg=-0.0115  v=0.0122  ent=0.853  kl=+0.0110  clip=12.3%  redun=0.74 stall=0% pair=0.18 sync=+0.0000(11.6/k) ownGap=0.095 sps=89(60avg)
[it   16/488] ep_end= 99.8%(ended= 19)  pg=-0.0090  v=0.0114  ent=0.836  kl=+0.0147  clip=14.9%  redun=0.72 stall=0% pair=0.20 sync=+0.0000(11.1/k) ownGap=0.097 sps=91(61avg)
[it   17/488] ep_end= 99.5%(ended= 14)  pg=-0.0062  v=0.0122  ent=0.855  kl=+0.0135  clip=17.0%  redun=0.71 stall=0% pair=0.20 sync=+0.0000(9.6/k) ownGap=0.121 sps=46(60avg)
[it   18/488] ep_end= 99.9%(ended= 15)  pg=-0.0049  v=0.0098  ent=0.890  kl=+0.0174  clip=18.2%  redun=0.71 stall=0% pair=0.19 sync=+0.0000(9.8/k) ownGap=0.131 sps=33(58avg)
[it   19/488] ep_end= 99.9%(ended= 15)  pg=-0.0051  v=0.0123  ent=0.879  kl=+0.0154  clip=18.3%  redun=0.73 stall=0% pair=0.20 sync=+0.0000(9.9/k) ownGap=0.125 sps=33(55avg)
[it   20/488] ep_end= 99.6%(ended= 20)  pg=-0.0049  v=0.0217  ent=0.885  kl=+0.0146  clip=18.0%  redun=0.74 stall=0% pair=0.19 sync=+0.0000(11.4/k) ownGap=0.106 sps=34(54avg)
[evalsuite it=  20] score=+0.468±0.104  auc=0.842  imbN=0.170  fair=0.960  conc=0.19  idle=0.78  ov=0.38  duty=0.21  succ=0.97  s90=713  nSync=9.9  syncGap=0.001  ownAUC=0.816  scoreOwn=+0.441
[ckpt] runs/v14_frontier_difficult_20260731_004306/ckpt_best.pt
[best] new best eval/score=+0.468 at it=20 → ckpt_best.pt
[it   21/488] ep_end= 98.8%(ended= 17)  pg=-0.0053  v=0.0289  ent=0.859  kl=+0.0138  clip=17.0%  redun=0.76 stall=0% pair=0.16 sync=+0.0000(13.4/k) ownGap=0.089 sps=86(55avg)
[it   22/488] ep_end= 99.0%(ended= 25)  pg=-0.0084  v=0.0218  ent=0.782  kl=+0.0139  clip=14.5%  redun=0.67 stall=0% pair=0.19 sync=+0.0000(10.7/k) ownGap=0.120 sps=84(56avg)
[it   23/488] ep_end= 99.5%(ended= 21)  pg=-0.0102  v=0.0111  ent=0.757  kl=+0.0122  clip=14.5%  redun=0.76 stall=0% pair=0.19 sync=+0.0000(11.1/k) ownGap=0.094 sps=81(56avg)
[it   24/488] ep_end= 99.7%(ended= 17)  pg=-0.0079  v=0.0076  ent=0.857  kl=+0.0174  clip=16.4%  redun=0.75 stall=0% pair=0.16 sync=+0.0000(13.4/k) ownGap=0.096 sps=54(56avg)
[it   25/488] ep_end= 98.4%(ended= 22)  pg=-0.0089  v=0.0082  ent=0.806  kl=+0.0239  clip=16.4%  redun=0.72 stall=0% pair=0.18 sync=+0.0000(11.8/k) ownGap=0.108 sps=85(57avg)
[it   26/488] ep_end= 99.7%(ended= 22)  pg=-0.0066  v=0.0101  ent=0.799  kl=+0.0225  clip=16.8%  redun=0.71 stall=0% pair=0.18 sync=+0.0000(11.6/k) ownGap=0.103 sps=82(58avg)
[it   27/488] ep_end= 99.4%(ended= 19)  pg=-0.0081  v=0.0049  ent=0.806  kl=+0.0213  clip=16.4%  redun=0.72 stall=0% pair=0.20 sync=+0.0000(11.4/k) ownGap=0.100 sps=91(59avg)
[it   28/488] ep_end= 99.9%(ended= 13)  pg=-0.0076  v=0.0054  ent=0.783  kl=+0.0240  clip=18.2%  redun=0.66 stall=0% pair=0.25 sync=+0.0000(7.6/k) ownGap=0.127 sps=68(59avg)
[it   29/488] ep_end= 99.0%(ended= 20)  pg=-0.0033  v=0.0076  ent=0.804  kl=+0.0364  clip=21.0%  redun=0.71 stall=0% pair=0.22 sync=+0.0000(10.5/k) ownGap=0.110 sps=75(59avg)
[it   30/488] ep_end= 99.9%(ended= 21)  pg=+0.0015  v=0.0074  ent=0.799  kl=+0.0333  clip=20.9%  redun=0.72 stall=0% pair=0.20 sync=+0.0000(10.5/k) ownGap=0.102 sps=61(59avg)
[evalsuite it=  30] score=+0.266±0.140  auc=0.655  imbN=0.206  fair=0.943  conc=0.08  idle=0.90  ov=0.24  duty=0.12  succ=0.06  s90=1671  nSync=11.2  syncGap=0.085  ownAUC=0.575  scoreOwn=+0.185
[it   31/488] ep_end= 99.8%(ended= 21)  pg=-0.0031  v=0.0106  ent=0.778  kl=+0.0247  clip=18.0%  redun=0.67 stall=0% pair=0.21 sync=+0.0000(9.6/k) ownGap=0.125 sps=42(59avg)
[it   32/488] ep_end= 99.5%(ended= 21)  pg=-0.0045  v=0.0130  ent=0.815  kl=+0.0220  clip=17.1%  redun=0.71 stall=0% pair=0.20 sync=+0.0000(9.5/k) ownGap=0.119 sps=88(59avg)
[it   33/488] ep_end= 99.4%(ended= 21)  pg=-0.0067  v=0.0070  ent=0.834  kl=+0.0259  clip=19.9%  redun=0.68 stall=0% pair=0.22 sync=+0.0000(10.5/k) ownGap=0.129 sps=87(60avg)
[it   34/488] ep_end= 99.9%(ended= 16)  pg=-0.0085  v=0.0132  ent=0.772  kl=+0.0150  clip=17.1%  redun=0.68 stall=0% pair=0.20 sync=+0.0000(10.4/k) ownGap=0.120 sps=86(60avg)
[it   35/488] ep_end= 99.2%(ended= 14)  pg=-0.0082  v=0.0227  ent=0.885  kl=+0.0188  clip=21.7%  redun=0.77 stall=0% pair=0.17 sync=+0.0000(13.1/k) ownGap=0.093 sps=84(61avg)
[it   36/488] ep_end= 98.3%(ended= 18)  pg=-0.0051  v=0.0274  ent=0.885  kl=+0.0218  clip=20.4%  redun=0.70 stall=0% pair=0.19 sync=+0.0000(11.8/k) ownGap=0.114 sps=86(61avg)
[it   37/488] ep_end= 98.9%(ended= 17)  pg=-0.0075  v=0.0402  ent=0.827  kl=+0.0129  clip=19.0%  redun=0.71 stall=0% pair=0.19 sync=+0.0000(11.1/k) ownGap=0.100 sps=77(62avg)
[it   38/488] ep_end= 99.8%(ended= 17)  pg=-0.0072  v=0.0116  ent=0.793  kl=+0.0265  clip=19.5%  redun=0.68 stall=0% pair=0.22 sync=+0.0000(10.3/k) ownGap=0.128 sps=90(62avg)
[it   39/488] ep_end= 96.7%(ended= 18)  pg=-0.0063  v=0.0154  ent=0.748  kl=+0.0257  clip=19.5%  redun=0.69 stall=0% pair=0.20 sync=+0.0000(11.1/k) ownGap=0.111 sps=86(63avg)
[it   40/488] ep_end= 99.9%(ended= 14)  pg=-0.0062  v=0.0141  ent=0.742  kl=+0.0210  clip=18.2%  redun=0.72 stall=0% pair=0.21 sync=+0.0000(10.7/k) ownGap=0.110 sps=84(63avg)
[evalsuite it=  40] score=+0.344±0.188  auc=0.747  imbN=0.288  fair=0.902  conc=0.07  idle=0.90  ov=0.14  duty=0.06  succ=0.19  s90=1349  nSync=5.5  syncGap=0.125  ownAUC=0.601  scoreOwn=+0.198
[it   41/488] ep_end= 98.3%(ended= 22)  pg=-0.0060  v=0.0152  ent=0.827  kl=+0.0238  clip=19.6%  redun=0.67 stall=0% pair=0.21 sync=+0.0000(9.2/k) ownGap=0.126 sps=88(63avg)
[it   42/488] ep_end= 99.8%(ended= 21)  pg=+0.0051  v=0.0051  ent=0.741  kl=+0.0758  clip=25.3%  redun=0.67 stall=0% pair=0.22 sync=+0.0000(9.4/k) ownGap=0.127 sps=89(64avg)
[it   43/488] ep_end= 99.4%(ended= 19)  pg=-0.0058  v=0.0098  ent=0.756  kl=+0.0168  clip=16.8%  redun=0.67 stall=0% pair=0.22 sync=+0.0000(9.0/k) ownGap=0.122 sps=88(64avg)
[it   44/488] ep_end= 99.7%(ended= 15)  pg=-0.0070  v=0.0101  ent=0.813  kl=+0.0188  clip=18.1%  redun=0.74 stall=0% pair=0.20 sync=+0.0000(9.9/k) ownGap=0.111 sps=53(64avg)
[it   45/488] ep_end= 99.5%(ended= 21)  pg=-0.0051  v=0.0058  ent=0.791  kl=+0.0318  clip=18.9%  redun=0.74 stall=0% pair=0.18 sync=+0.0000(10.4/k) ownGap=0.107 sps=88(64avg)
[it   46/488] ep_end= 99.8%(ended= 24)  pg=-0.0023  v=0.0056  ent=0.764  kl=+0.0307  clip=19.2%  redun=0.69 stall=0% pair=0.21 sync=+0.0000(10.1/k) ownGap=0.114 sps=91(65avg)
[it   47/488] ep_end= 99.9%(ended= 24)  pg=-0.0061  v=0.0033  ent=0.756  kl=+0.0268  clip=17.5%  redun=0.63 stall=0% pair=0.21 sync=+0.0000(8.2/k) ownGap=0.129 sps=91(65avg)
[it   48/488] ep_end= 99.7%(ended= 12)  pg=-0.0087  v=0.0020  ent=0.804  kl=+0.0249  clip=20.5%  redun=0.69 stall=0% pair=0.21 sync=+0.0000(8.7/k) ownGap=0.124 sps=90(65avg)
[it   49/488] ep_end= 99.9%(ended= 20)  pg=-0.0071  v=0.0040  ent=0.869  kl=+0.0271  clip=21.2%  redun=0.67 stall=0% pair=0.22 sync=+0.0000(9.4/k) ownGap=0.132 sps=90(66avg)
[it   50/488] ep_end= 99.8%(ended= 21)  pg=-0.0067  v=0.0053  ent=0.845  kl=+0.0270  clip=21.5%  redun=0.68 stall=0% pair=0.21 sync=+0.0000(9.6/k) ownGap=0.138 sps=89(66avg)
[evalsuite it=  50] score=-0.025±0.264  auc=0.480  imbN=0.463  fair=0.810  conc=0.03  idle=0.96  ov=0.13  duty=0.05  succ=0.00  s90=2015  nSync=4.2  syncGap=0.180  ownAUC=0.316  scoreOwn=-0.189
[it   51/488] ep_end= 99.8%(ended= 22)  pg=-0.0045  v=0.0038  ent=0.848  kl=+0.0300  clip=21.9%  redun=0.72 stall=0% pair=0.19 sync=+0.0000(11.2/k) ownGap=0.097 sps=79(66avg)
[it   52/488] ep_end= 99.7%(ended= 20)  pg=-0.0069  v=0.0079  ent=0.869  kl=+0.0236  clip=21.1%  redun=0.70 stall=0% pair=0.22 sync=+0.0000(8.8/k) ownGap=0.114 sps=90(67avg)
[it   53/488] ep_end= 99.1%(ended= 23)  pg=-0.0087  v=0.0063  ent=0.856  kl=+0.0206  clip=18.7%  redun=0.60 stall=0% pair=0.25 sync=+0.0000(6.6/k) ownGap=0.164 sps=83(67avg)
[it   54/488] ep_end= 99.8%(ended= 28)  pg=-0.0035  v=0.0038  ent=0.824  kl=+0.0353  clip=23.3%  redun=0.56 stall=0% pair=0.22 sync=+0.0000(7.6/k) ownGap=0.166 sps=32(66avg)
[it   55/488] ep_end= 99.9%(ended= 17)  pg=-0.0080  v=0.0017  ent=0.846  kl=+0.0264  clip=20.3%  redun=0.61 stall=0% pair=0.23 sync=+0.0000(7.9/k) ownGap=0.128 sps=33(65avg)
[it   56/488] ep_end= 99.6%(ended= 18)  pg=-0.0059  v=0.0028  ent=0.844  kl=+0.0210  clip=19.7%  redun=0.67 stall=0% pair=0.22 sync=+0.0000(8.3/k) ownGap=0.132 sps=31(63avg)
[it   57/488] ep_end= 99.8%(ended= 19)  pg=-0.0066  v=0.0026  ent=0.808  kl=+0.0233  clip=19.4%  redun=0.63 stall=0% pair=0.22 sync=+0.0000(7.8/k) ownGap=0.137 sps=60(63avg)
[it   58/488] ep_end=100.0%(ended= 12)  pg=-0.0084  v=0.0028  ent=0.868  kl=+0.0229  clip=21.0%  redun=0.66 stall=0% pair=0.25 sync=+0.0000(7.3/k) ownGap=0.127 sps=95(64avg)
[it   59/488] ep_end= 99.7%(ended= 16)  pg=-0.0048  v=0.0038  ent=0.832  kl=+0.0220  clip=20.3%  redun=0.70 stall=0% pair=0.23 sync=+0.0000(8.9/k) ownGap=0.119 sps=91(64avg)
[it   60/488] ep_end= 99.2%(ended= 20)  pg=-0.0068  v=0.0034  ent=0.778  kl=+0.0289  clip=19.6%  redun=0.64 stall=0% pair=0.20 sync=+0.0000(8.8/k) ownGap=0.136 sps=80(64avg)
[evalsuite it=  60] score=+0.017±0.246  auc=0.492  imbN=0.426  fair=0.822  conc=0.04  idle=0.95  ov=0.09  duty=0.02  succ=0.00  s90=2048  nSync=1.6  syncGap=0.244  ownAUC=0.277  scoreOwn=-0.197
[it   61/488] ep_end= 99.9%(ended= 23)  pg=-0.0027  v=0.0057  ent=0.842  kl=+0.0195  clip=19.9%  redun=0.61 stall=0% pair=0.23 sync=+0.0000(7.0/k) ownGap=0.152 sps=67(64avg)
[it   62/488] ep_end= 99.7%(ended= 25)  pg=-0.0070  v=0.0064  ent=0.828  kl=+0.0257  clip=22.0%  redun=0.64 stall=0% pair=0.23 sync=+0.0000(8.3/k) ownGap=0.153 sps=69(64avg)
[it   63/488] ep_end= 99.6%(ended= 26)  pg=-0.0054  v=0.0039  ent=0.778  kl=+0.0326  clip=21.5%  redun=0.62 stall=0% pair=0.19 sync=+0.0000(8.7/k) ownGap=0.132 sps=90(65avg)
[it   64/488] ep_end= 99.9%(ended= 22)  pg=-0.0056  v=0.0023  ent=0.741  kl=+0.0313  clip=19.8%  redun=0.61 stall=0% pair=0.23 sync=+0.0000(8.1/k) ownGap=0.151 sps=90(65avg)
[it   65/488] ep_end= 99.6%(ended= 16)  pg=-0.0067  v=0.0171  ent=0.787  kl=+0.0114  clip=16.7%  redun=0.62 stall=0% pair=0.22 sync=+0.0000(9.4/k) ownGap=0.146 sps=92(65avg)
[it   66/488] ep_end= 99.9%(ended= 19)  pg=-0.0065  v=0.0173  ent=0.834  kl=+0.0140  clip=17.9%  redun=0.65 stall=0% pair=0.20 sync=+0.0000(9.5/k) ownGap=0.141 sps=70(65avg)
[it   67/488] ep_end= 99.0%(ended= 16)  pg=-0.0070  v=0.0049  ent=0.866  kl=+0.0280  clip=20.7%  redun=0.68 stall=0% pair=0.21 sync=+0.0000(9.0/k) ownGap=0.109 sps=44(65avg)
[it   68/488] ep_end= 99.7%(ended= 17)  pg=-0.0088  v=0.0048  ent=0.821  kl=+0.0221  clip=19.4%  redun=0.68 stall=0% pair=0.20 sync=+0.0000(8.9/k) ownGap=0.127 sps=89(65avg)
[it   69/488] ep_end= 99.9%(ended= 12)  pg=+0.0021  v=0.0029  ent=0.820  kl=+0.0976  clip=26.3%  redun=0.68 stall=0% pair=0.22 sync=+0.0000(9.2/k) ownGap=0.121 sps=91(65avg)
[it   70/488] ep_end= 99.0%(ended= 23)  pg=-0.0071  v=0.0056  ent=0.886  kl=+0.0191  clip=20.0%  redun=0.72 stall=0% pair=0.19 sync=+0.0000(11.1/k) ownGap=0.113 sps=87(66avg)
[evalsuite it=  70] score=-0.058±0.269  auc=0.452  imbN=0.418  fair=0.828  conc=0.03  idle=0.96  ov=0.25  duty=0.12  succ=0.00  s90=2007  nSync=3.1  syncGap=0.188  ownAUC=0.280  scoreOwn=-0.231
[it   71/488] ep_end= 99.7%(ended= 19)  pg=-0.0094  v=0.0065  ent=0.884  kl=+0.0153  clip=19.4%  redun=0.65 stall=0% pair=0.19 sync=+0.0000(10.5/k) ownGap=0.132 sps=88(66avg)
[it   72/488] ep_end= 99.8%(ended= 20)  pg=-0.0077  v=0.0089  ent=0.915  kl=+0.0145  clip=19.4%  redun=0.75 stall=0% pair=0.16 sync=+0.0000(11.5/k) ownGap=0.106 sps=87(66avg)
[it   73/488] ep_end= 99.6%(ended= 21)  pg=-0.0088  v=0.0113  ent=0.856  kl=+0.0167  clip=18.9%  redun=0.72 stall=0% pair=0.18 sync=+0.0000(10.5/k) ownGap=0.110 sps=43(65avg)
[it   74/488] ep_end= 99.5%(ended= 25)  pg=-0.0073  v=0.0044  ent=0.814  kl=+0.0257  clip=18.0%  redun=0.69 stall=0% pair=0.21 sync=+0.0000(9.5/k) ownGap=0.103 sps=67(65avg)
[it   75/488] ep_end= 99.9%(ended= 16)  pg=+0.0076  v=0.0016  ent=0.759  kl=+0.0598  clip=23.8%  redun=0.62 stall=0% pair=0.23 sync=+0.0000(7.3/k) ownGap=0.152 sps=93(66avg)
[it   76/488] ep_end= 99.4%(ended= 21)  pg=-0.0082  v=0.0018  ent=0.748  kl=+0.0183  clip=15.5%  redun=0.65 stall=0% pair=0.24 sync=+0.0000(7.1/k) ownGap=0.141 sps=91(66avg)
[it   77/488] ep_end= 99.7%(ended= 20)  pg=-0.0075  v=0.0035  ent=0.785  kl=+0.0221  clip=16.8%  redun=0.67 stall=0% pair=0.24 sync=+0.0000(8.1/k) ownGap=0.123 sps=84(66avg)
[it   78/488] ep_end= 99.9%(ended= 18)  pg=-0.0018  v=0.0024  ent=0.770  kl=+0.0187  clip=16.7%  redun=0.63 stall=0% pair=0.22 sync=+0.0000(8.2/k) ownGap=0.147 sps=50(66avg)
[it   79/488] ep_end= 99.9%(ended= 14)  pg=-0.0047  v=0.0017  ent=0.763  kl=+0.0251  clip=17.2%  redun=0.67 stall=0% pair=0.24 sync=+0.0000(7.2/k) ownGap=0.121 sps=92(66avg)
[it   80/488] ep_end= 99.7%(ended= 16)  pg=-0.0076  v=0.0020  ent=0.769  kl=+0.0187  clip=15.8%  redun=0.65 stall=0% pair=0.25 sync=+0.0000(6.5/k) ownGap=0.148 sps=90(66avg)
[evalsuite it=  80] score=+0.104±0.233  auc=0.564  imbN=0.369  fair=0.860  conc=0.05  idle=0.94  ov=0.17  duty=0.08  succ=0.03  s90=1768  nSync=5.4  syncGap=0.146  ownAUC=0.426  scoreOwn=-0.034
[it   81/488] ep_end= 99.8%(ended= 20)  pg=-0.0090  v=0.0022  ent=0.832  kl=+0.0202  clip=16.8%  redun=0.67 stall=0% pair=0.23 sync=+0.0000(7.2/k) ownGap=0.127 sps=92(67avg)
[it   82/488] ep_end= 99.9%(ended= 26)  pg=-0.0078  v=0.0025  ent=0.772  kl=+0.0287  clip=18.4%  redun=0.62 stall=0% pair=0.24 sync=+0.0000(7.6/k) ownGap=0.154 sps=92(67avg)
[it   83/488] ep_end= 99.6%(ended= 20)  pg=-0.0045  v=0.0026  ent=0.775  kl=+0.0273  clip=18.4%  redun=0.60 stall=0% pair=0.22 sync=+0.0000(6.8/k) ownGap=0.146 sps=91(67avg)
[it   84/488] ep_end= 99.9%(ended= 19)  pg=-0.0057  v=0.0025  ent=0.739  kl=+0.0246  clip=19.2%  redun=0.69 stall=0% pair=0.22 sync=+0.0000(8.3/k) ownGap=0.111 sps=70(67avg)
[it   85/488] ep_end= 99.9%(ended= 24)  pg=-0.0044  v=0.0015  ent=0.696  kl=+0.0256  clip=17.5%  redun=0.57 stall=0% pair=0.25 sync=+0.0000(7.0/k) ownGap=0.167 sps=55(67avg)
[it   86/488] ep_end= 99.8%(ended= 13)  pg=-0.0096  v=0.0018  ent=0.764  kl=+0.0180  clip=16.3%  redun=0.66 stall=0% pair=0.24 sync=+0.0000(8.2/k) ownGap=0.129 sps=33(66avg)
[it   87/488] ep_end= 98.9%(ended= 17)  pg=-0.0076  v=0.0015  ent=0.833  kl=+0.0259  clip=19.8%  redun=0.71 stall=0% pair=0.21 sync=+0.0000(9.8/k) ownGap=0.113 sps=32(65avg)
[it   88/488] ep_end= 99.5%(ended= 20)  pg=-0.0057  v=0.0023  ent=0.773  kl=+0.0233  clip=18.5%  redun=0.65 stall=0% pair=0.22 sync=+0.0000(8.2/k) ownGap=0.141 sps=80(65avg)
[it   89/488] ep_end= 99.8%(ended= 18)  pg=-0.0060  v=0.0025  ent=0.796  kl=+0.0245  clip=19.2%  redun=0.65 stall=0% pair=0.22 sync=+0.0000(7.9/k) ownGap=0.139 sps=91(66avg)
[it   90/488] ep_end= 99.8%(ended= 18)  pg=-0.0052  v=0.0032  ent=0.793  kl=+0.0260  clip=18.5%  redun=0.67 stall=0% pair=0.22 sync=+0.0000(7.9/k) ownGap=0.133 sps=90(66avg)
[evalsuite it=  90] score=+0.132±0.227  auc=0.569  imbN=0.344  fair=0.878  conc=0.05  idle=0.94  ov=0.12  duty=0.04  succ=0.03  s90=1904  nSync=3.4  syncGap=0.184  ownAUC=0.404  scoreOwn=-0.033
[it   91/488] ep_end= 99.0%(ended= 22)  pg=-0.0066  v=0.0041  ent=0.786  kl=+0.0218  clip=17.7%  redun=0.71 stall=0% pair=0.19 sync=+0.0000(10.0/k) ownGap=0.105 sps=90(66avg)
[it   92/488] ep_end= 99.8%(ended= 23)  pg=-0.0064  v=0.0103  ent=0.786  kl=+0.0087  clip=16.5%  redun=0.63 stall=0% pair=0.22 sync=+0.0000(8.2/k) ownGap=0.136 sps=93(66avg)
[it   93/488] ep_end= 99.9%(ended= 22)  pg=-0.0021  v=0.0175  ent=0.767  kl=+0.0201  clip=18.7%  redun=0.59 stall=0% pair=0.22 sync=+0.0000(8.3/k) ownGap=0.160 sps=76(66avg)
[it   94/488] ep_end= 99.5%(ended= 25)  pg=+0.0017  v=0.0204  ent=0.820  kl=+0.0269  clip=21.8%  redun=0.67 stall=0% pair=0.20 sync=+0.0000(10.6/k) ownGap=0.121 sps=90(67avg)
[it   95/488] ep_end= 99.8%(ended= 15)  pg=-0.0033  v=0.0318  ent=0.831  kl=+0.0196  clip=20.1%  redun=0.69 stall=0% pair=0.21 sync=+0.0000(9.4/k) ownGap=0.109 sps=40(66avg)
[it   96/488] ep_end= 99.0%(ended= 10)  pg=-0.0098  v=0.0155  ent=0.851  kl=+0.0124  clip=16.0%  redun=0.76 stall=0% pair=0.20 sync=+0.0000(9.8/k) ownGap=0.094 sps=27(65avg)
[it   97/488] ep_end= 99.7%(ended= 20)  pg=-0.0066  v=0.0166  ent=0.805  kl=+0.0147  clip=16.8%  redun=0.73 stall=0% pair=0.20 sync=+0.0000(8.9/k) ownGap=0.095 sps=21(64avg)
[it   98/488] ep_end= 99.8%(ended= 17)  pg=-0.0082  v=0.0122  ent=0.829  kl=+0.0142  clip=16.6%  redun=0.68 stall=0% pair=0.22 sync=+0.0000(8.5/k) ownGap=0.122 sps=31(63avg)
[ckpt] runs/v14_frontier_difficult_20260731_004306/ckpt_020.pt
pipeline_v14_frontier.sh: line 89: 140523 Killed                  python scripts/run_train.py --split train/difficult --max-episode-steps 2048 --total-steps 4000000 $COMMON --eval-suite-splits test/complex --eval-on-ckpt --eval-split test/complex --eval-steps 2048 --init-ckpt ${EASY_OUT}/final.pt --out ${DIFF_OUT}
