### PROBE 1: early ckpt (20% of easy phase) on train/easy, sampled actions
Warp 1.15.0 initialized:
   CUDA Toolkit 12.9, Driver 13.2
   Devices:
     "cpu"      : "x86_64"
     "cuda:0"   : "NVIDIA GeForce RTX 5080 Laptop GPU" (15 GiB, sm_120, mempool enabled)
   Kernel cache:
     /root/.cache/warp/1.15.0
Module env.world_warp c2cac31 load on device 'cuda:0' took 3.52 ms  (cached)
[ckpt] arch: n_layers=6 d=128 n_heads=4 n_agents=2 use_gru=False (detected layers=6, d=128)

ckpt=runs/v12_ir2_easy_20260728_151102/ckpt_020.pt
split=train/easy  n_envs=32  M=2  frac=0.06  px=0.0  actions=sampled

  TERMINATION RATE (own-99% by every robot) : 0.09   (3/32 episodes)
  weakest robot's own coverage at end       : mean 0.476  min 0.127  max 1.000
  distance spent (max over robots, px)      : mean 6350  p50 7881  max 8176
  steps                                     : mean 333

  VERDICT: NOT REACHABLE at this budget — the bonus is dead weight and --done-mode own would only lengthen episodes. Raise the budget, use an easier split first, or warm-start.

### PROBE 2: same early ckpt on train/difficult
Warp 1.15.0 initialized:
   CUDA Toolkit 12.9, Driver 13.2
   Devices:
     "cpu"      : "x86_64"
     "cuda:0"   : "NVIDIA GeForce RTX 5080 Laptop GPU" (15 GiB, sm_120, mempool enabled)
   Kernel cache:
     /root/.cache/warp/1.15.0
Module env.world_warp c2cac31 load on device 'cuda:0' took 0.51 ms  (cached)
[ckpt] arch: n_layers=6 d=128 n_heads=4 n_agents=2 use_gru=False (detected layers=6, d=128)

ckpt=runs/v12_ir2_easy_20260728_151102/ckpt_020.pt
split=train/difficult  n_envs=32  M=2  frac=0.06  px=0.0  actions=sampled

  TERMINATION RATE (own-99% by every robot) : 0.00   (0/32 episodes)
  weakest robot's own coverage at end       : mean 0.361  min 0.099  max 0.807
  distance spent (max over robots, px)      : mean 12441  p50 7734  max 33131
  steps                                     : mean 655

  VERDICT: NOT REACHABLE at this budget — the bonus is dead weight and --done-mode own would only lengthen episodes. Raise the budget, use an easier split first, or warm-start.
=== PROBES_DONE ===
