######## vfg099  --vf-gamma 0.99
[eval_comparison] ABLATION env overrides: {'vf_gamma': 0.99} — the policy is OFF-DISTRIBUTION at these values; label the output as an ablation
hybrid_M4                 1428    73.1     0.999     0.98   0.74   0.999   → marlauder_hybrid_M4_vfg099.csv
######## vfg090  --vf-gamma 0.90
[eval_comparison] ABLATION env overrides: {'vf_gamma': 0.9} — the policy is OFF-DISTRIBUTION at these values; label the output as an ablation
hybrid_M4                 1421    72.7     0.999     0.99   0.76   0.999   → marlauder_hybrid_M4_vfg090.csv
######## vfg080  --vf-gamma 0.80
[eval_comparison] ABLATION env overrides: {'vf_gamma': 0.8} — the policy is OFF-DISTRIBUTION at these values; label the output as an ablation
hybrid_M4                 1428    73.2     0.999     0.99   0.72   0.999   → marlauder_hybrid_M4_vfg080.csv
######## vfg060  --vf-gamma 0.60
[eval_comparison] ABLATION env overrides: {'vf_gamma': 0.6} — the policy is OFF-DISTRIBUTION at these values; label the output as an ablation
hybrid_M4                 1444    74.0     0.997     0.99   0.67   1.000   → marlauder_hybrid_M4_vfg060.csv
######## rdg090  --radar-gamma 0.90
[eval_comparison] ABLATION env overrides: {'radar_gamma': 0.9} — the policy is OFF-DISTRIBUTION at these values; label the output as an ablation
hybrid_M4                 1490    76.4     0.999     0.97   0.74   0.999   → marlauder_hybrid_M4_rdg090.csv
######## rdg080  --radar-gamma 0.80
[eval_comparison] ABLATION env overrides: {'radar_gamma': 0.8} — the policy is OFF-DISTRIBUTION at these values; label the output as an ablation
hybrid_M4                 1554    80.0     0.999     0.98   0.67   1.000   → marlauder_hybrid_M4_rdg080.csv
######## both080  --vf-gamma 0.80 --radar-gamma 0.80
[eval_comparison] ABLATION env overrides: {'vf_gamma': 0.8, 'radar_gamma': 0.8} — the policy is OFF-DISTRIBUTION at these values; label the output as an ablation
hybrid_M4                 1543    79.3     0.995     0.97   0.71   0.999   → marlauder_hybrid_M4_both080.csv
SWEEP GAMMA DONE
