Warp 1.15.0 initialized:
   CUDA Toolkit 12.9, Driver 13.2
   Devices:
     "cpu"      : "x86_64"
     "cuda:0"   : "NVIDIA GeForce RTX 5080 Laptop GPU" (15 GiB, sm_120, mempool enabled)
   Kernel cache:
     /root/.cache/warp/1.15.0
Module env.world_warp c2cac31 load on device 'cuda:0' took 0.58 ms  (cached)
[init-ckpt] warm-started from runs/v19_m4_20260811_122528/ckpt_best.pt (iter=40, missing=0 unexpected=0)
[evalsuite] multi-split: ['complex']
[train] iters=103  steps/iter=8192  total≈843,776
[it    1/103] ep_end=100.0%(ended= 32)  pg=-0.0017  v=0.0260  ent=0.687  kl=+0.0488  clip=15.5%  ev=+0.74  div=0.0077  redun=0.53 stall=1% pair=0.19 sync=+0.0035(19.8/k) ownGap=0.252 sps=32(32avg)
[it    2/103] ep_end=100.0%(ended= 26)  pg=-0.0058  v=0.0186  ent=0.769  kl=+0.0141  clip=11.9%  ev=+0.76  div=0.0078  redun=0.57 stall=0% pair=0.23 sync=+0.0039(16.8/k) ownGap=0.318 sps=32(32avg)
[it    3/103] ep_end=100.0%(ended= 32)  pg=-0.0049  v=0.0286  ent=0.776  kl=+0.0167  clip=12.6%  ev=+0.78  div=0.0066  redun=0.57 stall=0% pair=0.23 sync=+0.0052(18.3/k) ownGap=0.309 sps=28(31avg)
[it    4/103] ep_end= 99.6%(ended= 28)  pg=-0.0040  v=0.0207  ent=0.836  kl=+0.0197  clip=13.1%  ev=+0.79  div=0.0062  redun=0.58 stall=0% pair=0.22 sync=+0.0046(19.4/k) ownGap=0.292 sps=25(29avg)
[it    5/103] ep_end= 99.7%(ended= 27)  pg=-0.0058  v=0.0454  ent=0.873  kl=+0.0126  clip=11.8%  ev=+0.67  div=0.0061  redun=0.52 stall=0% pair=0.23 sync=+0.0039(16.4/k) ownGap=0.344 sps=7(18avg)
[it    6/103] ep_end= 98.8%(ended= 41)  pg=-0.0053  v=0.0538  ent=0.861  kl=+0.0111  clip=11.4%  ev=+0.74  div=0.0086  redun=0.59 stall=0% pair=0.20 sync=+0.0054(20.3/k) ownGap=0.306 sps=31(20avg)
[it    7/103] ep_end= 99.5%(ended= 33)  pg=-0.0036  v=0.0235  ent=0.795  kl=+0.0241  clip=13.2%  ev=+0.82  div=0.0063  redun=0.53 stall=0% pair=0.22 sync=+0.0043(17.2/k) ownGap=0.309 sps=14(19avg)
[it    8/103] ep_end= 99.8%(ended= 30)  pg=-0.0045  v=0.0344  ent=0.850  kl=+0.0221  clip=13.8%  ev=+0.75  div=0.0061  redun=0.60 stall=0% pair=0.22 sync=+0.0055(18.5/k) ownGap=0.293 sps=8(16avg)
[it    9/103] ep_end= 99.6%(ended= 29)  pg=-0.0051  v=0.0255  ent=0.813  kl=+0.0221  clip=13.6%  ev=+0.77  div=0.0056  redun=0.54 stall=0% pair=0.24 sync=+0.0040(15.7/k) ownGap=0.310 sps=32(17avg)
[it   10/103] ep_end= 99.2%(ended= 21)  pg=-0.0034  v=0.0271  ent=0.792  kl=+0.0203  clip=13.3%  ev=+0.70  div=0.0066  redun=0.57 stall=0% pair=0.24 sync=+0.0055(16.1/k) ownGap=0.303 sps=9(16avg)
[trace] auto_it0010  steps=392  explored=0.9999  → runs/v21_div_20260821_104706/traces/auto_it0010
[inspector] auto trace captured (it=10) → inspector unlocked
[evalsuite it=  10] score=+0.411±0.079  auc=0.811  imbN=0.223  fair=0.810  conc=0.03  idle=0.89  ov=0.26  duty=0.13  succ=0.94  s90=306  nSync=20.0  syncGap=0.003  ownAUC=0.674  scoreOwn=+0.274
[ckpt] runs/v21_div_20260821_104706/ckpt_best.pt
[best] new best eval/score=+0.411 at it=10 → ckpt_best.pt
[it   11/103] ep_end= 99.8%(ended= 32)  pg=-0.0060  v=0.0292  ent=0.856  kl=+0.0215  clip=12.8%  ev=+0.80  div=0.0062  redun=0.60 stall=0% pair=0.21 sync=+0.0051(19.3/k) ownGap=0.295 sps=18(16avg)
[it   12/103] ep_end= 99.9%(ended= 32)  pg=-0.0048  v=0.0242  ent=0.773  kl=+0.0187  clip=12.6%  ev=+0.82  div=0.0057  redun=0.56 stall=0% pair=0.23 sync=+0.0044(17.8/k) ownGap=0.314 sps=18(16avg)
[it   13/103] ep_end= 99.4%(ended= 30)  pg=+0.0018  v=0.0303  ent=0.842  kl=+0.0557  clip=17.2%  ev=+0.78  div=0.0069  redun=0.58 stall=0% pair=0.22 sync=+0.0055(19.5/k) ownGap=0.292 sps=16(16avg)
[it   14/103] ep_end= 99.6%(ended= 30)  pg=-0.0071  v=0.0311  ent=0.888  kl=+0.0145  clip=13.8%  ev=+0.77  div=0.0061  redun=0.61 stall=0% pair=0.22 sync=+0.0048(20.7/k) ownGap=0.286 sps=13(16avg)
[it   15/103] ep_end= 99.4%(ended= 37)  pg=-0.0066  v=0.0278  ent=0.839  kl=+0.0155  clip=12.7%  ev=+0.84  div=0.0062  redun=0.58 stall=0% pair=0.21 sync=+0.0034(19.5/k) ownGap=0.287 sps=19(16avg)
[it   16/103] ep_end= 99.7%(ended= 19)  pg=-0.0066  v=0.0455  ent=0.864  kl=+0.0131  clip=12.8%  ev=+0.67  div=0.0055  redun=0.58 stall=0% pair=0.23 sync=+0.0052(17.9/k) ownGap=0.303 sps=33(16avg)
[it   17/103] ep_end= 99.8%(ended= 41)  pg=-0.0051  v=0.0367  ent=0.898  kl=+0.0199  clip=14.8%  ev=+0.81  div=0.0060  redun=0.64 stall=0% pair=0.21 sync=+0.0045(19.2/k) ownGap=0.257 sps=19(17avg)
[it   18/103] ep_end= 99.6%(ended= 33)  pg=-0.0030  v=0.0293  ent=0.817  kl=+0.0165  clip=12.3%  ev=+0.78  div=0.0073  redun=0.58 stall=0% pair=0.22 sync=+0.0046(19.0/k) ownGap=0.282 sps=7(15avg)
[it   19/103] ep_end= 98.4%(ended= 21)  pg=-0.0039  v=0.0358  ent=0.833  kl=+0.0137  clip=12.3%  ev=+0.67  div=0.0054  redun=0.63 stall=0% pair=0.23 sync=+0.0051(17.8/k) ownGap=0.306 sps=16(15avg)
[it   20/103] ep_end= 98.9%(ended= 29)  pg=-0.0049  v=0.0297  ent=0.904  kl=+0.0189  clip=14.4%  ev=+0.81  div=0.0073  redun=0.69 stall=0% pair=0.22 sync=+0.0040(21.2/k) ownGap=0.248 sps=31(16avg)
[evalsuite it=  20] score=+0.441±0.068  auc=0.823  imbN=0.199  fair=0.831  conc=0.04  idle=0.88  ov=0.25  duty=0.13  succ=0.97  s90=280  nSync=17.6  syncGap=0.004  ownAUC=0.672  scoreOwn=+0.289
[ckpt] runs/v21_div_20260821_104706/ckpt_best.pt
[best] new best eval/score=+0.441 at it=20 → ckpt_best.pt
[it   21/103] ep_end= 99.7%(ended= 31)  pg=-0.0032  v=0.0376  ent=0.858  kl=+0.0192  clip=14.8%  ev=+0.68  div=0.0068  redun=0.61 stall=0% pair=0.22 sync=+0.0042(17.9/k) ownGap=0.294 sps=30(16avg)
[ckpt] runs/v21_div_20260821_104706/ckpt_020.pt
[eval] runs/v21_div_20260821_104706/eval_ckpt_020_m0.gif  map=425  final_explored=99.3%  frames=368
[trace] ckpt_020_m0  steps=369  explored=0.9927  → runs/v21_div_20260821_104706/traces/ckpt_020_m0
[eval] runs/v21_div_20260821_104706/eval_ckpt_020_m1.gif  map=318  final_explored=100.0%  frames=512
[trace] ckpt_020_m1  steps=512  explored=0.9998  → runs/v21_div_20260821_104706/traces/ckpt_020_m1
[it   22/103] ep_end= 99.9%(ended= 36)  pg=-0.0057  v=0.0487  ent=0.853  kl=+0.0129  clip=11.9%  ev=+0.72  div=0.0062  redun=0.57 stall=0% pair=0.21 sync=+0.0043(18.7/k) ownGap=0.315 sps=32(17avg)
[it   23/103] ep_end= 99.9%(ended= 27)  pg=-0.0064  v=0.0298  ent=0.836  kl=+0.0129  clip=11.3%  ev=+0.73  div=0.0058  redun=0.55 stall=0% pair=0.24 sync=+0.0046(15.7/k) ownGap=0.332 sps=32(17avg)
[it   24/103] ep_end= 99.7%(ended= 29)  pg=-0.0052  v=0.0282  ent=0.812  kl=+0.0145  clip=12.7%  ev=+0.78  div=0.0061  redun=0.61 stall=0% pair=0.23 sync=+0.0054(19.3/k) ownGap=0.289 sps=32(17avg)
[it   25/103] ep_end= 99.5%(ended= 25)  pg=-0.0050  v=0.0349  ent=0.802  kl=+0.0817  clip=12.3%  ev=+0.77  div=0.0058  redun=0.61 stall=0% pair=0.24 sync=+0.0050(19.6/k) ownGap=0.290 sps=33(18avg)
[it   26/103] ep_end= 99.8%(ended= 41)  pg=-0.0001  v=0.0414  ent=0.846  kl=+0.0397  clip=18.2%  ev=+0.80  div=0.0062  redun=0.63 stall=0% pair=0.20 sync=+0.0053(19.9/k) ownGap=0.263 sps=30(18avg)
[it   27/103] ep_end= 99.9%(ended= 30)  pg=-0.0061  v=0.1537  ent=0.772  kl=+0.1284  clip=6.4%  ev=+0.48  div=0.0066  redun=0.55 stall=0% pair=0.21 sync=+0.0041(18.7/k) ownGap=0.287 sps=6(17avg)
[it   28/103] ep_end= 99.6%(ended= 31)  pg=+0.0135  v=0.0426  ent=0.833  kl=+0.2016  clip=26.7%  ev=+0.76  div=0.0065  redun=0.64 stall=0% pair=0.21 sync=+0.0051(19.8/k) ownGap=0.256 sps=14(17avg)
[it   29/103] ep_end= 99.6%(ended= 30)  pg=-0.0070  v=0.0356  ent=0.841  kl=+0.0137  clip=12.0%  ev=+0.80  div=0.0048  redun=0.60 stall=0% pair=0.23 sync=+0.0039(15.9/k) ownGap=0.255 sps=33(17avg)
[it   30/103] ep_end= 99.9%(ended= 22)  pg=-0.0063  v=0.0347  ent=0.829  kl=+0.0102  clip=10.9%  ev=+0.72  div=0.0046  redun=0.56 stall=0% pair=0.24 sync=+0.0054(17.3/k) ownGap=0.314 sps=34(17avg)
[evalsuite it=  30] score=+0.415±0.066  auc=0.808  imbN=0.229  fair=0.815  conc=0.03  idle=0.89  ov=0.23  duty=0.10  succ=0.91  s90=306  nSync=16.0  syncGap=0.011  ownAUC=0.636  scoreOwn=+0.244
[it   31/103] ep_end= 99.8%(ended= 35)  pg=-0.0068  v=0.0550  ent=0.852  kl=+0.0124  clip=12.5%  ev=+0.74  div=0.0053  redun=0.62 stall=0% pair=0.20 sync=+0.0049(18.4/k) ownGap=0.281 sps=32(18avg)
[it   32/103] ep_end= 99.1%(ended= 32)  pg=-0.0054  v=0.0386  ent=0.803  kl=+0.0132  clip=11.0%  ev=+0.83  div=0.0056  redun=0.59 stall=0% pair=0.22 sync=+0.0050(17.8/k) ownGap=0.288 sps=32(18avg)
[it   33/103] ep_end= 99.1%(ended= 41)  pg=-0.0066  v=0.0387  ent=0.820  kl=+0.0141  clip=11.9%  ev=+0.81  div=0.0074  redun=0.61 stall=0% pair=0.19 sync=+0.0052(20.8/k) ownGap=0.261 sps=17(18avg)
[it   34/103] ep_end= 99.8%(ended= 23)  pg=-0.0057  v=0.0300  ent=0.851  kl=+0.0129  clip=12.3%  ev=+0.84  div=0.0047  redun=0.60 stall=0% pair=0.23 sync=+0.0040(18.9/k) ownGap=0.272 sps=31(18avg)
[it   35/103] ep_end= 99.5%(ended= 28)  pg=-0.0068  v=0.0442  ent=0.854  kl=+0.0132  clip=12.9%  ev=+0.77  div=0.0054  redun=0.65 stall=0% pair=0.23 sync=+0.0045(17.0/k) ownGap=0.275 sps=30(18avg)
[it   36/103] ep_end= 99.6%(ended= 28)  pg=-0.0060  v=0.0343  ent=0.829  kl=+0.0164  clip=13.3%  ev=+0.83  div=0.0052  redun=0.58 stall=0% pair=0.22 sync=+0.0048(17.1/k) ownGap=0.283 sps=21(18avg)
[it   37/103] ep_end= 99.2%(ended= 27)  pg=-0.0034  v=0.0321  ent=0.829  kl=+0.0149  clip=12.9%  ev=+0.84  div=0.0048  redun=0.63 stall=0% pair=0.24 sync=+0.0038(16.8/k) ownGap=0.277 sps=11(18avg)
[it   38/103] ep_end= 99.4%(ended= 28)  pg=-0.0039  v=0.0505  ent=0.825  kl=+0.0162  clip=14.2%  ev=+0.76  div=0.0050  redun=0.62 stall=0% pair=0.22 sync=+0.0052(19.2/k) ownGap=0.268 sps=19(18avg)
[it   39/103] ep_end= 99.7%(ended= 33)  pg=-0.0055  v=0.0379  ent=0.786  kl=+0.0187  clip=13.0%  ev=+0.78  div=0.0045  redun=0.60 stall=0% pair=0.23 sync=+0.0056(19.3/k) ownGap=0.272 sps=24(18avg)
[it   40/103] ep_end=100.0%(ended= 24)  pg=-0.0056  v=0.0301  ent=0.820  kl=+0.0190  clip=12.2%  ev=+0.77  div=0.0059  redun=0.59 stall=0% pair=0.24 sync=+0.0040(17.8/k) ownGap=0.288 sps=25(18avg)
[evalsuite it=  40] score=+0.408±0.087  auc=0.798  imbN=0.219  fair=0.802  conc=0.02  idle=0.91  ov=0.21  duty=0.09  succ=0.91  s90=320  nSync=17.8  syncGap=0.013  ownAUC=0.641  scoreOwn=+0.250
[it   41/103] ep_end= 99.7%(ended= 30)  pg=-0.0055  v=0.0338  ent=0.720  kl=+0.0163  clip=11.9%  ev=+0.80  div=0.0054  redun=0.57 stall=0% pair=0.25 sync=+0.0050(17.1/k) ownGap=0.301 sps=31(18avg)
[ckpt] runs/v21_div_20260821_104706/ckpt_040.pt
[eval] runs/v21_div_20260821_104706/eval_ckpt_040_m0.gif  map=255  final_explored=100.0%  frames=496
[trace] ckpt_040_m0  steps=512  explored=0.9896  → runs/v21_div_20260821_104706/traces/ckpt_040_m0
[eval] runs/v21_div_20260821_104706/eval_ckpt_040_m1.gif  map=134  final_explored=100.0%  frames=512
[trace] ckpt_040_m1  steps=512  explored=0.9358  → runs/v21_div_20260821_104706/traces/ckpt_040_m1
[it   42/103] ep_end=100.0%(ended= 31)  pg=-0.0054  v=0.0368  ent=0.780  kl=+0.0284  clip=13.1%  ev=+0.82  div=0.0058  redun=0.59 stall=0% pair=0.22 sync=+0.0054(18.8/k) ownGap=0.313 sps=12(18avg)
[it   43/103] ep_end= 99.8%(ended= 29)  pg=+0.0017  v=0.0489  ent=0.783  kl=+0.0317  clip=17.7%  ev=+0.72  div=0.0053  redun=0.60 stall=0% pair=0.22 sync=+0.0051(19.1/k) ownGap=0.301 sps=8(18avg)
[it   44/103] ep_end= 99.3%(ended= 31)  pg=-0.0055  v=0.0432  ent=0.806  kl=+0.0194  clip=13.0%  ev=+0.67  div=0.0049  redun=0.60 stall=0% pair=0.23 sync=+0.0041(16.8/k) ownGap=0.275 sps=6(17avg)
[it   45/103] ep_end= 99.3%(ended= 35)  pg=-0.0072  v=0.0414  ent=0.790  kl=+0.0141  clip=12.2%  ev=+0.71  div=0.0049  redun=0.61 stall=0% pair=0.20 sync=+0.0046(18.9/k) ownGap=0.265 sps=29(17avg)
[it   46/103] ep_end= 99.1%(ended= 30)  pg=-0.0049  v=0.0254  ent=0.741  kl=+0.0193  clip=12.8%  ev=+0.82  div=0.0048  redun=0.60 stall=0% pair=0.22 sync=+0.0049(19.0/k) ownGap=0.261 sps=30(17avg)
[it   47/103] ep_end= 99.9%(ended= 18)  pg=-0.0065  v=0.0423  ent=0.792  kl=+0.0179  clip=14.0%  ev=+0.66  div=0.0051  redun=0.65 stall=0% pair=0.24 sync=+0.0054(18.4/k) ownGap=0.256 sps=11(17avg)
[it   48/103] ep_end= 99.7%(ended= 30)  pg=-0.0059  v=0.0841  ent=0.865  kl=+0.0174  clip=14.7%  ev=+0.67  div=0.0056  redun=0.70 stall=0% pair=0.23 sync=+0.0042(18.4/k) ownGap=0.223 sps=31(17avg)
[it   49/103] ep_end= 99.7%(ended= 29)  pg=-0.0039  v=0.0320  ent=0.761  kl=+0.0192  clip=14.0%  ev=+0.78  div=0.0052  redun=0.57 stall=0% pair=0.23 sync=+0.0046(17.7/k) ownGap=0.275 sps=32(17avg)
[it   50/103] ep_end=100.0%(ended= 25)  pg=-0.0060  v=0.0374  ent=0.792  kl=+0.0181  clip=13.2%  ev=+0.65  div=0.0045  redun=0.57 stall=0% pair=0.25 sync=+0.0054(16.7/k) ownGap=0.295 sps=18(17avg)
[evalsuite it=  50] score=+0.370±0.098  auc=0.781  imbN=0.264  fair=0.757  conc=0.01  idle=0.93  ov=0.19  duty=0.08  succ=0.59  s90=351  nSync=16.6  syncGap=0.107  ownAUC=0.553  scoreOwn=+0.141
[it   51/103] ep_end= 99.9%(ended= 19)  pg=-0.0045  v=0.0319  ent=0.772  kl=+0.0160  clip=13.2%  ev=+0.67  div=0.0058  redun=0.61 stall=0% pair=0.25 sync=+0.0047(16.3/k) ownGap=0.283 sps=33(17avg)
[it   52/103] ep_end= 99.3%(ended= 27)  pg=-0.0044  v=0.0458  ent=0.826  kl=+0.0212  clip=15.6%  ev=+0.67  div=0.0050  redun=0.64 stall=0% pair=0.22 sync=+0.0045(18.7/k) ownGap=0.276 sps=30(18avg)
[it   53/103] ep_end=100.0%(ended= 33)  pg=-0.0085  v=0.0422  ent=0.831  kl=+0.0248  clip=12.3%  ev=+0.73  div=0.0055  redun=0.58 stall=0% pair=0.23 sync=+0.0036(17.4/k) ownGap=0.284 sps=32(18avg)
[it   54/103] ep_end= 99.8%(ended= 35)  pg=-0.0041  v=0.0407  ent=0.789  kl=+0.0276  clip=14.6%  ev=+0.66  div=0.0043  redun=0.57 stall=0% pair=0.21 sync=+0.0058(17.9/k) ownGap=0.289 sps=10(17avg)
[it   55/103] ep_end= 99.3%(ended= 22)  pg=+0.0021  v=0.2037  ent=0.795  kl=+0.0102  clip=11.6%  ev=+0.39  div=0.0046  redun=0.63 stall=0% pair=0.24 sync=+0.0044(17.1/k) ownGap=0.268 sps=8(17avg)
[it   56/103] ep_end= 99.7%(ended= 31)  pg=-0.0043  v=0.0340  ent=0.796  kl=+0.0204  clip=14.0%  ev=+0.82  div=0.0046  redun=0.65 stall=0% pair=0.22 sync=+0.0044(16.8/k) ownGap=0.235 sps=9(17avg)
[it   57/103] ep_end= 99.6%(ended= 21)  pg=-0.0049  v=0.0324  ent=0.784  kl=+0.0209  clip=14.4%  ev=+0.71  div=0.0045  redun=0.64 stall=0% pair=0.23 sync=+0.0051(18.5/k) ownGap=0.262 sps=8(17avg)
[it   58/103] ep_end= 99.6%(ended= 34)  pg=-0.0057  v=0.0436  ent=0.791  kl=+0.0197  clip=13.5%  ev=+0.71  div=0.0062  redun=0.59 stall=0% pair=0.22 sync=+0.0050(19.3/k) ownGap=0.283 sps=6(16avg)
[it   59/103] ep_end= 99.0%(ended= 28)  pg=-0.0065  v=0.0331  ent=0.812  kl=+0.0172  clip=13.4%  ev=+0.76  div=0.0055  redun=0.61 stall=0% pair=0.22 sync=+0.0050(18.8/k) ownGap=0.281 sps=21(16avg)
[it   60/103] ep_end= 99.8%(ended= 28)  pg=-0.0038  v=0.0291  ent=0.794  kl=+0.0232  clip=14.7%  ev=+0.82  div=0.0043  redun=0.57 stall=0% pair=0.24 sync=+0.0043(16.9/k) ownGap=0.272 sps=33(16avg)
[evalsuite it=  60] score=+0.339±0.115  auc=0.764  imbN=0.292  fair=0.731  conc=0.01  idle=0.93  ov=0.18  duty=0.08  succ=0.66  s90=382  nSync=15.8  syncGap=0.141  ownAUC=0.488  scoreOwn=+0.063
[it   61/103] ep_end= 99.6%(ended= 32)  pg=-0.0065  v=0.0456  ent=0.854  kl=+0.0177  clip=14.9%  ev=+0.79  div=0.0050  redun=0.62 stall=0% pair=0.23 sync=+0.0051(19.8/k) ownGap=0.320 sps=32(16avg)
[it   62/103] ep_end=100.0%(ended= 31)  pg=-0.0021  v=0.0777  ent=0.861  kl=+0.0264  clip=18.7%  ev=+0.77  div=0.0060  redun=0.59 stall=0% pair=0.21 sync=+0.0034(20.2/k) ownGap=0.282 sps=33(17avg)
[ckpt] runs/v21_div_20260821_104706/ckpt_060.pt
[eval] runs/v21_div_20260821_104706/eval_ckpt_060_m0.gif  map=153  final_explored=100.0%  frames=396
[trace] ckpt_060_m0  steps=416  explored=1.0  → runs/v21_div_20260821_104706/traces/ckpt_060_m0
[eval] runs/v21_div_20260821_104706/eval_ckpt_060_m1.gif  map=20  final_explored=96.6%  frames=512
[trace] ckpt_060_m1  steps=512  explored=0.9994  → runs/v21_div_20260821_104706/traces/ckpt_060_m1
[it   63/103] ep_end=100.0%(ended= 29)  pg=-0.0010  v=0.0313  ent=0.794  kl=+0.0363  clip=17.0%  ev=+0.81  div=0.0061  redun=0.58 stall=0% pair=0.23 sync=+0.0057(18.5/k) ownGap=0.288 sps=7(16avg)
[it   64/103] ep_end= 99.8%(ended= 28)  pg=-0.0063  v=0.0398  ent=0.866  kl=+0.0171  clip=13.8%  ev=+0.77  div=0.0040  redun=0.60 stall=0% pair=0.23 sync=+0.0047(17.3/k) ownGap=0.305 sps=6(16avg)
[it   65/103] ep_end= 99.9%(ended= 30)  pg=-0.0060  v=0.0361  ent=0.826  kl=+0.0146  clip=12.6%  ev=+0.79  div=0.0049  redun=0.59 stall=0% pair=0.22 sync=+0.0051(18.2/k) ownGap=0.325 sps=10(16avg)
[it   66/103] ep_end= 99.8%(ended= 30)  pg=-0.0045  v=0.0448  ent=0.846  kl=+0.0204  clip=15.5%  ev=+0.70  div=0.0041  redun=0.64 stall=0% pair=0.22 sync=+0.0055(19.3/k) ownGap=0.294 sps=7(15avg)
[it   67/103] ep_end= 99.5%(ended= 30)  pg=-0.0056  v=0.0467  ent=0.844  kl=+0.0144  clip=13.4%  ev=+0.72  div=0.0058  redun=0.64 stall=0% pair=0.22 sync=+0.0038(18.7/k) ownGap=0.253 sps=7(15avg)
[it   68/103] ep_end=100.0%(ended= 33)  pg=-0.0026  v=0.0630  ent=0.769  kl=+0.0119  clip=13.1%  ev=+0.70  div=0.0056  redun=0.58 stall=0% pair=0.22 sync=+0.0052(20.0/k) ownGap=0.290 sps=12(15avg)
[it   69/103] ep_end=100.0%(ended= 31)  pg=+0.0003  v=0.0549  ent=0.799  kl=+0.0323  clip=16.9%  ev=+0.79  div=0.0044  redun=0.57 stall=0% pair=0.23 sync=+0.0052(17.9/k) ownGap=0.313 sps=18(15avg)
[it   70/103] ep_end=100.0%(ended= 32)  pg=-0.0059  v=0.0478  ent=0.848  kl=+0.0104  clip=11.8%  ev=+0.75  div=0.0046  redun=0.60 stall=0% pair=0.24 sync=+0.0036(17.6/k) ownGap=0.288 sps=18(15avg)
[evalsuite it=  70] score=+0.407±0.098  auc=0.789  imbN=0.208  fair=0.809  conc=0.02  idle=0.91  ov=0.20  duty=0.08  succ=0.81  s90=334  nSync=16.4  syncGap=0.053  ownAUC=0.588  scoreOwn=+0.206
[it   71/103] ep_end=100.0%(ended= 32)  pg=-0.0056  v=0.0407  ent=0.754  kl=+0.0190  clip=13.1%  ev=+0.78  div=0.0054  redun=0.58 stall=0% pair=0.24 sync=+0.0044(19.2/k) ownGap=0.305 sps=6(15avg)
[it   72/103] ep_end=100.0%(ended= 28)  pg=-0.0057  v=0.0328  ent=0.813  kl=+0.0180  clip=13.6%  ev=+0.81  div=0.0050  redun=0.62 stall=0% pair=0.23 sync=+0.0048(19.5/k) ownGap=0.270 sps=16(15avg)
[it   73/103] ep_end= 99.9%(ended= 33)  pg=-0.0042  v=0.0391  ent=0.804  kl=+0.0172  clip=14.1%  ev=+0.81  div=0.0056  redun=0.64 stall=1% pair=0.22 sync=+0.0046(19.5/k) ownGap=0.264 sps=27(15avg)
[it   74/103] ep_end= 99.6%(ended= 29)  pg=-0.0058  v=0.0539  ent=0.868  kl=+0.0119  clip=11.9%  ev=+0.57  div=0.0051  redun=0.61 stall=0% pair=0.21 sync=+0.0043(18.8/k) ownGap=0.268 sps=33(15avg)
[it   75/103] ep_end= 99.8%(ended= 38)  pg=-0.0040  v=0.0347  ent=0.770  kl=+0.0213  clip=13.8%  ev=+0.84  div=0.0055  redun=0.56 stall=0% pair=0.22 sync=+0.0046(19.4/k) ownGap=0.297 sps=31(15avg)
[it   76/103] ep_end= 99.8%(ended= 33)  pg=-0.0053  v=0.0328  ent=0.739  kl=+0.0191  clip=13.1%  ev=+0.76  div=0.0046  redun=0.56 stall=0% pair=0.23 sync=+0.0048(17.5/k) ownGap=0.278 sps=34(15avg)
[it   77/103] ep_end= 99.4%(ended= 28)  pg=-0.0064  v=0.0310  ent=0.770  kl=+0.0154  clip=12.0%  ev=+0.77  div=0.0053  redun=0.60 stall=0% pair=0.22 sync=+0.0047(18.1/k) ownGap=0.279 sps=31(15avg)
[it   78/103] ep_end= 99.7%(ended= 20)  pg=+0.0017  v=0.0370  ent=0.787  kl=+0.0306  clip=17.4%  ev=+0.72  div=0.0042  redun=0.61 stall=0% pair=0.24 sync=+0.0041(14.7/k) ownGap=0.277 sps=32(15avg)
[it   79/103] ep_end= 99.1%(ended= 32)  pg=-0.0013  v=0.0398  ent=0.762  kl=+0.0343  clip=15.2%  ev=+0.75  div=0.0060  redun=0.64 stall=0% pair=0.22 sync=+0.0044(18.3/k) ownGap=0.268 sps=31(16avg)
[it   80/103] ep_end= 99.6%(ended= 28)  pg=-0.0040  v=0.0290  ent=0.751  kl=+0.0219  clip=12.9%  ev=+0.80  div=0.0052  redun=0.63 stall=0% pair=0.22 sync=+0.0054(20.6/k) ownGap=0.238 sps=32(16avg)
[evalsuite it=  80] score=+0.405±0.077  auc=0.790  imbN=0.220  fair=0.806  conc=0.02  idle=0.91  ov=0.19  duty=0.08  succ=0.84  s90=339  nSync=16.3  syncGap=0.063  ownAUC=0.569  scoreOwn=+0.184
[it   81/103] ep_end= 99.8%(ended= 24)  pg=-0.0067  v=0.0416  ent=0.851  kl=+0.0146  clip=13.0%  ev=+0.76  div=0.0058  redun=0.65 stall=0% pair=0.23 sync=+0.0058(21.1/k) ownGap=0.290 sps=32(16avg)
[it   82/103] ep_end= 99.9%(ended= 40)  pg=-0.0067  v=0.0462  ent=0.839  kl=+0.0140  clip=13.0%  ev=+0.79  div=0.0058  redun=0.61 stall=0% pair=0.21 sync=+0.0048(21.0/k) ownGap=0.284 sps=30(16avg)
[ckpt] runs/v21_div_20260821_104706/ckpt_080.pt
[eval] runs/v21_div_20260821_104706/eval_ckpt_080_m0.gif  map=37  final_explored=93.6%  frames=512
[trace] ckpt_080_m0  steps=512  explored=0.9996  → runs/v21_div_20260821_104706/traces/ckpt_080_m0
[eval] runs/v21_div_20260821_104706/eval_ckpt_080_m1.gif  map=8  final_explored=100.0%  frames=512
[trace] ckpt_080_m1  steps=512  explored=0.9867  → runs/v21_div_20260821_104706/traces/ckpt_080_m1
[it   83/103] ep_end=100.0%(ended= 32)  pg=-0.0075  v=0.0288  ent=0.761  kl=+0.0146  clip=11.3%  ev=+0.83  div=0.0051  redun=0.59 stall=0% pair=0.23 sync=+0.0049(18.9/k) ownGap=0.275 sps=30(16avg)
[it   84/103] ep_end= 99.7%(ended= 32)  pg=-0.0035  v=0.0260  ent=0.775  kl=+0.0184  clip=14.0%  ev=+0.86  div=0.0053  redun=0.61 stall=0% pair=0.23 sync=+0.0043(16.5/k) ownGap=0.278 sps=32(16avg)
[it   85/103] ep_end= 99.7%(ended= 28)  pg=-0.0060  v=0.0408  ent=0.791  kl=+0.0173  clip=14.0%  ev=+0.81  div=0.0054  redun=0.61 stall=0% pair=0.22 sync=+0.0051(17.8/k) ownGap=0.283 sps=32(16avg)
[it   86/103] ep_end= 99.9%(ended= 33)  pg=-0.0073  v=0.0367  ent=0.787  kl=+0.0147  clip=12.5%  ev=+0.82  div=0.0053  redun=0.63 stall=0% pair=0.21 sync=+0.0043(20.7/k) ownGap=0.270 sps=31(16avg)
[it   87/103] ep_end= 99.5%(ended= 35)  pg=-0.0044  v=0.0311  ent=0.811  kl=+0.0212  clip=14.0%  ev=+0.80  div=0.0049  redun=0.62 stall=0% pair=0.20 sync=+0.0048(20.6/k) ownGap=0.252 sps=31(16avg)
[it   88/103] ep_end= 99.7%(ended= 28)  pg=-0.0048  v=0.0263  ent=0.755  kl=+0.0293  clip=14.0%  ev=+0.79  div=0.0044  redun=0.62 stall=0% pair=0.23 sync=+0.0045(18.3/k) ownGap=0.253 sps=32(16avg)
[it   89/103] ep_end= 99.9%(ended= 29)  pg=-0.0065  v=0.0369  ent=0.790  kl=+0.0156  clip=13.0%  ev=+0.77  div=0.0043  redun=0.61 stall=0% pair=0.23 sync=+0.0042(18.0/k) ownGap=0.310 sps=33(16avg)
[it   90/103] ep_end= 99.9%(ended= 35)  pg=-0.0048  v=0.0483  ent=0.838  kl=+0.0159  clip=14.8%  ev=+0.75  div=0.0049  redun=0.59 stall=0% pair=0.22 sync=+0.0046(18.4/k) ownGap=0.307 sps=13(16avg)
[evalsuite it=  90] score=+0.365±0.100  auc=0.760  imbN=0.232  fair=0.777  conc=0.01  idle=0.95  ov=0.17  duty=0.07  succ=0.34  s90=410  nSync=16.0  syncGap=0.105  ownAUC=0.504  scoreOwn=+0.110
[it   91/103] ep_end= 99.7%(ended= 30)  pg=-0.0039  v=0.0437  ent=0.807  kl=+0.0190  clip=13.4%  ev=+0.77  div=0.0051  redun=0.59 stall=0% pair=0.22 sync=+0.0045(17.1/k) ownGap=0.270 sps=33(17avg)
[it   92/103] ep_end= 99.9%(ended= 22)  pg=-0.0008  v=0.0692  ent=0.827  kl=+0.0117  clip=13.2%  ev=+0.64  div=0.0047  redun=0.62 stall=0% pair=0.25 sync=+0.0048(17.6/k) ownGap=0.274 sps=11(16avg)
[it   93/103] ep_end=100.0%(ended= 35)  pg=-0.0053  v=0.0529  ent=0.817  kl=+0.0156  clip=12.9%  ev=+0.68  div=0.0059  redun=0.65 stall=0% pair=0.21 sync=+0.0045(20.4/k) ownGap=0.258 sps=31(17avg)
[it   94/103] ep_end= 99.8%(ended= 25)  pg=-0.0065  v=0.0273  ent=0.729  kl=+0.0156  clip=11.4%  ev=+0.81  div=0.0056  redun=0.59 stall=0% pair=0.23 sync=+0.0044(18.7/k) ownGap=0.262 sps=32(17avg)
[it   95/103] ep_end= 99.8%(ended= 27)  pg=-0.0069  v=0.0343  ent=0.747  kl=+0.0203  clip=12.5%  ev=+0.70  div=0.0061  redun=0.62 stall=0% pair=0.22 sync=+0.0053(19.4/k) ownGap=0.261 sps=31(17avg)
[it   96/103] ep_end= 99.7%(ended= 33)  pg=-0.0070  v=0.0369  ent=0.778  kl=+0.0134  clip=12.7%  ev=+0.78  div=0.0054  redun=0.65 stall=0% pair=0.21 sync=+0.0041(20.1/k) ownGap=0.264 sps=30(17avg)
[it   97/103] ep_end= 99.6%(ended= 32)  pg=-0.0052  v=0.0368  ent=0.791  kl=+0.0215  clip=14.7%  ev=+0.79  div=0.0059  redun=0.58 stall=0% pair=0.21 sync=+0.0044(21.8/k) ownGap=0.258 sps=16(17avg)
[it   98/103] ep_end= 99.7%(ended= 21)  pg=-0.0053  v=0.0303  ent=0.759  kl=+0.0219  clip=13.2%  ev=+0.68  div=0.0039  redun=0.58 stall=0% pair=0.26 sync=+0.0057(16.5/k) ownGap=0.302 sps=6(16avg)
[it   99/103] ep_end=100.0%(ended= 30)  pg=-0.0047  v=0.0355  ent=0.761  kl=+0.0196  clip=14.1%  ev=+0.78  div=0.0039  redun=0.62 stall=0% pair=0.24 sync=+0.0050(16.2/k) ownGap=0.302 sps=22(16avg)
[it  100/103] ep_end=100.0%(ended= 32)  pg=-0.0063  v=0.0309  ent=0.781  kl=+0.0177  clip=14.5%  ev=+0.80  div=0.0040  redun=0.61 stall=0% pair=0.23 sync=+0.0054(17.6/k) ownGap=0.285 sps=33(17avg)
[evalsuite it= 100] score=+0.409±0.087  auc=0.787  imbN=0.203  fair=0.815  conc=0.02  idle=0.92  ov=0.19  duty=0.07  succ=0.78  s90=338  nSync=16.4  syncGap=0.035  ownAUC=0.597  scoreOwn=+0.219
[it  101/103] ep_end= 99.6%(ended= 27)  pg=-0.0038  v=0.0423  ent=0.876  kl=+0.0207  clip=16.4%  ev=+0.73  div=0.0047  redun=0.63 stall=0% pair=0.23 sync=+0.0039(17.8/k) ownGap=0.268 sps=29(17avg)
[it  102/103] ep_end= 99.9%(ended= 28)  pg=-0.0053  v=0.0238  ent=0.711  kl=+0.0193  clip=12.6%  ev=+0.81  div=0.0044  redun=0.55 stall=0% pair=0.25 sync=+0.0042(15.1/k) ownGap=0.280 sps=6(16avg)
[it  103/103] ep_end= 99.5%(ended= 22)  pg=-0.0053  v=0.0319  ent=0.756  kl=+0.0202  clip=14.4%  ev=+0.68  div=0.0047  redun=0.61 stall=0% pair=0.24 sync=+0.0059(17.7/k) ownGap=0.287 sps=6(16avg)
[evalsuite it= 103] score=+0.390±0.092  auc=0.785  imbN=0.233  fair=0.781  conc=0.02  idle=0.92  ov=0.20  duty=0.07  succ=0.78  s90=344  nSync=17.6  syncGap=0.029  ownAUC=0.582  scoreOwn=+0.187
[ckpt] runs/v21_div_20260821_104706/ckpt_100.pt
[eval] runs/v21_div_20260821_104706/eval_ckpt_100_m0.gif  map=87  final_explored=63.3%  frames=512
[trace] ckpt_100_m0  steps=512  explored=0.6326  → runs/v21_div_20260821_104706/traces/ckpt_100_m0
[eval] runs/v21_div_20260821_104706/eval_ckpt_100_m1.gif  map=406  final_explored=95.2%  frames=512
[trace] ckpt_100_m1  steps=462  explored=0.9999  → runs/v21_div_20260821_104706/traces/ckpt_100_m1
[done] runs/v21_div_20260821_104706/final.pt
V21 DONE -> runs/v21_div_20260821_104706
